Build started 2/25/2026 10:48:52 AM.
     1>Project "C:\Users\la6ke\Projects\ATTENDING\backend\ATTENDING.Backend.sln" on node 1 (VSTest target(s)).
     1>ValidateSolutionConfiguration:
         Building solution configuration "Debug|Any CPU".
     1>Project "C:\Users\la6ke\Projects\ATTENDING\backend\ATTENDING.Backend.sln" (1) is building "C:\Users\la6ke\Projects\ATTENDING\backend\tests\ATTENDING.Domain.Tests\ATTENDING.Domain.Tests.csproj" (6) on node 5 (VSTest target(s)).
     6>BuildProject:
         Build started, please wait...
     1>Project "C:\Users\la6ke\Projects\ATTENDING\backend\ATTENDING.Backend.sln" (1) is building "C:\Users\la6ke\Projects\ATTENDING\backend\tests\ATTENDING.Integration.Tests\ATTENDING.Integration.Tests.csproj" (8) on node 2 (VSTest target(s)).
     8>BuildProject:
         Build started, please wait...
     6>Project "C:\Users\la6ke\Projects\ATTENDING\backend\tests\ATTENDING.Domain.Tests\ATTENDING.Domain.Tests.csproj" (6) is building "C:\Users\la6ke\Projects\ATTENDING\backend\tests\ATTENDING.Domain.Tests\ATTENDING.Domain.Tests.csproj" (6:2) on node 5 (default targets).
   6:2>Project "C:\Users\la6ke\Projects\ATTENDING\backend\tests\ATTENDING.Domain.Tests\ATTENDING.Domain.Tests.csproj" (6:2) is building "C:\Users\la6ke\Projects\ATTENDING\backend\src\ATTENDING.Domain\ATTENDING.Domain.csproj" (2:3) on node 1 (default targets).
     2>GenerateTargetFrameworkMonikerAttribute:
       Skipping target "GenerateTargetFrameworkMonikerAttribute" because all output files are up-to-date with respect to the input files.
       CoreGenerateAssemblyInfo:
       Skipping target "CoreGenerateAssemblyInfo" because all output files are up-to-date with respect to the input files.
     8>Project "C:\Users\la6ke\Projects\ATTENDING\backend\tests\ATTENDING.Integration.Tests\ATTENDING.Integration.Tests.csproj" (8) is building "C:\Users\la6ke\Projects\ATTENDING\backend\tests\ATTENDING.Integration.Tests\ATTENDING.Integration.Tests.csproj" (8:2) on node 2 (default targets).
   8:2>Project "C:\Users\la6ke\Projects\ATTENDING\backend\tests\ATTENDING.Integration.Tests\ATTENDING.Integration.Tests.csproj" (8:2) is building "C:\Users\la6ke\Projects\ATTENDING\backend\src\ATTENDING.Contracts\ATTENDING.Contracts.csproj" (3:3) on node 4 (default targets).
     3>GenerateTargetFrameworkMonikerAttribute:
       Skipping target "GenerateTargetFrameworkMonikerAttribute" because all output files are up-to-date with respect to the input files.
     2>_GenerateSourceLinkFile:
         Source Link file 'obj\Debug\net8.0\ATTENDING.Domain.sourcelink.json' is up-to-date.
       CoreCompile:
       Skipping target "CoreCompile" because all output files are up-to-date with respect to the input files.
       GenerateBuildDependencyFile:
       Skipping target "GenerateBuildDependencyFile" because all output files are up-to-date with respect to the input files.
       CopyFilesToOutputDirectory:
         ATTENDING.Domain -> C:\Users\la6ke\Projects\ATTENDING\backend\src\ATTENDING.Domain\bin\Debug\net8.0\ATTENDING.Domain.dll
     2>Done Building Project "C:\Users\la6ke\Projects\ATTENDING\backend\src\ATTENDING.Domain\ATTENDING.Domain.csproj" (default targets).
     3>CoreGenerateAssemblyInfo:
       Skipping target "CoreGenerateAssemblyInfo" because all output files are up-to-date with respect to the input files.
       _GenerateSourceLinkFile:
         Source Link file 'obj\Debug\net8.0\ATTENDING.Contracts.sourcelink.json' is up-to-date.
       CoreCompile:
       Skipping target "CoreCompile" because all output files are up-to-date with respect to the input files.
       GenerateBuildDependencyFile:
       Skipping target "GenerateBuildDependencyFile" because all output files are up-to-date with respect to the input files.
       CopyFilesToOutputDirectory:
         ATTENDING.Contracts -> C:\Users\la6ke\Projects\ATTENDING\backend\src\ATTENDING.Contracts\bin\Debug\net8.0\ATTENDING.Contracts.dll
     3>Done Building Project "C:\Users\la6ke\Projects\ATTENDING\backend\src\ATTENDING.Contracts\ATTENDING.Contracts.csproj" (default targets).
     6>GenerateTargetFrameworkMonikerAttribute:
       Skipping target "GenerateTargetFrameworkMonikerAttribute" because all output files are up-to-date with respect to the input files.
   8:2>Project "C:\Users\la6ke\Projects\ATTENDING\backend\tests\ATTENDING.Integration.Tests\ATTENDING.Integration.Tests.csproj" (8:2) is building "C:\Users\la6ke\Projects\ATTENDING\backend\src\ATTENDING.Application\ATTENDING.Application.csproj" (4:3) on node 3 (default targets).
     4>GenerateTargetFrameworkMonikerAttribute:
       Skipping target "GenerateTargetFrameworkMonikerAttribute" because all output files are up-to-date with respect to the input files.
     6>CoreGenerateAssemblyInfo:
       Skipping target "CoreGenerateAssemblyInfo" because all output files are up-to-date with respect to the input files.
       _GenerateSourceLinkFile:
         Source Link file 'obj\Debug\net8.0\ATTENDING.Domain.Tests.sourcelink.json' is up-to-date.
     4>CoreGenerateAssemblyInfo:
       Skipping target "CoreGenerateAssemblyInfo" because all output files are up-to-date with respect to the input files.
     6>CoreCompile:
       Skipping target "CoreCompile" because all output files are up-to-date with respect to the input files.
       _CopyOutOfDateSourceItemsToOutputDirectory:
       Skipping target "_CopyOutOfDateSourceItemsToOutputDirectory" because all output files are up-to-date with respect to the input files.
     4>_GenerateSourceLinkFile:
         Source Link file 'obj\Debug\net8.0\ATTENDING.Application.sourcelink.json' is up-to-date.
     6>GenerateBuildDependencyFile:
       Skipping target "GenerateBuildDependencyFile" because all output files are up-to-date with respect to the input files.
       GenerateBuildRuntimeConfigurationFiles:
       Skipping target "GenerateBuildRuntimeConfigurationFiles" because all output files are up-to-date with respect to the input files.
       CopyFilesToOutputDirectory:
         ATTENDING.Domain.Tests -> C:\Users\la6ke\Projects\ATTENDING\backend\tests\ATTENDING.Domain.Tests\bin\Debug\net8.0\ATTENDING.Domain.Tests.dll
     4>CoreCompile:
       Skipping target "CoreCompile" because all output files are up-to-date with respect to the input files.
       GenerateBuildDependencyFile:
       Skipping target "GenerateBuildDependencyFile" because all output files are up-to-date with respect to the input files.
       CopyFilesToOutputDirectory:
         ATTENDING.Application -> C:\Users\la6ke\Projects\ATTENDING\backend\src\ATTENDING.Application\bin\Debug\net8.0\ATTENDING.Application.dll
     4>Done Building Project "C:\Users\la6ke\Projects\ATTENDING\backend\src\ATTENDING.Application\ATTENDING.Application.csproj" (default targets).
     6>Done Building Project "C:\Users\la6ke\Projects\ATTENDING\backend\tests\ATTENDING.Domain.Tests\ATTENDING.Domain.Tests.csproj" (default targets).
     6>BuildProject:
         Build completed.
         
Test run for C:\Users\la6ke\Projects\ATTENDING\backend\tests\ATTENDING.Domain.Tests\bin\Debug\net8.0\ATTENDING.Domain.Tests.dll (.NETCoreApp,Version=v8.0)
VSTest version 17.11.1 (x64)

   8:2>Project "C:\Users\la6ke\Projects\ATTENDING\backend\tests\ATTENDING.Integration.Tests\ATTENDING.Integration.Tests.csproj" (8:2) is building "C:\Users\la6ke\Projects\ATTENDING\backend\src\ATTENDING.Infrastructure\ATTENDING.Infrastructure.csproj" (5:3) on node 6 (default targets).
     5>GenerateTargetFrameworkMonikerAttribute:
       Skipping target "GenerateTargetFrameworkMonikerAttribute" because all output files are up-to-date with respect to the input files.
Starting test execution, please wait...
       CoreGenerateAssemblyInfo:
       Skipping target "CoreGenerateAssemblyInfo" because all output files are up-to-date with respect to the input files.
A total of 1 test files matched the specified pattern.
       _GenerateSourceLinkFile:
         Source Link file 'obj\Debug\net8.0\ATTENDING.Infrastructure.sourcelink.json' is up-to-date.
       CoreCompile:
         C:\Program Files\dotnet\dotnet.exe exec "C:\Program Files\dotnet\sdk\8.0.417\Roslyn\bincore\csc.dll" /noconfig /unsafe- /checked- /nowarn:1701,1702,1701,1702 /fullpaths /nostdlib+ /errorreport:prompt /warn:8 /define:TRACE;DEBUG;NET;NET8_0;NETCOREAPP;NET5_0_OR_GREATER;NET6_0_OR_GREATER;NET7_0_OR_GREATER;NET8_0_OR_GREATER;NETCOREAPP1_0_OR_GREATER;NETCOREAPP1_1_OR_GREATER;NETCOREAPP2_0_OR_GREATER;NETCOREAPP2_1_OR_GREATER;NETCOREAPP2_2_OR_GREATER;NETCOREAPP3_0_OR_GREATER;NETCOREAPP3_1_OR_GREATER /highentropyva+ /nullable:enable /reference:C:\Users\la6ke\Projects\ATTENDING\backend\src\ATTENDING.Application\obj\Debug\net8.0\ref\ATTENDING.Application.dll /reference:C:\Users\la6ke\Projects\ATTENDING\backend\src\ATTENDING.Contracts\obj\Debug\net8.0\ref\ATTENDING.Contracts.dll /reference:C:\Users\la6ke\Projects\ATTENDING\backend\src\ATTENDING.Domain\obj\Debug\net8.0\ref\ATTENDING.Domain.dll /reference:C:\Users\la6ke\.nuget\packages\automapper\12.0.1\lib\netstandard2.1\AutoMapper.dll /reference:C:\Users\la6ke\.nuget\packages\automapper.extensions.microsoft.dependencyinjection\12.0.1\lib\netstandard2.1\AutoMapper.Extensions.Microsoft.DependencyInjection.dll /reference:C:\Users\la6ke\.nuget\packages\azure.core\1.44.1\lib\net6.0\Azure.Core.dll /reference:C:\Users\la6ke\.nuget\packages\azure.identity\1.13.2\lib\net8.0\Azure.Identity.dll /reference:C:\Users\la6ke\.nuget\packages\azure.storage.blobs\12.19.1\lib\net6.0\Azure.Storage.Blobs.dll /reference:C:\Users\la6ke\.nuget\packages\azure.storage.common\12.18.1\lib\net6.0\Azure.Storage.Common.dll /reference:C:\Users\la6ke\.nuget\packages\fluentvalidation.dependencyinjectionextensions\11.9.0\lib\netstandard2.1\FluentValidation.DependencyInjectionExtensions.dll /reference:C:\Users\la6ke\.nuget\packages\fluentvalidation\11.9.0\lib\net8.0\FluentValidation.dll /reference:C:\Users\la6ke\.nuget\packages\aspnetcore.healthchecks.redis\8.0.1\lib\net6.0\HealthChecks.Redis.dll /reference:C:\Users\la6ke\.nuget\packages\aspnetcore.healthchecks.sqlserver\8.0.0\lib\netstandard2.0\HealthChecks.SqlServer.dll /reference:C:\Users\la6ke\.nuget\packages\mediatr.contracts\2.0.1\lib\netstandard2.0\MediatR.Contracts.dll /reference:C:\Users\la6ke\.nuget\packages\mediatr\12.2.0\lib\net6.0\MediatR.dll /reference:C:\Users\la6ke\.nuget\packages\microsoft.bcl.asyncinterfaces\6.0.0\lib\netstandard2.1\Microsoft.Bcl.AsyncInterfaces.dll /reference:"C:\Program Files\dotnet\packs\Microsoft.NETCore.App.Ref\8.0.23\ref\net8.0\Microsoft.CSharp.dll" /reference:C:\Users\la6ke\.nuget\packages\microsoft.data.sqlclient\5.1.1\ref\net6.0\Microsoft.Data.SqlClient.dll /reference:C:\Users\la6ke\.nuget\packages\microsoft.entityframeworkcore.abstractions\8.0.1\lib\net8.0\Microsoft.EntityFrameworkCore.Abstractions.dll /reference:C:\Users\la6ke\.nuget\packages\microsoft.entityframeworkcore\8.0.1\lib\net8.0\Microsoft.EntityFrameworkCore.dll /reference:C:\Users\la6ke\.nuget\packages\microsoft.entityframeworkcore.relational\8.0.1\lib\net8.0\Microsoft.EntityFrameworkCore.Relational.dll /reference:C:\Users\la6ke\.nuget\packages\microsoft.entityframeworkcore.sqlserver\8.0.1\lib\net8.0\Microsoft.EntityFrameworkCore.SqlServer.dll /reference:C:\Users\la6ke\.nuget\packages\microsoft.extensions.caching.abstractions\8.0.0\lib\net8.0\Microsoft.Extensions.Caching.Abstractions.dll /reference:C:\Users\la6ke\.nuget\packages\microsoft.extensions.caching.memory\8.0.0\lib\net8.0\Microsoft.Extensions.Caching.Memory.dll /reference:C:\Users\la6ke\.nuget\packages\microsoft.extensions.caching.stackexchangeredis\8.0.1\lib\net8.0\Microsoft.Extensions.Caching.StackExchangeRedis.dll /reference:C:\Users\la6ke\.nuget\packages\microsoft.extensions.configuration.abstractions\8.0.0\lib\net8.0\Microsoft.Extensions.Configuration.Abstractions.dll /reference:C:\Users\la6ke\.nuget\packages\microsoft.extensions.configuration.binder\8.0.0\lib\net8.0\Microsoft.Extensions.Configuration.Binder.dll /reference:C:\Users\la6ke\.nuget\packages\microsoft.extensions.configuration\8.0.0\lib\net8.0\Microsoft.Extensions.Configuration.dll /reference:C:\Users\la6ke\.nuget\packages\microsoft.extensions.configuration.fileextensions\8.0.1\lib\net8.0\Microsoft.Extensions.Configuration.FileExtensions.dll /reference:C:\Users\la6ke\.nuget\packages\microsoft.extensions.configuration.json\8.0.1\lib\net8.0\Microsoft.Extensions.Configuration.Json.dll /reference:C:\Users\la6ke\.nuget\packages\microsoft.extensions.dependencyinjection.abstractions\9.0.0\lib\net8.0\Microsoft.Extensions.DependencyInjection.Abstractions.dll /reference:C:\Users\la6ke\.nuget\packages\microsoft.extensions.dependencyinjection\8.0.1\lib\net8.0\Microsoft.Extensions.DependencyInjection.dll /reference:C:\Users\la6ke\.nuget\packages\microsoft.extensions.diagnostics.abstractions\8.0.1\lib\net8.0\Microsoft.Extensions.Diagnostics.Abstractions.dll /reference:C:\Users\la6ke\.nuget\packages\microsoft.extensions.diagnostics\8.0.1\lib\net8.0\Microsoft.Extensions.Diagnostics.dll /reference:C:\Users\la6ke\.nuget\packages\microsoft.extensions.diagnostics.healthchecks.abstractions\8.0.1\lib\net8.0\Microsoft.Extensions.Diagnostics.HealthChecks.Abstractions.dll /reference:C:\Users\la6ke\.nuget\packages\microsoft.extensions.diagnostics.healthchecks\8.0.1\lib\net8.0\Microsoft.Extensions.Diagnostics.HealthChecks.dll /reference:C:\Users\la6ke\.nuget\packages\microsoft.extensions.diagnostics.healthchecks.entityframeworkcore\8.0.1\lib\net8.0\Microsoft.Extensions.Diagnostics.HealthChecks.EntityFrameworkCore.dll /reference:C:\Users\la6ke\.nuget\packages\microsoft.extensions.fileproviders.abstractions\8.0.0\lib\net8.0\Microsoft.Extensions.FileProviders.Abstractions.dll /reference:C:\Users\la6ke\.nuget\packages\microsoft.extensions.fileproviders.physical\8.0.0\lib\net8.0\Microsoft.Extensions.FileProviders.Physical.dll /reference:C:\Users\la6ke\.nuget\packages\microsoft.extensions.filesystemglobbing\8.0.0\lib\net8.0\Microsoft.Extensions.FileSystemGlobbing.dll /reference:C:\Users\la6ke\.nuget\packages\microsoft.extensions.hosting.abstractions\8.0.0\lib\net8.0\Microsoft.Extensions.Hosting.Abstractions.dll /reference:C:\Users\la6ke\.nuget\packages\microsoft.extensions.http\8.0.1\lib\net8.0\Microsoft.Extensions.Http.dll /reference:C:\Users\la6ke\.nuget\packages\microsoft.extensions.logging.abstractions\8.0.2\lib\net8.0\Microsoft.Extensions.Logging.Abstractions.dll /reference:C:\Users\la6ke\.nuget\packages\microsoft.extensions.logging\8.0.1\lib\net8.0\Microsoft.Extensions.Logging.dll /reference:C:\Users\la6ke\.nuget\packages\microsoft.extensions.options.configurationextensions\8.0.0\lib\net8.0\Microsoft.Extensions.Options.ConfigurationExtensions.dll /reference:C:\Users\la6ke\.nuget\packages\microsoft.extensions.options\9.0.0\lib\net8.0\Microsoft.Extensions.Options.dll /reference:C:\Users\la6ke\.nuget\packages\microsoft.extensions.primitives\9.0.0\lib\net8.0\Microsoft.Extensions.Primitives.dll /reference:C:\Users\la6ke\.nuget\packages\microsoft.identity.client\4.67.2\lib\net8.0\Microsoft.Identity.Client.dll /reference:C:\Users\la6ke\.nuget\packages\microsoft.identity.client.extensions.msal\4.67.2\lib\net8.0\Microsoft.Identity.Client.Extensions.Msal.dll /reference:C:\Users\la6ke\.nuget\packages\microsoft.identitymodel.abstractions\6.35.0\lib\net6.0\Microsoft.IdentityModel.Abstractions.dll /reference:C:\Users\la6ke\.nuget\packages\microsoft.identitymodel.jsonwebtokens\6.24.0\lib\net6.0\Microsoft.IdentityModel.JsonWebTokens.dll /reference:C:\Users\la6ke\.nuget\packages\microsoft.identitymodel.logging\6.24.0\lib\net6.0\Microsoft.IdentityModel.Logging.dll /reference:C:\Users\la6ke\.nuget\packages\microsoft.identitymodel.protocols\6.24.0\lib\net6.0\Microsoft.IdentityModel.Protocols.dll /reference:C:\Users\la6ke\.nuget\packages\microsoft.identitymodel.protocols.openidconnect\6.24.0\lib\net6.0\Microsoft.IdentityModel.Protocols.OpenIdConnect.dll /reference:C:\Users\la6ke\.nuget\packages\microsoft.identitymodel.tokens\6.24.0\lib\net6.0\Microsoft.IdentityModel.Tokens.dll /reference:C:\Users\la6ke\.nuget\packages\microsoft.sqlserver.server\1.0.0\lib\netstandard2.0\Microsoft.SqlServer.Server.dll /reference:"C:\Program Files\dotnet\packs\Microsoft.NETCore.App.Ref\8.0.23\ref\net8.0\Microsoft.VisualBasic.Core.dll" /reference:"C:\Program Files\dotnet\packs\Microsoft.NETCore.App.Ref\8.0.23\ref\net8.0\Microsoft.VisualBasic.dll" /reference:"C:\Program Files\dotnet\packs\Microsoft.NETCore.App.Ref\8.0.23\ref\net8.0\Microsoft.Win32.Primitives.dll" /reference:"C:\Program Files\dotnet\packs\Microsoft.NETCore.App.Ref\8.0.23\ref\net8.0\Microsoft.Win32.Registry.dll" /reference:"C:\Program Files\dotnet\packs\Microsoft.NETCore.App.Ref\8.0.23\ref\net8.0\mscorlib.dll" /reference:"C:\Program Files\dotnet\packs\Microsoft.NETCore.App.Ref\8.0.23\ref\net8.0\netstandard.dll" /reference:C:\Users\la6ke\.nuget\packages\opentelemetry.api\1.10.0\lib\net8.0\OpenTelemetry.Api.dll /reference:C:\Users\la6ke\.nuget\packages\opentelemetry.api.providerbuilderextensions\1.10.0\lib\net8.0\OpenTelemetry.Api.ProviderBuilderExtensions.dll /reference:C:\Users\la6ke\.nuget\packages\opentelemetry.instrumentation.entityframeworkcore\1.0.0-beta.12\lib\netstandard2.0\OpenTelemetry.Instrumentation.EntityFrameworkCore.dll /reference:C:\Users\la6ke\.nuget\packages\opentelemetry.instrumentation.stackexchangeredis\1.10.0-beta.1\lib\net8.0\OpenTelemetry.Instrumentation.StackExchangeRedis.dll /reference:C:\Users\la6ke\.nuget\packages\pipelines.sockets.unofficial\2.2.8\lib\net5.0\Pipelines.Sockets.Unofficial.dll /reference:C:\Users\la6ke\.nuget\packages\stackexchange.redis\2.7.33\lib\net6.0\StackExchange.Redis.dll /reference:"C:\Program Files\dotnet\packs\Microsoft.NETCore.App.Ref\8.0.23\ref\net8.0\System.AppContext.dll" /reference:"C:\Program Files\dotnet\packs\Microsoft.NETCore.App.Ref\8.0.23\ref\net8.0\System.Buffers.dll" /reference:C:\Users\la6ke\.nuget\packages\system.clientmodel\1.1.0\lib\net6.0\System.ClientModel.dll /reference:"C:\Program Files\dotnet\packs\Microsoft.NETCore.App.Ref\8.0.23\ref\net8.0\System.Collections.Concurrent.dll" /reference:"C:\Program Files\dotnet\packs\Microsoft.NETCore.App.Ref\8.0.23\ref\net8.0\System.Collections.dll" /reference:"C:\Program Files\dotnet\packs\Microsoft.NETCore.App.Ref\8.0.23\ref\net8.0\System.Collections.Immutable.dll" /reference:"C:\Program Files\dotnet\packs\Microsoft.NETCore.App.Ref\8.0.23\ref\net8.0\System.Collections.NonGeneric.dll" /reference:"C:\Program Files\dotnet\packs\Microsoft.NETCore.App.Ref\8.0.23\ref\net8.0\System.Collections.Specialized.dll" /reference:"C:\Program Files\dotnet\packs\Microsoft.NETCore.App.Ref\8.0.23\ref\net8.0\System.ComponentModel.Annotations.dll" /reference:"C:\Program Files\dotnet\packs\Microsoft.NETCore.App.Ref\8.0.23\ref\net8.0\System.ComponentModel.DataAnnotations.dll" /reference:"C:\Program Files\dotnet\packs\Microsoft.NETCore.App.Ref\8.0.23\ref\net8.0\System.ComponentModel.dll" /reference:"C:\Program Files\dotnet\packs\Microsoft.NETCore.App.Ref\8.0.23\ref\net8.0\System.ComponentModel.EventBasedAsync.dll" /reference:"C:\Program Files\dotnet\packs\Microsoft.NETCore.App.Ref\8.0.23\ref\net8.0\System.ComponentModel.Primitives.dll" /reference:"C:\Program Files\dotnet\packs\Microsoft.NETCore.App.Ref\8.0.23\ref\net8.0\System.ComponentModel.TypeConverter.dll" /reference:"C:\Program Files\dotnet\packs\Microsoft.NETCore.App.Ref\8.0.23\ref\net8.0\System.Configuration.dll" /reference:"C:\Program Files\dotnet\packs\Microsoft.NETCore.App.Ref\8.0.23\ref\net8.0\System.Console.dll" /reference:"C:\Program Files\dotnet\packs\Microsoft.NETCore.App.Ref\8.0.23\ref\net8.0\System.Core.dll" /reference:"C:\Program Files\dotnet\packs\Microsoft.NETCore.App.Ref\8.0.23\ref\net8.0\System.Data.Common.dll" /reference:"C:\Program Files\dotnet\packs\Microsoft.NETCore.App.Ref\8.0.23\ref\net8.0\System.Data.DataSetExtensions.dll" /reference:"C:\Program Files\dotnet\packs\Microsoft.NETCore.App.Ref\8.0.23\ref\net8.0\System.Data.dll" /reference:"C:\Program Files\dotnet\packs\Microsoft.NETCore.App.Ref\8.0.23\ref\net8.0\System.Diagnostics.Contracts.dll" /reference:"C:\Program Files\dotnet\packs\Microsoft.NETCore.App.Ref\8.0.23\ref\net8.0\System.Diagnostics.Debug.dll" /reference:C:\Users\la6ke\.nuget\packages\system.diagnostics.diagnosticsource\9.0.0\lib\net8.0\System.Diagnostics.DiagnosticSource.dll /reference:"C:\Program Files\dotnet\packs\Microsoft.NETCore.App.Ref\8.0.23\ref\net8.0\System.Diagnostics.FileVersionInfo.dll" /reference:"C:\Program Files\dotnet\packs\Microsoft.NETCore.App.Ref\8.0.23\ref\net8.0\System.Diagnostics.Process.dll" /reference:"C:\Program Files\dotnet\packs\Microsoft.NETCore.App.Ref\8.0.23\ref\net8.0\System.Diagnostics.StackTrace.dll" /reference:"C:\Program Files\dotnet\packs\Microsoft.NETCore.App.Ref\8.0.23\ref\net8.0\System.Diagnostics.TextWriterTraceListener.dll" /reference:"C:\Program Files\dotnet\packs\Microsoft.NETCore.App.Ref\8.0.23\ref\net8.0\System.Diagnostics.Tools.dll" /reference:"C:\Program Files\dotnet\packs\Microsoft.NETCore.App.Ref\8.0.23\ref\net8.0\System.Diagnostics.TraceSource.dll" /reference:"C:\Program Files\dotnet\packs\Microsoft.NETCore.App.Ref\8.0.23\ref\net8.0\System.Diagnostics.Tracing.dll" /reference:"C:\Program Files\dotnet\packs\Microsoft.NETCore.App.Ref\8.0.23\ref\net8.0\System.dll" /reference:"C:\Program Files\dotnet\packs\Microsoft.NETCore.App.Ref\8.0.23\ref\net8.0\System.Drawing.dll" /reference:"C:\Program Files\dotnet\packs\Microsoft.NETCore.App.Ref\8.0.23\ref\net8.0\System.Drawing.Primitives.dll" /reference:"C:\Program Files\dotnet\packs\Microsoft.NETCore.App.Ref\8.0.23\ref\net8.0\System.Dynamic.Runtime.dll" /reference:"C:\Program Files\dotnet\packs\Microsoft.NETCore.App.Ref\8.0.23\ref\net8.0\System.Formats.Asn1.dll" /reference:"C:\Program Files\dotnet\packs\Microsoft.NETCore.App.Ref\8.0.23\ref\net8.0\System.Formats.Tar.dll" /reference:"C:\Program Files\dotnet\packs\Microsoft.NETCore.App.Ref\8.0.23\ref\net8.0\System.Globalization.Calendars.dll" /reference:"C:\Program Files\dotnet\packs\Microsoft.NETCore.App.Ref\8.0.23\ref\net8.0\System.Globalization.dll" /reference:"C:\Program Files\dotnet\packs\Microsoft.NETCore.App.Ref\8.0.23\ref\net8.0\System.Globalization.Extensions.dll" /reference:C:\Users\la6ke\.nuget\packages\system.identitymodel.tokens.jwt\6.24.0\lib\net6.0\System.IdentityModel.Tokens.Jwt.dll /reference:"C:\Program Files\dotnet\packs\Microsoft.NETCore.App.Ref\8.0.23\ref\net8.0\System.IO.Compression.Brotli.dll" /reference:"C:\Program Files\dotnet\packs\Microsoft.NETCore.App.Ref\8.0.23\ref\net8.0\System.IO.Compression.dll" /reference:"C:\Program Files\dotnet\packs\Microsoft.NETCore.App.Ref\8.0.23\ref\net8.0\System.IO.Compression.FileSystem.dll" /reference:"C:\Program Files\dotnet\packs\Microsoft.NETCore.App.Ref\8.0.23\ref\net8.0\System.IO.Compression.ZipFile.dll" /reference:"C:\Program Files\dotnet\packs\Microsoft.NETCore.App.Ref\8.0.23\ref\net8.0\System.IO.dll" /reference:"C:\Program Files\dotnet\packs\Microsoft.NETCore.App.Ref\8.0.23\ref\net8.0\System.IO.FileSystem.AccessControl.dll" /reference:"C:\Program Files\dotnet\packs\Microsoft.NETCore.App.Ref\8.0.23\ref\net8.0\System.IO.FileSystem.dll" /reference:"C:\Program Files\dotnet\packs\Microsoft.NETCore.App.Ref\8.0.23\ref\net8.0\System.IO.FileSystem.DriveInfo.dll" /reference:"C:\Program Files\dotnet\packs\Microsoft.NETCore.App.Ref\8.0.23\ref\net8.0\System.IO.FileSystem.Primitives.dll" /reference:"C:\Program Files\dotnet\packs\Microsoft.NETCore.App.Ref\8.0.23\ref\net8.0\System.IO.FileSystem.Watcher.dll" /reference:C:\Users\la6ke\.nuget\packages\system.io.hashing\6.0.0\lib\net6.0\System.IO.Hashing.dll /reference:"C:\Program Files\dotnet\packs\Microsoft.NETCore.App.Ref\8.0.23\ref\net8.0\System.IO.IsolatedStorage.dll" /reference:"C:\Program Files\dotnet\packs\Microsoft.NETCore.App.Ref\8.0.23\ref\net8.0\System.IO.MemoryMappedFiles.dll" /reference:C:\Users\la6ke\.nuget\packages\system.io.pipelines\6.0.3\lib\net6.0\System.IO.Pipelines.dll /reference:"C:\Program Files\dotnet\packs\Microsoft.NETCore.App.Ref\8.0.23\ref\net8.0\System.IO.Pipes.AccessControl.dll" /reference:"C:\Program Files\dotnet\packs\Microsoft.NETCore.App.Ref\8.0.23\ref\net8.0\System.IO.Pipes.dll" /reference:"C:\Program Files\dotnet\packs\Microsoft.NETCore.App.Ref\8.0.23\ref\net8.0\System.IO.UnmanagedMemoryStream.dll" /reference:"C:\Program Files\dotnet\packs\Microsoft.NETCore.App.Ref\8.0.23\ref\net8.0\System.Linq.dll" /reference:"C:\Program Files\dotnet\packs\Microsoft.NETCore.App.Ref\8.0.23\ref\net8.0\System.Linq.Expressions.dll" /reference:"C:\Program Files\dotnet\packs\Microsoft.NETCore.App.Ref\8.0.23\ref\net8.0\System.Linq.Parallel.dll" /reference:"C:\Program Files\dotnet\packs\Microsoft.NETCore.App.Ref\8.0.23\ref\net8.0\System.Linq.Queryable.dll" /reference:C:\Users\la6ke\.nuget\packages\system.memory.data\6.0.0\lib\net6.0\System.Memory.Data.dll /reference:"C:\Program Files\dotnet\packs\Microsoft.NETCore.App.Ref\8.0.23\ref\net8.0\System.Memory.dll" /reference:"C:\Program Files\dotnet\packs\Microsoft.NETCore.App.Ref\8.0.23\ref\net8.0\System.Net.dll" /reference:"C:\Program Files\dotnet\packs\Microsoft.NETCore.App.Ref\8.0.23\ref\net8.0\System.Net.Http.dll" /reference:"C:\Program Files\dotnet\packs\Microsoft.NETCore.App.Ref\8.0.23\ref\net8.0\System.Net.Http.Json.dll" /reference:"C:\Program Files\dotnet\packs\Microsoft.NETCore.App.Ref\8.0.23\ref\net8.0\System.Net.HttpListener.dll" /reference:"C:\Program Files\dotnet\packs\Microsoft.NETCore.App.Ref\8.0.23\ref\net8.0\System.Net.Mail.dll" /reference:"C:\Program Files\dotnet\packs\Microsoft.NETCore.App.Ref\8.0.23\ref\net8.0\System.Net.NameResolution.dll" /reference:"C:\Program Files\dotnet\packs\Microsoft.NETCore.App.Ref\8.0.23\ref\net8.0\System.Net.NetworkInformation.dll" /reference:"C:\Program Files\dotnet\packs\Microsoft.NETCore.App.Ref\8.0.23\ref\net8.0\System.Net.Ping.dll" /reference:"C:\Program Files\dotnet\packs\Microsoft.NETCore.App.Ref\8.0.23\ref\net8.0\System.Net.Primitives.dll" /reference:"C:\Program Files\dotnet\packs\Microsoft.NETCore.App.Ref\8.0.23\ref\net8.0\System.Net.Quic.dll" /reference:"C:\Program Files\dotnet\packs\Microsoft.NETCore.App.Ref\8.0.23\ref\net8.0\System.Net.Requests.dll" /reference:"C:\Program Files\dotnet\packs\Microsoft.NETCore.App.Ref\8.0.23\ref\net8.0\System.Net.Security.dll" /reference:"C:\Program Files\dotnet\packs\Microsoft.NETCore.App.Ref\8.0.23\ref\net8.0\System.Net.ServicePoint.dll" /reference:"C:\Program Files\dotnet\packs\Microsoft.NETCore.App.Ref\8.0.23\ref\net8.0\System.Net.Sockets.dll" /reference:"C:\Program Files\dotnet\packs\Microsoft.NETCore.App.Ref\8.0.23\ref\net8.0\System.Net.WebClient.dll" /reference:"C:\Program Files\dotnet\packs\Microsoft.NETCore.App.Ref\8.0.23\ref\net8.0\System.Net.WebHeaderCollection.dll" /reference:"C:\Program Files\dotnet\packs\Microsoft.NETCore.App.Ref\8.0.23\ref\net8.0\System.Net.WebProxy.dll" /reference:"C:\Program Files\dotnet\packs\Microsoft.NETCore.App.Ref\8.0.23\ref\net8.0\System.Net.WebSockets.Client.dll" /reference:"C:\Program Files\dotnet\packs\Microsoft.NETCore.App.Ref\8.0.23\ref\net8.0\System.Net.WebSockets.dll" /reference:"C:\Program Files\dotnet\packs\Microsoft.NETCore.App.Ref\8.0.23\ref\net8.0\System.Numerics.dll" /reference:"C:\Program Files\dotnet\packs\Microsoft.NETCore.App.Ref\8.0.23\ref\net8.0\System.Numerics.Vectors.dll" /reference:"C:\Program Files\dotnet\packs\Microsoft.NETCore.App.Ref\8.0.23\ref\net8.0\System.ObjectModel.dll" /reference:"C:\Program Files\dotnet\packs\Microsoft.NETCore.App.Ref\8.0.23\ref\net8.0\System.Reflection.DispatchProxy.dll" /reference:"C:\Program Files\dotnet\packs\Microsoft.NETCore.App.Ref\8.0.23\ref\net8.0\System.Reflection.dll" /reference:"C:\Program Files\dotnet\packs\Microsoft.NETCore.App.Ref\8.0.23\ref\net8.0\System.Reflection.Emit.dll" /reference:"C:\Program Files\dotnet\packs\Microsoft.NETCore.App.Ref\8.0.23\ref\net8.0\System.Reflection.Emit.ILGeneration.dll" /reference:"C:\Program Files\dotnet\packs\Microsoft.NETCore.App.Ref\8.0.23\ref\net8.0\System.Reflection.Emit.Lightweight.dll" /reference:"C:\Program Files\dotnet\packs\Microsoft.NETCore.App.Ref\8.0.23\ref\net8.0\System.Reflection.Extensions.dll" /reference:"C:\Program Files\dotnet\packs\Microsoft.NETCore.App.Ref\8.0.23\ref\net8.0\System.Reflection.Metadata.dll" /reference:"C:\Program Files\dotnet\packs\Microsoft.NETCore.App.Ref\8.0.23\ref\net8.0\System.Reflection.Primitives.dll" /reference:"C:\Program Files\dotnet\packs\Microsoft.NETCore.App.Ref\8.0.23\ref\net8.0\System.Reflection.TypeExtensions.dll" /reference:"C:\Program Files\dotnet\packs\Microsoft.NETCore.App.Ref\8.0.23\ref\net8.0\System.Resources.Reader.dll" /reference:"C:\Program Files\dotnet\packs\Microsoft.NETCore.App.Ref\8.0.23\ref\net8.0\System.Resources.ResourceManager.dll" /reference:"C:\Program Files\dotnet\packs\Microsoft.NETCore.App.Ref\8.0.23\ref\net8.0\System.Resources.Writer.dll" /reference:"C:\Program Files\dotnet\packs\Microsoft.NETCore.App.Ref\8.0.23\ref\net8.0\System.Runtime.CompilerServices.Unsafe.dll" /reference:"C:\Program Files\dotnet\packs\Microsoft.NETCore.App.Ref\8.0.23\ref\net8.0\System.Runtime.CompilerServices.VisualC.dll" /reference:"C:\Program Files\dotnet\packs\Microsoft.NETCore.App.Ref\8.0.23\ref\net8.0\System.Runtime.dll" /reference:"C:\Program Files\dotnet\packs\Microsoft.NETCore.App.Ref\8.0.23\ref\net8.0\System.Runtime.Extensions.dll" /reference:"C:\Program Files\dotnet\packs\Microsoft.NETCore.App.Ref\8.0.23\ref\net8.0\System.Runtime.Handles.dll" /reference:"C:\Program Files\dotnet\packs\Microsoft.NETCore.App.Ref\8.0.23\ref\net8.0\System.Runtime.InteropServices.dll" /reference:"C:\Program Files\dotnet\packs\Microsoft.NETCore.App.Ref\8.0.23\ref\net8.0\System.Runtime.InteropServices.JavaScript.dll" /reference:"C:\Program Files\dotnet\packs\Microsoft.NETCore.App.Ref\8.0.23\ref\net8.0\System.Runtime.InteropServices.RuntimeInformation.dll" /reference:"C:\Program Files\dotnet\packs\Microsoft.NETCore.App.Ref\8.0.23\ref\net8.0\System.Runtime.Intrinsics.dll" /reference:"C:\Program Files\dotnet\packs\Microsoft.NETCore.App.Ref\8.0.23\ref\net8.0\System.Runtime.Loader.dll" /reference:"C:\Program Files\dotnet\packs\Microsoft.NETCore.App.Ref\8.0.23\ref\net8.0\System.Runtime.Numerics.dll" /reference:"C:\Program Files\dotnet\packs\Microsoft.NETCore.App.Ref\8.0.23\ref\net8.0\System.Runtime.Serialization.dll" /reference:"C:\Program Files\dotnet\packs\Microsoft.NETCore.App.Ref\8.0.23\ref\net8.0\System.Runtime.Serialization.Formatters.dll" /reference:"C:\Program Files\dotnet\packs\Microsoft.NETCore.App.Ref\8.0.23\ref\net8.0\System.Runtime.Serialization.Json.dll" /reference:"C:\Program Files\dotnet\packs\Microsoft.NETCore.App.Ref\8.0.23\ref\net8.0\System.Runtime.Serialization.Primitives.dll" /reference:"C:\Program Files\dotnet\packs\Microsoft.NETCore.App.Ref\8.0.23\ref\net8.0\System.Runtime.Serialization.Xml.dll" /reference:"C:\Program Files\dotnet\packs\Microsoft.NETCore.App.Ref\8.0.23\ref\net8.0\System.Security.AccessControl.dll" /reference:"C:\Program Files\dotnet\packs\Microsoft.NETCore.App.Ref\8.0.23\ref\net8.0\System.Security.Claims.dll" /reference:"C:\Program Files\dotnet\packs\Microsoft.NETCore.App.Ref\8.0.23\ref\net8.0\System.Security.Cryptography.Algorithms.dll" /reference:"C:\Program Files\dotnet\packs\Microsoft.NETCore.App.Ref\8.0.23\ref\net8.0\System.Security.Cryptography.Cng.dll" /reference:"C:\Program Files\dotnet\packs\Microsoft.NETCore.App.Ref\8.0.23\ref\net8.0\System.Security.Cryptography.Csp.dll" /reference:"C:\Program Files\dotnet\packs\Microsoft.NETCore.App.Ref\8.0.23\ref\net8.0\System.Security.Cryptography.dll" /reference:"C:\Program Files\dotnet\packs\Microsoft.NETCore.App.Ref\8.0.23\ref\net8.0\System.Security.Cryptography.Encoding.dll" /reference:"C:\Program Files\dotnet\packs\Microsoft.NETCore.App.Ref\8.0.23\ref\net8.0\System.Security.Cryptography.OpenSsl.dll" /reference:"C:\Program Files\dotnet\packs\Microsoft.NETCore.App.Ref\8.0.23\ref\net8.0\System.Security.Cryptography.Primitives.dll" /reference:C:\Users\la6ke\.nuget\packages\system.security.cryptography.protecteddata\6.0.0\lib\net6.0\System.Security.Cryptography.ProtectedData.dll /reference:"C:\Program Files\dotnet\packs\Microsoft.NETCore.App.Ref\8.0.23\ref\net8.0\System.Security.Cryptography.X509Certificates.dll" /reference:"C:\Program Files\dotnet\packs\Microsoft.NETCore.App.Ref\8.0.23\ref\net8.0\System.Security.dll" /reference:"C:\Program Files\dotnet\packs\Microsoft.NETCore.App.Ref\8.0.23\ref\net8.0\System.Security.Principal.dll" /reference:"C:\Program Files\dotnet\packs\Microsoft.NETCore.App.Ref\8.0.23\ref\net8.0\System.Security.Principal.Windows.dll" /reference:"C:\Program Files\dotnet\packs\Microsoft.NETCore.App.Ref\8.0.23\ref\net8.0\System.Security.SecureString.dll" /reference:"C:\Program Files\dotnet\packs\Microsoft.NETCore.App.Ref\8.0.23\ref\net8.0\System.ServiceModel.Web.dll" /reference:"C:\Program Files\dotnet\packs\Microsoft.NETCore.App.Ref\8.0.23\ref\net8.0\System.ServiceProcess.dll" /reference:"C:\Program Files\dotnet\packs\Microsoft.NETCore.App.Ref\8.0.23\ref\net8.0\System.Text.Encoding.CodePages.dll" /reference:"C:\Program Files\dotnet\packs\Microsoft.NETCore.App.Ref\8.0.23\ref\net8.0\System.Text.Encoding.dll" /reference:"C:\Program Files\dotnet\packs\Microsoft.NETCore.App.Ref\8.0.23\ref\net8.0\System.Text.Encoding.Extensions.dll" /reference:"C:\Program Files\dotnet\packs\Microsoft.NETCore.App.Ref\8.0.23\ref\net8.0\System.Text.Encodings.Web.dll" /reference:"C:\Program Files\dotnet\packs\Microsoft.NETCore.App.Ref\8.0.23\ref\net8.0\System.Text.Json.dll" /reference:"C:\Program Files\dotnet\packs\Microsoft.NETCore.App.Ref\8.0.23\ref\net8.0\System.Text.RegularExpressions.dll" /reference:"C:\Program Files\dotnet\packs\Microsoft.NETCore.App.Ref\8.0.23\ref\net8.0\System.Threading.Channels.dll" /reference:"C:\Program Files\dotnet\packs\Microsoft.NETCore.App.Ref\8.0.23\ref\net8.0\System.Threading.dll" /reference:"C:\Program Files\dotnet\packs\Microsoft.NETCore.App.Ref\8.0.23\ref\net8.0\System.Threading.Overlapped.dll" /reference:"C:\Program Files\dotnet\packs\Microsoft.NETCore.App.Ref\8.0.23\ref\net8.0\System.Threading.Tasks.Dataflow.dll" /reference:"C:\Program Files\dotnet\packs\Microsoft.NETCore.App.Ref\8.0.23\ref\net8.0\System.Threading.Tasks.dll" /reference:"C:\Program Files\dotnet\packs\Microsoft.NETCore.App.Ref\8.0.23\ref\net8.0\System.Threading.Tasks.Extensions.dll" /reference:"C:\Program Files\dotnet\packs\Microsoft.NETCore.App.Ref\8.0.23\ref\net8.0\System.Threading.Tasks.Parallel.dll" /reference:"C:\Program Files\dotnet\packs\Microsoft.NETCore.App.Ref\8.0.23\ref\net8.0\System.Threading.Thread.dll" /reference:"C:\Program Files\dotnet\packs\Microsoft.NETCore.App.Ref\8.0.23\ref\net8.0\System.Threading.ThreadPool.dll" /reference:"C:\Program Files\dotnet\packs\Microsoft.NETCore.App.Ref\8.0.23\ref\net8.0\System.Threading.Timer.dll" /reference:"C:\Program Files\dotnet\packs\Microsoft.NETCore.App.Ref\8.0.23\ref\net8.0\System.Transactions.dll" /reference:"C:\Program Files\dotnet\packs\Microsoft.NETCore.App.Ref\8.0.23\ref\net8.0\System.Transactions.Local.dll" /reference:"C:\Program Files\dotnet\packs\Microsoft.NETCore.App.Ref\8.0.23\ref\net8.0\System.ValueTuple.dll" /reference:"C:\Program Files\dotnet\packs\Microsoft.NETCore.App.Ref\8.0.23\ref\net8.0\System.Web.dll" /reference:"C:\Program Files\dotnet\packs\Microsoft.NETCore.App.Ref\8.0.23\ref\net8.0\System.Web.HttpUtility.dll" /reference:"C:\Program Files\dotnet\packs\Microsoft.NETCore.App.Ref\8.0.23\ref\net8.0\System.Windows.dll" /reference:"C:\Program Files\dotnet\packs\Microsoft.NETCore.App.Ref\8.0.23\ref\net8.0\System.Xml.dll" /reference:"C:\Program Files\dotnet\packs\Microsoft.NETCore.App.Ref\8.0.23\ref\net8.0\System.Xml.Linq.dll" /reference:"C:\Program Files\dotnet\packs\Microsoft.NETCore.App.Ref\8.0.23\ref\net8.0\System.Xml.ReaderWriter.dll" /reference:"C:\Program Files\dotnet\packs\Microsoft.NETCore.App.Ref\8.0.23\ref\net8.0\System.Xml.Serialization.dll" /reference:"C:\Program Files\dotnet\packs\Microsoft.NETCore.App.Ref\8.0.23\ref\net8.0\System.Xml.XDocument.dll" /reference:"C:\Program Files\dotnet\packs\Microsoft.NETCore.App.Ref\8.0.23\ref\net8.0\System.Xml.XmlDocument.dll" /reference:"C:\Program Files\dotnet\packs\Microsoft.NETCore.App.Ref\8.0.23\ref\net8.0\System.Xml.XmlSerializer.dll" /reference:"C:\Program Files\dotnet\packs\Microsoft.NETCore.App.Ref\8.0.23\ref\net8.0\System.Xml.XPath.dll" /reference:"C:\Program Files\dotnet\packs\Microsoft.NETCore.App.Ref\8.0.23\ref\net8.0\System.Xml.XPath.XDocument.dll" /reference:"C:\Program Files\dotnet\packs\Microsoft.NETCore.App.Ref\8.0.23\ref\net8.0\WindowsBase.dll" /debug+ /debug:portable /filealign:512 /optimize- /out:obj\Debug\net8.0\ATTENDING.Infrastructure.dll /refout:obj\Debug\net8.0\refint\ATTENDING.Infrastructure.dll /target:library /warnaserror- /utf8output /deterministic+ /sourcelink:obj\Debug\net8.0\ATTENDING.Infrastructure.sourcelink.json /langversion:12.0 /embed:obj\Debug\net8.0\ATTENDING.Infrastructure.GlobalUsings.g.cs /embed:"obj\Debug\net8.0\.NETCoreApp,Version=v8.0.AssemblyAttributes.cs" /embed:obj\Debug\net8.0\ATTENDING.Infrastructure.AssemblyInfo.cs /analyzerconfig:obj\Debug\net8.0\ATTENDING.Infrastructure.GeneratedMSBuildEditorConfig.editorconfig /analyzerconfig:"C:\Program Files\dotnet\sdk\8.0.417\Sdks\Microsoft.NET.Sdk\analyzers\build\config\analysislevel_8_default.globalconfig" /analyzer:"C:\Program Files\dotnet\sdk\8.0.417\Sdks\Microsoft.NET.Sdk\targets\..\analyzers\Microsoft.CodeAnalysis.CSharp.NetAnalyzers.dll" /analyzer:"C:\Program Files\dotnet\sdk\8.0.417\Sdks\Microsoft.NET.Sdk\targets\..\analyzers\Microsoft.CodeAnalysis.NetAnalyzers.dll" /analyzer:C:\Users\la6ke\.nuget\packages\microsoft.codeanalysis.analyzers\3.3.3\analyzers\dotnet\cs\Microsoft.CodeAnalysis.Analyzers.dll /analyzer:C:\Users\la6ke\.nuget\packages\microsoft.codeanalysis.analyzers\3.3.3\analyzers\dotnet\cs\Microsoft.CodeAnalysis.CSharp.Analyzers.dll /analyzer:C:\Users\la6ke\.nuget\packages\microsoft.entityframeworkcore.analyzers\8.0.1\analyzers\dotnet\cs\Microsoft.EntityFrameworkCore.Analyzers.dll /analyzer:C:\Users\la6ke\.nuget\packages\microsoft.extensions.logging.abstractions\8.0.2\analyzers\dotnet\roslyn4.4\cs\Microsoft.Extensions.Logging.Generators.dll /analyzer:C:\Users\la6ke\.nuget\packages\microsoft.extensions.options\9.0.0\analyzers\dotnet\roslyn4.4\cs\Microsoft.Extensions.Options.SourceGeneration.dll /analyzer:"C:\Program Files\dotnet\packs\Microsoft.NETCore.App.Ref\8.0.23\analyzers/dotnet/cs/Microsoft.Interop.ComInterfaceGenerator.dll" /analyzer:"C:\Program Files\dotnet\packs\Microsoft.NETCore.App.Ref\8.0.23\analyzers/dotnet/cs/Microsoft.Interop.JavaScript.JSImportGenerator.dll" /analyzer:"C:\Program Files\dotnet\packs\Microsoft.NETCore.App.Ref\8.0.23\analyzers/dotnet/cs/Microsoft.Interop.LibraryImportGenerator.dll" /analyzer:"C:\Program Files\dotnet\packs\Microsoft.NETCore.App.Ref\8.0.23\analyzers/dotnet/cs/Microsoft.Interop.SourceGeneration.dll" /analyzer:"C:\Program Files\dotnet\packs\Microsoft.NETCore.App.Ref\8.0.23\analyzers/dotnet/cs/System.Text.Json.SourceGeneration.dll" /analyzer:"C:\Program Files\dotnet\packs\Microsoft.NETCore.App.Ref\8.0.23\analyzers/dotnet/cs/System.Text.RegularExpressions.Generator.dll" Caching\RedisClinicalCacheService.cs Data\AttendingDbContext.cs Data\AttendingDbContextFactory.cs Data\AuditSaveChangesInterceptor.cs Data\Configurations\AiFeedbackConfiguration.cs Data\Configurations\AssessmentConfigurations.cs Data\Configurations\CoreConfigurations.cs Data\Configurations\OrderConfigurations.cs Data\DatabaseInitializer.cs Data\DesignTimeDbContextFactory.cs DependencyInjection.cs External\AI\ClinicalAiService.cs External\DrugInteraction\CompositeDrugInteractionService.cs External\DrugInteraction\NihDrugInteractionClient.cs External\FHIR\FhirClient.cs External\ResilienceConfiguration.cs Migrations\20260223040045_InitialCreate.cs Migrations\20260223040045_InitialCreate.Designer.cs Migrations\20260223190102_AddConcurrencyAndSoftDelete.cs Migrations\20260223190102_AddConcurrencyAndSoftDelete.Designer.cs Migrations\20260224180000_AddMultiTenantIsolation.cs Migrations\AttendingDbContextModelSnapshot.cs Repositories\AdditionalRepositories.cs Repositories\AiFeedbackRepository.cs Repositories\Repositories.cs Services\AdminService.cs Services\AnalyticsService.cs Services\AuditService.cs Services\ClinicalSchedulerService.cs Services\DistributedLockService.cs obj\Debug\net8.0\ATTENDING.Infrastructure.GlobalUsings.g.cs "obj\Debug\net8.0\.NETCoreApp,Version=v8.0.AssemblyAttributes.cs" obj\Debug\net8.0\ATTENDING.Infrastructure.AssemblyInfo.cs /warnaserror+:NU1605,SYSLIB0011
[xUnit.net 00:00:00.00] xUnit.net VSTest Adapter v2.5.6+bf9b858c26 (64-bit .NET 8.0.23)
         CompilerServer: server - server processed compilation - ATTENDING.Infrastructure (net8.0)
       GenerateBuildDependencyFile:
       Skipping target "GenerateBuildDependencyFile" because all output files are up-to-date with respect to the input files.
       GenerateBuildRuntimeConfigurationFiles:
       Skipping target "GenerateBuildRuntimeConfigurationFiles" because all output files are up-to-date with respect to the input files.
       CopyFilesToOutputDirectory:
         Copying file from "C:\Users\la6ke\Projects\ATTENDING\backend\src\ATTENDING.Infrastructure\obj\Debug\net8.0\ATTENDING.Infrastructure.dll" to "C:\Users\la6ke\Projects\ATTENDING\backend\src\ATTENDING.Infrastructure\bin\Debug\net8.0\ATTENDING.Infrastructure.dll".
         ATTENDING.Infrastructure -> C:\Users\la6ke\Projects\ATTENDING\backend\src\ATTENDING.Infrastructure\bin\Debug\net8.0\ATTENDING.Infrastructure.dll
         Copying file from "C:\Users\la6ke\Projects\ATTENDING\backend\src\ATTENDING.Infrastructure\obj\Debug\net8.0\ATTENDING.Infrastructure.pdb" to "C:\Users\la6ke\Projects\ATTENDING\backend\src\ATTENDING.Infrastructure\bin\Debug\net8.0\ATTENDING.Infrastructure.pdb".
     5>Done Building Project "C:\Users\la6ke\Projects\ATTENDING\backend\src\ATTENDING.Infrastructure\ATTENDING.Infrastructure.csproj" (default targets).
   8:2>Project "C:\Users\la6ke\Projects\ATTENDING\backend\tests\ATTENDING.Integration.Tests\ATTENDING.Integration.Tests.csproj" (8:2) is building "C:\Users\la6ke\Projects\ATTENDING\backend\src\ATTENDING.Orders.Api\ATTENDING.Orders.Api.csproj" (7:3) on node 7 (default targets).
     7>GenerateTargetFrameworkMonikerAttribute:
       Skipping target "GenerateTargetFrameworkMonikerAttribute" because all output files are up-to-date with respect to the input files.
       CoreGenerateAssemblyInfo:
       Skipping target "CoreGenerateAssemblyInfo" because all output files are up-to-date with respect to the input files.
       _DiscoverMvcApplicationParts:
       Skipping target "_DiscoverMvcApplicationParts" because all output files are up-to-date with respect to the input files.
       _GenerateSourceLinkFile:
         Source Link file 'obj\Debug\net8.0\ATTENDING.Orders.Api.sourcelink.json' is up-to-date.
       CoreCompile:
       Skipping target "CoreCompile" because all output files are up-to-date with respect to the input files.
       _CreateAppHost:
       Skipping target "_CreateAppHost" because all output files are up-to-date with respect to the input files.
[xUnit.net 00:00:00.75]   Discovering: ATTENDING.Domain.Tests
       _GenerateScopedCssFiles:
       Skipping target "_GenerateScopedCssFiles" because it has no outputs.
       _GenerateScopedCssFiles:
       Skipping target "_GenerateScopedCssFiles" because it has no outputs.
[xUnit.net 00:00:00.80]   Discovered:  ATTENDING.Domain.Tests
       _BuildCopyStaticWebAssetsPreserveNewest:
       Skipping target "_BuildCopyStaticWebAssetsPreserveNewest" because it has no outputs.
[xUnit.net 00:00:00.80]   Starting:    ATTENDING.Domain.Tests
       _CopyFilesMarkedCopyLocal:
         Copying file from "C:\Users\la6ke\Projects\ATTENDING\backend\src\ATTENDING.Infrastructure\bin\Debug\net8.0\ATTENDING.Infrastructure.dll" to "C:\Users\la6ke\Projects\ATTENDING\backend\src\ATTENDING.Orders.Api\bin\Debug\net8.0\ATTENDING.Infrastructure.dll".
         Copying file from "C:\Users\la6ke\Projects\ATTENDING\backend\src\ATTENDING.Infrastructure\bin\Debug\net8.0\ATTENDING.Infrastructure.pdb" to "C:\Users\la6ke\Projects\ATTENDING\backend\src\ATTENDING.Orders.Api\bin\Debug\net8.0\ATTENDING.Infrastructure.pdb".
         Touching "C:\Users\la6ke\Projects\ATTENDING\backend\src\ATTENDING.Orders.Api\obj\Debug\net8.0\ATTENDIN.64338CED.Up2Date".
       _CopyOutOfDateSourceItemsToOutputDirectory:
       Skipping target "_CopyOutOfDateSourceItemsToOutputDirectory" because all output files are up-to-date with respect to the input files.
       GenerateBuildDependencyFile:
       Skipping target "GenerateBuildDependencyFile" because all output files are up-to-date with respect to the input files.
       GenerateBuildRuntimeConfigurationFiles:
       Skipping target "GenerateBuildRuntimeConfigurationFiles" because all output files are up-to-date with respect to the input files.
       CopyFilesToOutputDirectory:
         ATTENDING.Orders.Api -> C:\Users\la6ke\Projects\ATTENDING\backend\src\ATTENDING.Orders.Api\bin\Debug\net8.0\ATTENDING.Orders.Api.dll
     7>Done Building Project "C:\Users\la6ke\Projects\ATTENDING\backend\src\ATTENDING.Orders.Api\ATTENDING.Orders.Api.csproj" (default targets).
     8>GenerateTargetFrameworkMonikerAttribute:
       Skipping target "GenerateTargetFrameworkMonikerAttribute" because all output files are up-to-date with respect to the input files.
       CoreGenerateAssemblyInfo:
       Skipping target "CoreGenerateAssemblyInfo" because all output files are up-to-date with respect to the input files.
       _DiscoverMvcApplicationParts:
       Skipping target "_DiscoverMvcApplicationParts" because all output files are up-to-date with respect to the input files.
       _GenerateSourceLinkFile:
         Source Link file 'obj\Debug\net8.0\ATTENDING.Integration.Tests.sourcelink.json' is up-to-date.
       CoreCompile:
         C:\Program Files\dotnet\dotnet.exe exec "C:\Program Files\dotnet\sdk\8.0.417\Roslyn\bincore\csc.dll" /noconfig /unsafe- /checked- /nowarn:1701,1702,1701,1702 /fullpaths /nostdlib+ /errorreport:prompt /warn:8 /define:TRACE;DEBUG;NET;NET8_0;NETCOREAPP;NET5_0_OR_GREATER;NET6_0_OR_GREATER;NET7_0_OR_GREATER;NET8_0_OR_GREATER;NETCOREAPP1_0_OR_GREATER;NETCOREAPP1_1_OR_GREATER;NETCOREAPP2_0_OR_GREATER;NETCOREAPP2_1_OR_GREATER;NETCOREAPP2_2_OR_GREATER;NETCOREAPP3_0_OR_GREATER;NETCOREAPP3_1_OR_GREATER /highentropyva+ /nullable:enable /reference:C:\Users\la6ke\Projects\ATTENDING\backend\src\ATTENDING.Application\obj\Debug\net8.0\ref\ATTENDING.Application.dll /reference:C:\Users\la6ke\Projects\ATTENDING\backend\src\ATTENDING.Contracts\obj\Debug\net8.0\ref\ATTENDING.Contracts.dll /reference:C:\Users\la6ke\Projects\ATTENDING\backend\src\ATTENDING.Domain\obj\Debug\net8.0\ref\ATTENDING.Domain.dll /reference:C:\Users\la6ke\Projects\ATTENDING\backend\src\ATTENDING.Infrastructure\obj\Debug\net8.0\ref\ATTENDING.Infrastructure.dll /reference:C:\Users\la6ke\Projects\ATTENDING\backend\src\ATTENDING.Orders.Api\obj\Debug\net8.0\ref\ATTENDING.Orders.Api.dll /reference:C:\Users\la6ke\.nuget\packages\automapper\12.0.1\lib\netstandard2.1\AutoMapper.dll /reference:C:\Users\la6ke\.nuget\packages\automapper.extensions.microsoft.dependencyinjection\12.0.1\lib\netstandard2.1\AutoMapper.Extensions.Microsoft.DependencyInjection.dll /reference:C:\Users\la6ke\.nuget\packages\azure.core\1.44.1\lib\net6.0\Azure.Core.dll /reference:C:\Users\la6ke\.nuget\packages\azure.extensions.aspnetcore.configuration.secrets\1.3.2\lib\netstandard2.0\Azure.Extensions.AspNetCore.Configuration.Secrets.dll /reference:C:\Users\la6ke\.nuget\packages\azure.identity\1.13.2\lib\net8.0\Azure.Identity.dll /reference:C:\Users\la6ke\.nuget\packages\azure.security.keyvault.certificates\4.5.1\lib\netstandard2.0\Azure.Security.KeyVault.Certificates.dll /reference:C:\Users\la6ke\.nuget\packages\azure.security.keyvault.secrets\4.6.0\lib\netstandard2.0\Azure.Security.KeyVault.Secrets.dll /reference:C:\Users\la6ke\.nuget\packages\azure.storage.blobs\12.19.1\lib\net6.0\Azure.Storage.Blobs.dll /reference:C:\Users\la6ke\.nuget\packages\azure.storage.common\12.18.1\lib\net6.0\Azure.Storage.Common.dll /reference:C:\Users\la6ke\.nuget\packages\bouncycastle.cryptography\2.2.1\lib\net6.0\BouncyCastle.Cryptography.dll /reference:C:\Users\la6ke\.nuget\packages\castle.core\5.1.1\lib\net6.0\Castle.Core.dll /reference:C:\Users\la6ke\.nuget\packages\docker.dotnet\3.125.15\lib\netstandard2.1\Docker.DotNet.dll /reference:C:\Users\la6ke\.nuget\packages\docker.dotnet.x509\3.125.15\lib\netstandard2.1\Docker.DotNet.X509.dll /reference:C:\Users\la6ke\.nuget\packages\fluentassertions\6.12.0\lib\net6.0\FluentAssertions.dll /reference:C:\Users\la6ke\.nuget\packages\fluentvalidation.aspnetcore\11.3.0\lib\net6.0\FluentValidation.AspNetCore.dll /reference:C:\Users\la6ke\.nuget\packages\fluentvalidation.dependencyinjectionextensions\11.9.0\lib\netstandard2.1\FluentValidation.DependencyInjectionExtensions.dll /reference:C:\Users\la6ke\.nuget\packages\fluentvalidation\11.9.0\lib\net8.0\FluentValidation.dll /reference:C:\Users\la6ke\.nuget\packages\google.protobuf\3.22.5\lib\net5.0\Google.Protobuf.dll /reference:C:\Users\la6ke\.nuget\packages\grpc.core.api\2.52.0\lib\netstandard2.1\Grpc.Core.Api.dll /reference:C:\Users\la6ke\.nuget\packages\grpc.net.client\2.52.0\lib\net7.0\Grpc.Net.Client.dll /reference:C:\Users\la6ke\.nuget\packages\grpc.net.common\2.52.0\lib\net7.0\Grpc.Net.Common.dll /reference:C:\Users\la6ke\.nuget\packages\aspnetcore.healthchecks.redis\8.0.1\lib\net6.0\HealthChecks.Redis.dll /reference:C:\Users\la6ke\.nuget\packages\aspnetcore.healthchecks.sqlserver\8.0.0\lib\netstandard2.0\HealthChecks.SqlServer.dll /reference:C:\Users\la6ke\.nuget\packages\aspnetcore.healthchecks.ui.client\8.0.0\lib\net8.0\HealthChecks.UI.Client.dll /reference:C:\Users\la6ke\.nuget\packages\aspnetcore.healthchecks.ui.core\8.0.0\lib\net6.0\HealthChecks.UI.Core.dll /reference:C:\Users\la6ke\.nuget\packages\sharpziplib\1.4.2\lib\net6.0\ICSharpCode.SharpZipLib.dll /reference:C:\Users\la6ke\.nuget\packages\mediatr.contracts\2.0.1\lib\netstandard2.0\MediatR.Contracts.dll /reference:C:\Users\la6ke\.nuget\packages\mediatr\12.2.0\lib\net6.0\MediatR.dll /reference:C:\Users\la6ke\.nuget\packages\messagepack.annotations\2.5.108\lib\netstandard2.0\MessagePack.Annotations.dll /reference:C:\Users\la6ke\.nuget\packages\messagepack\2.5.108\lib\net6.0\MessagePack.dll /reference:C:\Users\la6ke\.nuget\packages\microsoft.applicationinsights\2.20.0\lib\netstandard2.0\Microsoft.ApplicationInsights.dll /reference:"C:\Program Files\dotnet\packs\Microsoft.AspNetCore.App.Ref\8.0.23\ref\net8.0\Microsoft.AspNetCore.Antiforgery.dll" /reference:"C:\Program Files\dotnet\packs\Microsoft.AspNetCore.App.Ref\8.0.23\ref\net8.0\Microsoft.AspNetCore.Authentication.Abstractions.dll" /reference:"C:\Program Files\dotnet\packs\Microsoft.AspNetCore.App.Ref\8.0.23\ref\net8.0\Microsoft.AspNetCore.Authentication.BearerToken.dll" /reference:"C:\Program Files\dotnet\packs\Microsoft.AspNetCore.App.Ref\8.0.23\ref\net8.0\Microsoft.AspNetCore.Authentication.Cookies.dll" /reference:"C:\Program Files\dotnet\packs\Microsoft.AspNetCore.App.Ref\8.0.23\ref\net8.0\Microsoft.AspNetCore.Authentication.Core.dll" /reference:"C:\Program Files\dotnet\packs\Microsoft.AspNetCore.App.Ref\8.0.23\ref\net8.0\Microsoft.AspNetCore.Authentication.dll" /reference:C:\Users\la6ke\.nuget\packages\microsoft.aspnetcore.authentication.jwtbearer\8.0.1\lib\net8.0\Microsoft.AspNetCore.Authentication.JwtBearer.dll /reference:"C:\Program Files\dotnet\packs\Microsoft.AspNetCore.App.Ref\8.0.23\ref\net8.0\Microsoft.AspNetCore.Authentication.OAuth.dll" /reference:C:\Users\la6ke\.nuget\packages\microsoft.aspnetcore.authentication.openidconnect\8.0.0\lib\net8.0\Microsoft.AspNetCore.Authentication.OpenIdConnect.dll /reference:"C:\Program Files\dotnet\packs\Microsoft.AspNetCore.App.Ref\8.0.23\ref\net8.0\Microsoft.AspNetCore.Authorization.dll" /reference:"C:\Program Files\dotnet\packs\Microsoft.AspNetCore.App.Ref\8.0.23\ref\net8.0\Microsoft.AspNetCore.Authorization.Policy.dll" /reference:"C:\Program Files\dotnet\packs\Microsoft.AspNetCore.App.Ref\8.0.23\ref\net8.0\Microsoft.AspNetCore.Components.Authorization.dll" /reference:"C:\Program Files\dotnet\packs\Microsoft.AspNetCore.App.Ref\8.0.23\ref\net8.0\Microsoft.AspNetCore.Components.dll" /reference:"C:\Program Files\dotnet\packs\Microsoft.AspNetCore.App.Ref\8.0.23\ref\net8.0\Microsoft.AspNetCore.Components.Endpoints.dll" /reference:"C:\Program Files\dotnet\packs\Microsoft.AspNetCore.App.Ref\8.0.23\ref\net8.0\Microsoft.AspNetCore.Components.Forms.dll" /reference:"C:\Program Files\dotnet\packs\Microsoft.AspNetCore.App.Ref\8.0.23\ref\net8.0\Microsoft.AspNetCore.Components.Server.dll" /reference:"C:\Program Files\dotnet\packs\Microsoft.AspNetCore.App.Ref\8.0.23\ref\net8.0\Microsoft.AspNetCore.Components.Web.dll" /reference:"C:\Program Files\dotnet\packs\Microsoft.AspNetCore.App.Ref\8.0.23\ref\net8.0\Microsoft.AspNetCore.Connections.Abstractions.dll" /reference:"C:\Program Files\dotnet\packs\Microsoft.AspNetCore.App.Ref\8.0.23\ref\net8.0\Microsoft.AspNetCore.CookiePolicy.dll" /reference:"C:\Program Files\dotnet\packs\Microsoft.AspNetCore.App.Ref\8.0.23\ref\net8.0\Microsoft.AspNetCore.Cors.dll" /reference:"C:\Program Files\dotnet\packs\Microsoft.AspNetCore.App.Ref\8.0.23\ref\net8.0\Microsoft.AspNetCore.Cryptography.Internal.dll" /reference:"C:\Program Files\dotnet\packs\Microsoft.AspNetCore.App.Ref\8.0.23\ref\net8.0\Microsoft.AspNetCore.Cryptography.KeyDerivation.dll" /reference:"C:\Program Files\dotnet\packs\Microsoft.AspNetCore.App.Ref\8.0.23\ref\net8.0\Microsoft.AspNetCore.DataProtection.Abstractions.dll" /reference:"C:\Program Files\dotnet\packs\Microsoft.AspNetCore.App.Ref\8.0.23\ref\net8.0\Microsoft.AspNetCore.DataProtection.dll" /reference:"C:\Program Files\dotnet\packs\Microsoft.AspNetCore.App.Ref\8.0.23\ref\net8.0\Microsoft.AspNetCore.DataProtection.Extensions.dll" /reference:"C:\Program Files\dotnet\packs\Microsoft.AspNetCore.App.Ref\8.0.23\ref\net8.0\Microsoft.AspNetCore.Diagnostics.Abstractions.dll" /reference:"C:\Program Files\dotnet\packs\Microsoft.AspNetCore.App.Ref\8.0.23\ref\net8.0\Microsoft.AspNetCore.Diagnostics.dll" /reference:"C:\Program Files\dotnet\packs\Microsoft.AspNetCore.App.Ref\8.0.23\ref\net8.0\Microsoft.AspNetCore.Diagnostics.HealthChecks.dll" /reference:"C:\Program Files\dotnet\packs\Microsoft.AspNetCore.App.Ref\8.0.23\ref\net8.0\Microsoft.AspNetCore.dll" /reference:"C:\Program Files\dotnet\packs\Microsoft.AspNetCore.App.Ref\8.0.23\ref\net8.0\Microsoft.AspNetCore.HostFiltering.dll" /reference:"C:\Program Files\dotnet\packs\Microsoft.AspNetCore.App.Ref\8.0.23\ref\net8.0\Microsoft.AspNetCore.Hosting.Abstractions.dll" /reference:"C:\Program Files\dotnet\packs\Microsoft.AspNetCore.App.Ref\8.0.23\ref\net8.0\Microsoft.AspNetCore.Hosting.dll" /reference:"C:\Program Files\dotnet\packs\Microsoft.AspNetCore.App.Ref\8.0.23\ref\net8.0\Microsoft.AspNetCore.Hosting.Server.Abstractions.dll" /reference:"C:\Program Files\dotnet\packs\Microsoft.AspNetCore.App.Ref\8.0.23\ref\net8.0\Microsoft.AspNetCore.Html.Abstractions.dll" /reference:"C:\Program Files\dotnet\packs\Microsoft.AspNetCore.App.Ref\8.0.23\ref\net8.0\Microsoft.AspNetCore.Http.Abstractions.dll" /reference:"C:\Program Files\dotnet\packs\Microsoft.AspNetCore.App.Ref\8.0.23\ref\net8.0\Microsoft.AspNetCore.Http.Connections.Common.dll" /reference:"C:\Program Files\dotnet\packs\Microsoft.AspNetCore.App.Ref\8.0.23\ref\net8.0\Microsoft.AspNetCore.Http.Connections.dll" /reference:"C:\Program Files\dotnet\packs\Microsoft.AspNetCore.App.Ref\8.0.23\ref\net8.0\Microsoft.AspNetCore.Http.dll" /reference:"C:\Program Files\dotnet\packs\Microsoft.AspNetCore.App.Ref\8.0.23\ref\net8.0\Microsoft.AspNetCore.Http.Extensions.dll" /reference:"C:\Program Files\dotnet\packs\Microsoft.AspNetCore.App.Ref\8.0.23\ref\net8.0\Microsoft.AspNetCore.Http.Features.dll" /reference:"C:\Program Files\dotnet\packs\Microsoft.AspNetCore.App.Ref\8.0.23\ref\net8.0\Microsoft.AspNetCore.Http.Results.dll" /reference:"C:\Program Files\dotnet\packs\Microsoft.AspNetCore.App.Ref\8.0.23\ref\net8.0\Microsoft.AspNetCore.HttpLogging.dll" /reference:"C:\Program Files\dotnet\packs\Microsoft.AspNetCore.App.Ref\8.0.23\ref\net8.0\Microsoft.AspNetCore.HttpOverrides.dll" /reference:"C:\Program Files\dotnet\packs\Microsoft.AspNetCore.App.Ref\8.0.23\ref\net8.0\Microsoft.AspNetCore.HttpsPolicy.dll" /reference:"C:\Program Files\dotnet\packs\Microsoft.AspNetCore.App.Ref\8.0.23\ref\net8.0\Microsoft.AspNetCore.Identity.dll" /reference:"C:\Program Files\dotnet\packs\Microsoft.AspNetCore.App.Ref\8.0.23\ref\net8.0\Microsoft.AspNetCore.Localization.dll" /reference:"C:\Program Files\dotnet\packs\Microsoft.AspNetCore.App.Ref\8.0.23\ref\net8.0\Microsoft.AspNetCore.Localization.Routing.dll" /reference:"C:\Program Files\dotnet\packs\Microsoft.AspNetCore.App.Ref\8.0.23\ref\net8.0\Microsoft.AspNetCore.Metadata.dll" /reference:"C:\Program Files\dotnet\packs\Microsoft.AspNetCore.App.Ref\8.0.23\ref\net8.0\Microsoft.AspNetCore.Mvc.Abstractions.dll" /reference:"C:\Program Files\dotnet\packs\Microsoft.AspNetCore.App.Ref\8.0.23\ref\net8.0\Microsoft.AspNetCore.Mvc.ApiExplorer.dll" /reference:"C:\Program Files\dotnet\packs\Microsoft.AspNetCore.App.Ref\8.0.23\ref\net8.0\Microsoft.AspNetCore.Mvc.Core.dll" /reference:"C:\Program Files\dotnet\packs\Microsoft.AspNetCore.App.Ref\8.0.23\ref\net8.0\Microsoft.AspNetCore.Mvc.Cors.dll" /reference:"C:\Program Files\dotnet\packs\Microsoft.AspNetCore.App.Ref\8.0.23\ref\net8.0\Microsoft.AspNetCore.Mvc.DataAnnotations.dll" /reference:"C:\Program Files\dotnet\packs\Microsoft.AspNetCore.App.Ref\8.0.23\ref\net8.0\Microsoft.AspNetCore.Mvc.dll" /reference:"C:\Program Files\dotnet\packs\Microsoft.AspNetCore.App.Ref\8.0.23\ref\net8.0\Microsoft.AspNetCore.Mvc.Formatters.Json.dll" /reference:"C:\Program Files\dotnet\packs\Microsoft.AspNetCore.App.Ref\8.0.23\ref\net8.0\Microsoft.AspNetCore.Mvc.Formatters.Xml.dll" /reference:"C:\Program Files\dotnet\packs\Microsoft.AspNetCore.App.Ref\8.0.23\ref\net8.0\Microsoft.AspNetCore.Mvc.Localization.dll" /reference:"C:\Program Files\dotnet\packs\Microsoft.AspNetCore.App.Ref\8.0.23\ref\net8.0\Microsoft.AspNetCore.Mvc.Razor.dll" /reference:"C:\Program Files\dotnet\packs\Microsoft.AspNetCore.App.Ref\8.0.23\ref\net8.0\Microsoft.AspNetCore.Mvc.RazorPages.dll" /reference:"C:\Program Files\dotnet\packs\Microsoft.AspNetCore.App.Ref\8.0.23\ref\net8.0\Microsoft.AspNetCore.Mvc.TagHelpers.dll" /reference:C:\Users\la6ke\.nuget\packages\microsoft.aspnetcore.mvc.testing\8.0.1\lib\net8.0\Microsoft.AspNetCore.Mvc.Testing.dll /reference:"C:\Program Files\dotnet\packs\Microsoft.AspNetCore.App.Ref\8.0.23\ref\net8.0\Microsoft.AspNetCore.Mvc.ViewFeatures.dll" /reference:"C:\Program Files\dotnet\packs\Microsoft.AspNetCore.App.Ref\8.0.23\ref\net8.0\Microsoft.AspNetCore.OutputCaching.dll" /reference:"C:\Program Files\dotnet\packs\Microsoft.AspNetCore.App.Ref\8.0.23\ref\net8.0\Microsoft.AspNetCore.RateLimiting.dll" /reference:"C:\Program Files\dotnet\packs\Microsoft.AspNetCore.App.Ref\8.0.23\ref\net8.0\Microsoft.AspNetCore.Razor.dll" /reference:"C:\Program Files\dotnet\packs\Microsoft.AspNetCore.App.Ref\8.0.23\ref\net8.0\Microsoft.AspNetCore.Razor.Runtime.dll" /reference:"C:\Program Files\dotnet\packs\Microsoft.AspNetCore.App.Ref\8.0.23\ref\net8.0\Microsoft.AspNetCore.RequestDecompression.dll" /reference:"C:\Program Files\dotnet\packs\Microsoft.AspNetCore.App.Ref\8.0.23\ref\net8.0\Microsoft.AspNetCore.ResponseCaching.Abstractions.dll" /reference:"C:\Program Files\dotnet\packs\Microsoft.AspNetCore.App.Ref\8.0.23\ref\net8.0\Microsoft.AspNetCore.ResponseCaching.dll" /reference:"C:\Program Files\dotnet\packs\Microsoft.AspNetCore.App.Ref\8.0.23\ref\net8.0\Microsoft.AspNetCore.ResponseCompression.dll" /reference:"C:\Program Files\dotnet\packs\Microsoft.AspNetCore.App.Ref\8.0.23\ref\net8.0\Microsoft.AspNetCore.Rewrite.dll" /reference:"C:\Program Files\dotnet\packs\Microsoft.AspNetCore.App.Ref\8.0.23\ref\net8.0\Microsoft.AspNetCore.Routing.Abstractions.dll" /reference:"C:\Program Files\dotnet\packs\Microsoft.AspNetCore.App.Ref\8.0.23\ref\net8.0\Microsoft.AspNetCore.Routing.dll" /reference:"C:\Program Files\dotnet\packs\Microsoft.AspNetCore.App.Ref\8.0.23\ref\net8.0\Microsoft.AspNetCore.Server.HttpSys.dll" /reference:"C:\Program Files\dotnet\packs\Microsoft.AspNetCore.App.Ref\8.0.23\ref\net8.0\Microsoft.AspNetCore.Server.IIS.dll" /reference:"C:\Program Files\dotnet\packs\Microsoft.AspNetCore.App.Ref\8.0.23\ref\net8.0\Microsoft.AspNetCore.Server.IISIntegration.dll" /reference:"C:\Program Files\dotnet\packs\Microsoft.AspNetCore.App.Ref\8.0.23\ref\net8.0\Microsoft.AspNetCore.Server.Kestrel.Core.dll" /reference:"C:\Program Files\dotnet\packs\Microsoft.AspNetCore.App.Ref\8.0.23\ref\net8.0\Microsoft.AspNetCore.Server.Kestrel.dll" /reference:"C:\Program Files\dotnet\packs\Microsoft.AspNetCore.App.Ref\8.0.23\ref\net8.0\Microsoft.AspNetCore.Server.Kestrel.Transport.NamedPipes.dll" /reference:"C:\Program Files\dotnet\packs\Microsoft.AspNetCore.App.Ref\8.0.23\ref\net8.0\Microsoft.AspNetCore.Server.Kestrel.Transport.Quic.dll" /reference:"C:\Program Files\dotnet\packs\Microsoft.AspNetCore.App.Ref\8.0.23\ref\net8.0\Microsoft.AspNetCore.Server.Kestrel.Transport.Sockets.dll" /reference:"C:\Program Files\dotnet\packs\Microsoft.AspNetCore.App.Ref\8.0.23\ref\net8.0\Microsoft.AspNetCore.Session.dll" /reference:"C:\Program Files\dotnet\packs\Microsoft.AspNetCore.App.Ref\8.0.23\ref\net8.0\Microsoft.AspNetCore.SignalR.Common.dll" /reference:"C:\Program Files\dotnet\packs\Microsoft.AspNetCore.App.Ref\8.0.23\ref\net8.0\Microsoft.AspNetCore.SignalR.Core.dll" /reference:"C:\Program Files\dotnet\packs\Microsoft.AspNetCore.App.Ref\8.0.23\ref\net8.0\Microsoft.AspNetCore.SignalR.dll" /reference:"C:\Program Files\dotnet\packs\Microsoft.AspNetCore.App.Ref\8.0.23\ref\net8.0\Microsoft.AspNetCore.SignalR.Protocols.Json.dll" /reference:C:\Users\la6ke\.nuget\packages\microsoft.aspnetcore.signalr.stackexchangeredis\8.0.1\lib\net8.0\Microsoft.AspNetCore.SignalR.StackExchangeRedis.dll /reference:"C:\Program Files\dotnet\packs\Microsoft.AspNetCore.App.Ref\8.0.23\ref\net8.0\Microsoft.AspNetCore.StaticFiles.dll" /reference:C:\Users\la6ke\.nuget\packages\microsoft.aspnetcore.testhost\8.0.1\lib\net8.0\Microsoft.AspNetCore.TestHost.dll /reference:"C:\Program Files\dotnet\packs\Microsoft.AspNetCore.App.Ref\8.0.23\ref\net8.0\Microsoft.AspNetCore.WebSockets.dll" /reference:"C:\Program Files\dotnet\packs\Microsoft.AspNetCore.App.Ref\8.0.23\ref\net8.0\Microsoft.AspNetCore.WebUtilities.dll" /reference:C:\Users\la6ke\.nuget\packages\microsoft.bcl.asyncinterfaces\6.0.0\lib\netstandard2.1\Microsoft.Bcl.AsyncInterfaces.dll /reference:"C:\Program Files\dotnet\packs\Microsoft.NETCore.App.Ref\8.0.23\ref\net8.0\Microsoft.CSharp.dll" /reference:C:\Users\la6ke\.nuget\packages\microsoft.data.sqlclient\5.1.1\ref\net6.0\Microsoft.Data.SqlClient.dll /reference:C:\Users\la6ke\.nuget\packages\microsoft.entityframeworkcore.abstractions\8.0.1\lib\net8.0\Microsoft.EntityFrameworkCore.Abstractions.dll /reference:C:\Users\la6ke\.nuget\packages\microsoft.entityframeworkcore\8.0.1\lib\net8.0\Microsoft.EntityFrameworkCore.dll /reference:C:\Users\la6ke\.nuget\packages\microsoft.entityframeworkcore.inmemory\8.0.1\lib\net8.0\Microsoft.EntityFrameworkCore.InMemory.dll /reference:C:\Users\la6ke\.nuget\packages\microsoft.entityframeworkcore.relational\8.0.1\lib\net8.0\Microsoft.EntityFrameworkCore.Relational.dll /reference:C:\Users\la6ke\.nuget\packages\microsoft.entityframeworkcore.sqlserver\8.0.1\lib\net8.0\Microsoft.EntityFrameworkCore.SqlServer.dll /reference:"C:\Program Files\dotnet\packs\Microsoft.AspNetCore.App.Ref\8.0.23\ref\net8.0\Microsoft.Extensions.Caching.Abstractions.dll" /reference:"C:\Program Files\dotnet\packs\Microsoft.AspNetCore.App.Ref\8.0.23\ref\net8.0\Microsoft.Extensions.Caching.Memory.dll" /reference:C:\Users\la6ke\.nuget\packages\microsoft.extensions.caching.stackexchangeredis\8.0.1\lib\net8.0\Microsoft.Extensions.Caching.StackExchangeRedis.dll /reference:"C:\Program Files\dotnet\packs\Microsoft.AspNetCore.App.Ref\8.0.23\ref\net8.0\Microsoft.Extensions.Configuration.Abstractions.dll" /reference:"C:\Program Files\dotnet\packs\Microsoft.AspNetCore.App.Ref\8.0.23\ref\net8.0\Microsoft.Extensions.Configuration.Binder.dll" /reference:"C:\Program Files\dotnet\packs\Microsoft.AspNetCore.App.Ref\8.0.23\ref\net8.0\Microsoft.Extensions.Configuration.CommandLine.dll" /reference:"C:\Program Files\dotnet\packs\Microsoft.AspNetCore.App.Ref\8.0.23\ref\net8.0\Microsoft.Extensions.Configuration.dll" /reference:"C:\Program Files\dotnet\packs\Microsoft.AspNetCore.App.Ref\8.0.23\ref\net8.0\Microsoft.Extensions.Configuration.EnvironmentVariables.dll" /reference:"C:\Program Files\dotnet\packs\Microsoft.AspNetCore.App.Ref\8.0.23\ref\net8.0\Microsoft.Extensions.Configuration.FileExtensions.dll" /reference:"C:\Program Files\dotnet\packs\Microsoft.AspNetCore.App.Ref\8.0.23\ref\net8.0\Microsoft.Extensions.Configuration.Ini.dll" /reference:"C:\Program Files\dotnet\packs\Microsoft.AspNetCore.App.Ref\8.0.23\ref\net8.0\Microsoft.Extensions.Configuration.Json.dll" /reference:"C:\Program Files\dotnet\packs\Microsoft.AspNetCore.App.Ref\8.0.23\ref\net8.0\Microsoft.Extensions.Configuration.KeyPerFile.dll" /reference:"C:\Program Files\dotnet\packs\Microsoft.AspNetCore.App.Ref\8.0.23\ref\net8.0\Microsoft.Extensions.Configuration.UserSecrets.dll" /reference:"C:\Program Files\dotnet\packs\Microsoft.AspNetCore.App.Ref\8.0.23\ref\net8.0\Microsoft.Extensions.Configuration.Xml.dll" /reference:C:\Users\la6ke\.nuget\packages\microsoft.extensions.dependencyinjection.abstractions\9.0.0\lib\net8.0\Microsoft.Extensions.DependencyInjection.Abstractions.dll /reference:"C:\Program Files\dotnet\packs\Microsoft.AspNetCore.App.Ref\8.0.23\ref\net8.0\Microsoft.Extensions.DependencyInjection.dll" /reference:C:\Users\la6ke\.nuget\packages\microsoft.extensions.dependencymodel\8.0.0\lib\net8.0\Microsoft.Extensions.DependencyModel.dll /reference:"C:\Program Files\dotnet\packs\Microsoft.AspNetCore.App.Ref\8.0.23\ref\net8.0\Microsoft.Extensions.Diagnostics.Abstractions.dll" /reference:"C:\Program Files\dotnet\packs\Microsoft.AspNetCore.App.Ref\8.0.23\ref\net8.0\Microsoft.Extensions.Diagnostics.dll" /reference:"C:\Program Files\dotnet\packs\Microsoft.AspNetCore.App.Ref\8.0.23\ref\net8.0\Microsoft.Extensions.Diagnostics.HealthChecks.Abstractions.dll" /reference:"C:\Program Files\dotnet\packs\Microsoft.AspNetCore.App.Ref\8.0.23\ref\net8.0\Microsoft.Extensions.Diagnostics.HealthChecks.dll" /reference:C:\Users\la6ke\.nuget\packages\microsoft.extensions.diagnostics.healthchecks.entityframeworkcore\8.0.1\lib\net8.0\Microsoft.Extensions.Diagnostics.HealthChecks.EntityFrameworkCore.dll /reference:"C:\Program Files\dotnet\packs\Microsoft.AspNetCore.App.Ref\8.0.23\ref\net8.0\Microsoft.Extensions.Features.dll" /reference:"C:\Program Files\dotnet\packs\Microsoft.AspNetCore.App.Ref\8.0.23\ref\net8.0\Microsoft.Extensions.FileProviders.Abstractions.dll" /reference:"C:\Program Files\dotnet\packs\Microsoft.AspNetCore.App.Ref\8.0.23\ref\net8.0\Microsoft.Extensions.FileProviders.Composite.dll" /reference:"C:\Program Files\dotnet\packs\Microsoft.AspNetCore.App.Ref\8.0.23\ref\net8.0\Microsoft.Extensions.FileProviders.Embedded.dll" /reference:"C:\Program Files\dotnet\packs\Microsoft.AspNetCore.App.Ref\8.0.23\ref\net8.0\Microsoft.Extensions.FileProviders.Physical.dll" /reference:"C:\Program Files\dotnet\packs\Microsoft.AspNetCore.App.Ref\8.0.23\ref\net8.0\Microsoft.Extensions.FileSystemGlobbing.dll" /reference:"C:\Program Files\dotnet\packs\Microsoft.AspNetCore.App.Ref\8.0.23\ref\net8.0\Microsoft.Extensions.Hosting.Abstractions.dll" /reference:"C:\Program Files\dotnet\packs\Microsoft.AspNetCore.App.Ref\8.0.23\ref\net8.0\Microsoft.Extensions.Hosting.dll" /reference:"C:\Program Files\dotnet\packs\Microsoft.AspNetCore.App.Ref\8.0.23\ref\net8.0\Microsoft.Extensions.Http.dll" /reference:"C:\Program Files\dotnet\packs\Microsoft.AspNetCore.App.Ref\8.0.23\ref\net8.0\Microsoft.Extensions.Identity.Core.dll" /reference:"C:\Program Files\dotnet\packs\Microsoft.AspNetCore.App.Ref\8.0.23\ref\net8.0\Microsoft.Extensions.Identity.Stores.dll" /reference:"C:\Program Files\dotnet\packs\Microsoft.AspNetCore.App.Ref\8.0.23\ref\net8.0\Microsoft.Extensions.Localization.Abstractions.dll" /reference:"C:\Program Files\dotnet\packs\Microsoft.AspNetCore.App.Ref\8.0.23\ref\net8.0\Microsoft.Extensions.Localization.dll" /reference:"C:\Program Files\dotnet\packs\Microsoft.AspNetCore.App.Ref\8.0.23\ref\net8.0\Microsoft.Extensions.Logging.Abstractions.dll" /reference:"C:\Program Files\dotnet\packs\Microsoft.AspNetCore.App.Ref\8.0.23\ref\net8.0\Microsoft.Extensions.Logging.Configuration.dll" /reference:"C:\Program Files\dotnet\packs\Microsoft.AspNetCore.App.Ref\8.0.23\ref\net8.0\Microsoft.Extensions.Logging.Console.dll" /reference:"C:\Program Files\dotnet\packs\Microsoft.AspNetCore.App.Ref\8.0.23\ref\net8.0\Microsoft.Extensions.Logging.Debug.dll" /reference:"C:\Program Files\dotnet\packs\Microsoft.AspNetCore.App.Ref\8.0.23\ref\net8.0\Microsoft.Extensions.Logging.dll" /reference:"C:\Program Files\dotnet\packs\Microsoft.AspNetCore.App.Ref\8.0.23\ref\net8.0\Microsoft.Extensions.Logging.EventLog.dll" /reference:"C:\Program Files\dotnet\packs\Microsoft.AspNetCore.App.Ref\8.0.23\ref\net8.0\Microsoft.Extensions.Logging.EventSource.dll" /reference:"C:\Program Files\dotnet\packs\Microsoft.AspNetCore.App.Ref\8.0.23\ref\net8.0\Microsoft.Extensions.Logging.TraceSource.dll" /reference:"C:\Program Files\dotnet\packs\Microsoft.AspNetCore.App.Ref\8.0.23\ref\net8.0\Microsoft.Extensions.ObjectPool.dll" /reference:"C:\Program Files\dotnet\packs\Microsoft.AspNetCore.App.Ref\8.0.23\ref\net8.0\Microsoft.Extensions.Options.ConfigurationExtensions.dll" /reference:"C:\Program Files\dotnet\packs\Microsoft.AspNetCore.App.Ref\8.0.23\ref\net8.0\Microsoft.Extensions.Options.DataAnnotations.dll" /reference:C:\Users\la6ke\.nuget\packages\microsoft.extensions.options\9.0.0\lib\net8.0\Microsoft.Extensions.Options.dll /reference:C:\Users\la6ke\.nuget\packages\microsoft.extensions.primitives\9.0.0\lib\net8.0\Microsoft.Extensions.Primitives.dll /reference:"C:\Program Files\dotnet\packs\Microsoft.AspNetCore.App.Ref\8.0.23\ref\net8.0\Microsoft.Extensions.WebEncoders.dll" /reference:C:\Users\la6ke\.nuget\packages\microsoft.identity.abstractions\5.1.0\lib\netstandard2.1\Microsoft.Identity.Abstractions.dll /reference:C:\Users\la6ke\.nuget\packages\microsoft.identity.client\4.67.2\lib\net8.0\Microsoft.Identity.Client.dll /reference:C:\Users\la6ke\.nuget\packages\microsoft.identity.client.extensions.msal\4.67.2\lib\net8.0\Microsoft.Identity.Client.Extensions.Msal.dll /reference:C:\Users\la6ke\.nuget\packages\microsoft.identity.web.certificate\2.16.1\lib\net8.0\Microsoft.Identity.Web.Certificate.dll /reference:C:\Users\la6ke\.nuget\packages\microsoft.identity.web.certificateless\2.16.1\lib\netstandard2.0\Microsoft.Identity.Web.Certificateless.dll /reference:C:\Users\la6ke\.nuget\packages\microsoft.identity.web.diagnostics\2.16.1\lib\net8.0\Microsoft.Identity.Web.Diagnostics.dll /reference:C:\Users\la6ke\.nuget\packages\microsoft.identity.web\2.16.1\lib\net8.0\Microsoft.Identity.Web.dll /reference:C:\Users\la6ke\.nuget\packages\microsoft.identity.web.tokenacquisition\2.16.1\lib\net8.0\Microsoft.Identity.Web.TokenAcquisition.dll /reference:C:\Users\la6ke\.nuget\packages\microsoft.identity.web.tokencache\2.16.1\lib\net8.0\Microsoft.Identity.Web.TokenCache.dll /reference:C:\Users\la6ke\.nuget\packages\microsoft.identitymodel.abstractions\7.1.2\lib\net8.0\Microsoft.IdentityModel.Abstractions.dll /reference:C:\Users\la6ke\.nuget\packages\microsoft.identitymodel.jsonwebtokens\7.1.2\lib\net8.0\Microsoft.IdentityModel.JsonWebTokens.dll /reference:C:\Users\la6ke\.nuget\packages\microsoft.identitymodel.logging\7.1.2\lib\net8.0\Microsoft.IdentityModel.Logging.dll /reference:C:\Users\la6ke\.nuget\packages\microsoft.identitymodel.loggingextensions\7.1.2\lib\netstandard2.0\Microsoft.IdentityModel.LoggingExtensions.dll /reference:C:\Users\la6ke\.nuget\packages\microsoft.identitymodel.protocols\7.1.2\lib\net8.0\Microsoft.IdentityModel.Protocols.dll /reference:C:\Users\la6ke\.nuget\packages\microsoft.identitymodel.protocols.openidconnect\7.1.2\lib\net8.0\Microsoft.IdentityModel.Protocols.OpenIdConnect.dll /reference:C:\Users\la6ke\.nuget\packages\microsoft.identitymodel.tokens\7.1.2\lib\net8.0\Microsoft.IdentityModel.Tokens.dll /reference:C:\Users\la6ke\.nuget\packages\microsoft.identitymodel.validators\7.1.2\lib\net8.0\Microsoft.IdentityModel.Validators.dll /reference:"C:\Program Files\dotnet\packs\Microsoft.AspNetCore.App.Ref\8.0.23\ref\net8.0\Microsoft.JSInterop.dll" /reference:"C:\Program Files\dotnet\packs\Microsoft.AspNetCore.App.Ref\8.0.23\ref\net8.0\Microsoft.Net.Http.Headers.dll" /reference:C:\Users\la6ke\.nuget\packages\microsoft.openapi\1.2.3\lib\netstandard2.0\Microsoft.OpenApi.dll /reference:C:\Users\la6ke\.nuget\packages\microsoft.sqlserver.server\1.0.0\lib\netstandard2.0\Microsoft.SqlServer.Server.dll /reference:C:\Users\la6ke\.nuget\packages\microsoft.testplatform.testhost\17.8.0\lib\netcoreapp3.1\Microsoft.TestPlatform.CommunicationUtilities.dll /reference:C:\Users\la6ke\.nuget\packages\microsoft.testplatform.testhost\17.8.0\lib\netcoreapp3.1\Microsoft.TestPlatform.CoreUtilities.dll /reference:C:\Users\la6ke\.nuget\packages\microsoft.testplatform.testhost\17.8.0\lib\netcoreapp3.1\Microsoft.TestPlatform.CrossPlatEngine.dll /reference:C:\Users\la6ke\.nuget\packages\microsoft.testplatform.testhost\17.8.0\lib\netcoreapp3.1\Microsoft.TestPlatform.PlatformAbstractions.dll /reference:C:\Users\la6ke\.nuget\packages\microsoft.testplatform.testhost\17.8.0\lib\netcoreapp3.1\Microsoft.TestPlatform.Utilities.dll /reference:"C:\Program Files\dotnet\packs\Microsoft.NETCore.App.Ref\8.0.23\ref\net8.0\Microsoft.VisualBasic.Core.dll" /reference:"C:\Program Files\dotnet\packs\Microsoft.NETCore.App.Ref\8.0.23\ref\net8.0\Microsoft.VisualBasic.dll" /reference:C:\Users\la6ke\.nuget\packages\microsoft.codecoverage\17.8.0\lib\netcoreapp3.1\Microsoft.VisualStudio.CodeCoverage.Shim.dll /reference:C:\Users\la6ke\.nuget\packages\microsoft.testplatform.testhost\17.8.0\lib\netcoreapp3.1\Microsoft.VisualStudio.TestPlatform.Common.dll /reference:C:\Users\la6ke\.nuget\packages\microsoft.testplatform.testhost\17.8.0\lib\netcoreapp3.1\Microsoft.VisualStudio.TestPlatform.ObjectModel.dll /reference:"C:\Program Files\dotnet\packs\Microsoft.NETCore.App.Ref\8.0.23\ref\net8.0\Microsoft.Win32.Primitives.dll" /reference:"C:\Program Files\dotnet\packs\Microsoft.NETCore.App.Ref\8.0.23\ref\net8.0\Microsoft.Win32.Registry.dll" /reference:C:\Users\la6ke\.nuget\packages\microsoft.win32.systemevents\6.0.0\lib\net6.0\Microsoft.Win32.SystemEvents.dll /reference:C:\Users\la6ke\.nuget\packages\moq\4.20.70\lib\net6.0\Moq.dll /reference:"C:\Program Files\dotnet\packs\Microsoft.NETCore.App.Ref\8.0.23\ref\net8.0\mscorlib.dll" /reference:"C:\Program Files\dotnet\packs\Microsoft.NETCore.App.Ref\8.0.23\ref\net8.0\netstandard.dll" /reference:C:\Users\la6ke\.nuget\packages\newtonsoft.json\13.0.1\lib\netstandard2.0\Newtonsoft.Json.dll /reference:C:\Users\la6ke\.nuget\packages\nuget.frameworks\6.5.0\lib\netstandard2.0\NuGet.Frameworks.dll /reference:C:\Users\la6ke\.nuget\packages\opentelemetry.api\1.10.0\lib\net8.0\OpenTelemetry.Api.dll /reference:C:\Users\la6ke\.nuget\packages\opentelemetry.api.providerbuilderextensions\1.10.0\lib\net8.0\OpenTelemetry.Api.ProviderBuilderExtensions.dll /reference:C:\Users\la6ke\.nuget\packages\opentelemetry\1.9.0\lib\net8.0\OpenTelemetry.dll /reference:C:\Users\la6ke\.nuget\packages\opentelemetry.exporter.console\1.9.0\lib\net8.0\OpenTelemetry.Exporter.Console.dll /reference:C:\Users\la6ke\.nuget\packages\opentelemetry.exporter.opentelemetryprotocol\1.9.0\lib\net8.0\OpenTelemetry.Exporter.OpenTelemetryProtocol.dll /reference:C:\Users\la6ke\.nuget\packages\opentelemetry.extensions.hosting\1.9.0\lib\net8.0\OpenTelemetry.Extensions.Hosting.dll /reference:C:\Users\la6ke\.nuget\packages\opentelemetry.instrumentation.aspnetcore\1.9.0\lib\net8.0\OpenTelemetry.Instrumentation.AspNetCore.dll /reference:C:\Users\la6ke\.nuget\packages\opentelemetry.instrumentation.entityframeworkcore\1.0.0-beta.12\lib\netstandard2.0\OpenTelemetry.Instrumentation.EntityFrameworkCore.dll /reference:C:\Users\la6ke\.nuget\packages\opentelemetry.instrumentation.http\1.9.0\lib\net8.0\OpenTelemetry.Instrumentation.Http.dll /reference:C:\Users\la6ke\.nuget\packages\opentelemetry.instrumentation.stackexchangeredis\1.10.0-beta.1\lib\net8.0\OpenTelemetry.Instrumentation.StackExchangeRedis.dll /reference:C:\Users\la6ke\.nuget\packages\pipelines.sockets.unofficial\2.2.8\lib\net5.0\Pipelines.Sockets.Unofficial.dll /reference:C:\Users\la6ke\.nuget\packages\ssh.net\2023.0.0\lib\net7.0\Renci.SshNet.dll /reference:C:\Users\la6ke\.nuget\packages\serilog.aspnetcore\8.0.0\lib\net8.0\Serilog.AspNetCore.dll /reference:C:\Users\la6ke\.nuget\packages\serilog\3.1.1\lib\net7.0\Serilog.dll /reference:C:\Users\la6ke\.nuget\packages\serilog.enrichers.environment\2.3.0\lib\netstandard2.0\Serilog.Enrichers.Environment.dll /reference:C:\Users\la6ke\.nuget\packages\serilog.extensions.hosting\8.0.0\lib\net8.0\Serilog.Extensions.Hosting.dll /reference:C:\Users\la6ke\.nuget\packages\serilog.extensions.logging\8.0.0\lib\net8.0\Serilog.Extensions.Logging.dll /reference:C:\Users\la6ke\.nuget\packages\serilog.formatting.compact\2.0.0\lib\net7.0\Serilog.Formatting.Compact.dll /reference:C:\Users\la6ke\.nuget\packages\serilog.settings.configuration\8.0.0\lib\net8.0\Serilog.Settings.Configuration.dll /reference:C:\Users\la6ke\.nuget\packages\serilog.sinks.applicationinsights\4.0.0\lib\net6.0\Serilog.Sinks.ApplicationInsights.dll /reference:C:\Users\la6ke\.nuget\packages\serilog.sinks.console\5.0.1\lib\net7.0\Serilog.Sinks.Console.dll /reference:C:\Users\la6ke\.nuget\packages\serilog.sinks.debug\2.0.0\lib\netstandard2.1\Serilog.Sinks.Debug.dll /reference:C:\Users\la6ke\.nuget\packages\serilog.sinks.file\5.0.0\lib\net5.0\Serilog.Sinks.File.dll /reference:C:\Users\la6ke\.nuget\packages\serilog.sinks.periodicbatching\3.1.0\lib\netstandard2.1\Serilog.Sinks.PeriodicBatching.dll /reference:C:\Users\la6ke\.nuget\packages\serilog.sinks.seq\6.0.0\lib\net6.0\Serilog.Sinks.Seq.dll /reference:C:\Users\la6ke\.nuget\packages\sshnet.security.cryptography\1.3.0\lib\netstandard2.0\SshNet.Security.Cryptography.dll /reference:C:\Users\la6ke\.nuget\packages\stackexchange.redis\2.7.33\lib\net6.0\StackExchange.Redis.dll /reference:C:\Users\la6ke\.nuget\packages\swashbuckle.aspnetcore.swagger\6.5.0\lib\net7.0\Swashbuckle.AspNetCore.Swagger.dll /reference:C:\Users\la6ke\.nuget\packages\swashbuckle.aspnetcore.swaggergen\6.5.0\lib\net7.0\Swashbuckle.AspNetCore.SwaggerGen.dll /reference:C:\Users\la6ke\.nuget\packages\swashbuckle.aspnetcore.swaggerui\6.5.0\lib\net7.0\Swashbuckle.AspNetCore.SwaggerUI.dll /reference:"C:\Program Files\dotnet\packs\Microsoft.NETCore.App.Ref\8.0.23\ref\net8.0\System.AppContext.dll" /reference:"C:\Program Files\dotnet\packs\Microsoft.NETCore.App.Ref\8.0.23\ref\net8.0\System.Buffers.dll" /reference:C:\Users\la6ke\.nuget\packages\system.clientmodel\1.1.0\lib\net6.0\System.ClientModel.dll /reference:"C:\Program Files\dotnet\packs\Microsoft.NETCore.App.Ref\8.0.23\ref\net8.0\System.Collections.Concurrent.dll" /reference:"C:\Program Files\dotnet\packs\Microsoft.NETCore.App.Ref\8.0.23\ref\net8.0\System.Collections.dll" /reference:"C:\Program Files\dotnet\packs\Microsoft.NETCore.App.Ref\8.0.23\ref\net8.0\System.Collections.Immutable.dll" /reference:"C:\Program Files\dotnet\packs\Microsoft.NETCore.App.Ref\8.0.23\ref\net8.0\System.Collections.NonGeneric.dll" /reference:"C:\Program Files\dotnet\packs\Microsoft.NETCore.App.Ref\8.0.23\ref\net8.0\System.Collections.Specialized.dll" /reference:"C:\Program Files\dotnet\packs\Microsoft.NETCore.App.Ref\8.0.23\ref\net8.0\System.ComponentModel.Annotations.dll" /reference:"C:\Program Files\dotnet\packs\Microsoft.NETCore.App.Ref\8.0.23\ref\net8.0\System.ComponentModel.DataAnnotations.dll" /reference:"C:\Program Files\dotnet\packs\Microsoft.NETCore.App.Ref\8.0.23\ref\net8.0\System.ComponentModel.dll" /reference:"C:\Program Files\dotnet\packs\Microsoft.NETCore.App.Ref\8.0.23\ref\net8.0\System.ComponentModel.EventBasedAsync.dll" /reference:"C:\Program Files\dotnet\packs\Microsoft.NETCore.App.Ref\8.0.23\ref\net8.0\System.ComponentModel.Primitives.dll" /reference:"C:\Program Files\dotnet\packs\Microsoft.NETCore.App.Ref\8.0.23\ref\net8.0\System.ComponentModel.TypeConverter.dll" /reference:C:\Users\la6ke\.nuget\packages\system.configuration.configurationmanager\6.0.1\lib\net6.0\System.Configuration.ConfigurationManager.dll /reference:"C:\Program Files\dotnet\packs\Microsoft.NETCore.App.Ref\8.0.23\ref\net8.0\System.Configuration.dll" /reference:"C:\Program Files\dotnet\packs\Microsoft.NETCore.App.Ref\8.0.23\ref\net8.0\System.Console.dll" /reference:"C:\Program Files\dotnet\packs\Microsoft.NETCore.App.Ref\8.0.23\ref\net8.0\System.Core.dll" /reference:"C:\Program Files\dotnet\packs\Microsoft.NETCore.App.Ref\8.0.23\ref\net8.0\System.Data.Common.dll" /reference:"C:\Program Files\dotnet\packs\Microsoft.NETCore.App.Ref\8.0.23\ref\net8.0\System.Data.DataSetExtensions.dll" /reference:"C:\Program Files\dotnet\packs\Microsoft.NETCore.App.Ref\8.0.23\ref\net8.0\System.Data.dll" /reference:"C:\Program Files\dotnet\packs\Microsoft.NETCore.App.Ref\8.0.23\ref\net8.0\System.Diagnostics.Contracts.dll" /reference:"C:\Program Files\dotnet\packs\Microsoft.NETCore.App.Ref\8.0.23\ref\net8.0\System.Diagnostics.Debug.dll" /reference:C:\Users\la6ke\.nuget\packages\system.diagnostics.diagnosticsource\9.0.0\lib\net8.0\System.Diagnostics.DiagnosticSource.dll /reference:"C:\Program Files\dotnet\packs\Microsoft.AspNetCore.App.Ref\8.0.23\ref\net8.0\System.Diagnostics.EventLog.dll" /reference:"C:\Program Files\dotnet\packs\Microsoft.NETCore.App.Ref\8.0.23\ref\net8.0\System.Diagnostics.FileVersionInfo.dll" /reference:"C:\Program Files\dotnet\packs\Microsoft.NETCore.App.Ref\8.0.23\ref\net8.0\System.Diagnostics.Process.dll" /reference:"C:\Program Files\dotnet\packs\Microsoft.NETCore.App.Ref\8.0.23\ref\net8.0\System.Diagnostics.StackTrace.dll" /reference:"C:\Program Files\dotnet\packs\Microsoft.NETCore.App.Ref\8.0.23\ref\net8.0\System.Diagnostics.TextWriterTraceListener.dll" /reference:"C:\Program Files\dotnet\packs\Microsoft.NETCore.App.Ref\8.0.23\ref\net8.0\System.Diagnostics.Tools.dll" /reference:"C:\Program Files\dotnet\packs\Microsoft.NETCore.App.Ref\8.0.23\ref\net8.0\System.Diagnostics.TraceSource.dll" /reference:"C:\Program Files\dotnet\packs\Microsoft.NETCore.App.Ref\8.0.23\ref\net8.0\System.Diagnostics.Tracing.dll" /reference:"C:\Program Files\dotnet\packs\Microsoft.NETCore.App.Ref\8.0.23\ref\net8.0\System.dll" /reference:C:\Users\la6ke\.nuget\packages\system.drawing.common\6.0.0\lib\net6.0\System.Drawing.Common.dll /reference:"C:\Program Files\dotnet\packs\Microsoft.NETCore.App.Ref\8.0.23\ref\net8.0\System.Drawing.dll" /reference:"C:\Program Files\dotnet\packs\Microsoft.NETCore.App.Ref\8.0.23\ref\net8.0\System.Drawing.Primitives.dll" /reference:"C:\Program Files\dotnet\packs\Microsoft.NETCore.App.Ref\8.0.23\ref\net8.0\System.Dynamic.Runtime.dll" /reference:"C:\Program Files\dotnet\packs\Microsoft.NETCore.App.Ref\8.0.23\ref\net8.0\System.Formats.Asn1.dll" /reference:"C:\Program Files\dotnet\packs\Microsoft.NETCore.App.Ref\8.0.23\ref\net8.0\System.Formats.Tar.dll" /reference:"C:\Program Files\dotnet\packs\Microsoft.NETCore.App.Ref\8.0.23\ref\net8.0\System.Globalization.Calendars.dll" /reference:"C:\Program Files\dotnet\packs\Microsoft.NETCore.App.Ref\8.0.23\ref\net8.0\System.Globalization.dll" /reference:"C:\Program Files\dotnet\packs\Microsoft.NETCore.App.Ref\8.0.23\ref\net8.0\System.Globalization.Extensions.dll" /reference:C:\Users\la6ke\.nuget\packages\system.identitymodel.tokens.jwt\7.1.2\lib\net8.0\System.IdentityModel.Tokens.Jwt.dll /reference:"C:\Program Files\dotnet\packs\Microsoft.NETCore.App.Ref\8.0.23\ref\net8.0\System.IO.Compression.Brotli.dll" /reference:"C:\Program Files\dotnet\packs\Microsoft.NETCore.App.Ref\8.0.23\ref\net8.0\System.IO.Compression.dll" /reference:"C:\Program Files\dotnet\packs\Microsoft.NETCore.App.Ref\8.0.23\ref\net8.0\System.IO.Compression.FileSystem.dll" /reference:"C:\Program Files\dotnet\packs\Microsoft.NETCore.App.Ref\8.0.23\ref\net8.0\System.IO.Compression.ZipFile.dll" /reference:"C:\Program Files\dotnet\packs\Microsoft.NETCore.App.Ref\8.0.23\ref\net8.0\System.IO.dll" /reference:"C:\Program Files\dotnet\packs\Microsoft.NETCore.App.Ref\8.0.23\ref\net8.0\System.IO.FileSystem.AccessControl.dll" /reference:"C:\Program Files\dotnet\packs\Microsoft.NETCore.App.Ref\8.0.23\ref\net8.0\System.IO.FileSystem.dll" /reference:"C:\Program Files\dotnet\packs\Microsoft.NETCore.App.Ref\8.0.23\ref\net8.0\System.IO.FileSystem.DriveInfo.dll" /reference:"C:\Program Files\dotnet\packs\Microsoft.NETCore.App.Ref\8.0.23\ref\net8.0\System.IO.FileSystem.Primitives.dll" /reference:"C:\Program Files\dotnet\packs\Microsoft.NETCore.App.Ref\8.0.23\ref\net8.0\System.IO.FileSystem.Watcher.dll" /reference:C:\Users\la6ke\.nuget\packages\system.io.hashing\6.0.0\lib\net6.0\System.IO.Hashing.dll /reference:"C:\Program Files\dotnet\packs\Microsoft.NETCore.App.Ref\8.0.23\ref\net8.0\System.IO.IsolatedStorage.dll" /reference:"C:\Program Files\dotnet\packs\Microsoft.NETCore.App.Ref\8.0.23\ref\net8.0\System.IO.MemoryMappedFiles.dll" /reference:"C:\Program Files\dotnet\packs\Microsoft.AspNetCore.App.Ref\8.0.23\ref\net8.0\System.IO.Pipelines.dll" /reference:"C:\Program Files\dotnet\packs\Microsoft.NETCore.App.Ref\8.0.23\ref\net8.0\System.IO.Pipes.AccessControl.dll" /reference:"C:\Program Files\dotnet\packs\Microsoft.NETCore.App.Ref\8.0.23\ref\net8.0\System.IO.Pipes.dll" /reference:"C:\Program Files\dotnet\packs\Microsoft.NETCore.App.Ref\8.0.23\ref\net8.0\System.IO.UnmanagedMemoryStream.dll" /reference:"C:\Program Files\dotnet\packs\Microsoft.NETCore.App.Ref\8.0.23\ref\net8.0\System.Linq.dll" /reference:"C:\Program Files\dotnet\packs\Microsoft.NETCore.App.Ref\8.0.23\ref\net8.0\System.Linq.Expressions.dll" /reference:"C:\Program Files\dotnet\packs\Microsoft.NETCore.App.Ref\8.0.23\ref\net8.0\System.Linq.Parallel.dll" /reference:"C:\Program Files\dotnet\packs\Microsoft.NETCore.App.Ref\8.0.23\ref\net8.0\System.Linq.Queryable.dll" /reference:C:\Users\la6ke\.nuget\packages\system.memory.data\6.0.0\lib\net6.0\System.Memory.Data.dll /reference:"C:\Program Files\dotnet\packs\Microsoft.NETCore.App.Ref\8.0.23\ref\net8.0\System.Memory.dll" /reference:"C:\Program Files\dotnet\packs\Microsoft.NETCore.App.Ref\8.0.23\ref\net8.0\System.Net.dll" /reference:"C:\Program Files\dotnet\packs\Microsoft.NETCore.App.Ref\8.0.23\ref\net8.0\System.Net.Http.dll" /reference:"C:\Program Files\dotnet\packs\Microsoft.NETCore.App.Ref\8.0.23\ref\net8.0\System.Net.Http.Json.dll" /reference:"C:\Program Files\dotnet\packs\Microsoft.NETCore.App.Ref\8.0.23\ref\net8.0\System.Net.HttpListener.dll" /reference:"C:\Program Files\dotnet\packs\Microsoft.NETCore.App.Ref\8.0.23\ref\net8.0\System.Net.Mail.dll" /reference:"C:\Program Files\dotnet\packs\Microsoft.NETCore.App.Ref\8.0.23\ref\net8.0\System.Net.NameResolution.dll" /reference:"C:\Program Files\dotnet\packs\Microsoft.NETCore.App.Ref\8.0.23\ref\net8.0\System.Net.NetworkInformation.dll" /reference:"C:\Program Files\dotnet\packs\Microsoft.NETCore.App.Ref\8.0.23\ref\net8.0\System.Net.Ping.dll" /reference:"C:\Program Files\dotnet\packs\Microsoft.NETCore.App.Ref\8.0.23\ref\net8.0\System.Net.Primitives.dll" /reference:"C:\Program Files\dotnet\packs\Microsoft.NETCore.App.Ref\8.0.23\ref\net8.0\System.Net.Quic.dll" /reference:"C:\Program Files\dotnet\packs\Microsoft.NETCore.App.Ref\8.0.23\ref\net8.0\System.Net.Requests.dll" /reference:"C:\Program Files\dotnet\packs\Microsoft.NETCore.App.Ref\8.0.23\ref\net8.0\System.Net.Security.dll" /reference:"C:\Program Files\dotnet\packs\Microsoft.NETCore.App.Ref\8.0.23\ref\net8.0\System.Net.ServicePoint.dll" /reference:"C:\Program Files\dotnet\packs\Microsoft.NETCore.App.Ref\8.0.23\ref\net8.0\System.Net.Sockets.dll" /reference:"C:\Program Files\dotnet\packs\Microsoft.NETCore.App.Ref\8.0.23\ref\net8.0\System.Net.WebClient.dll" /reference:"C:\Program Files\dotnet\packs\Microsoft.NETCore.App.Ref\8.0.23\ref\net8.0\System.Net.WebHeaderCollection.dll" /reference:"C:\Program Files\dotnet\packs\Microsoft.NETCore.App.Ref\8.0.23\ref\net8.0\System.Net.WebProxy.dll" /reference:"C:\Program Files\dotnet\packs\Microsoft.NETCore.App.Ref\8.0.23\ref\net8.0\System.Net.WebSockets.Client.dll" /reference:"C:\Program Files\dotnet\packs\Microsoft.NETCore.App.Ref\8.0.23\ref\net8.0\System.Net.WebSockets.dll" /reference:C:\Users\la6ke\.nuget\packages\system.net.websockets.websocketprotocol\4.5.1\ref\netstandard2.0\System.Net.WebSockets.WebSocketProtocol.dll /reference:"C:\Program Files\dotnet\packs\Microsoft.NETCore.App.Ref\8.0.23\ref\net8.0\System.Numerics.dll" /reference:"C:\Program Files\dotnet\packs\Microsoft.NETCore.App.Ref\8.0.23\ref\net8.0\System.Numerics.Vectors.dll" /reference:"C:\Program Files\dotnet\packs\Microsoft.NETCore.App.Ref\8.0.23\ref\net8.0\System.ObjectModel.dll" /reference:"C:\Program Files\dotnet\packs\Microsoft.NETCore.App.Ref\8.0.23\ref\net8.0\System.Reflection.DispatchProxy.dll" /reference:"C:\Program Files\dotnet\packs\Microsoft.NETCore.App.Ref\8.0.23\ref\net8.0\System.Reflection.dll" /reference:"C:\Program Files\dotnet\packs\Microsoft.NETCore.App.Ref\8.0.23\ref\net8.0\System.Reflection.Emit.dll" /reference:"C:\Program Files\dotnet\packs\Microsoft.NETCore.App.Ref\8.0.23\ref\net8.0\System.Reflection.Emit.ILGeneration.dll" /reference:"C:\Program Files\dotnet\packs\Microsoft.NETCore.App.Ref\8.0.23\ref\net8.0\System.Reflection.Emit.Lightweight.dll" /reference:"C:\Program Files\dotnet\packs\Microsoft.NETCore.App.Ref\8.0.23\ref\net8.0\System.Reflection.Extensions.dll" /reference:"C:\Program Files\dotnet\packs\Microsoft.NETCore.App.Ref\8.0.23\ref\net8.0\System.Reflection.Metadata.dll" /reference:"C:\Program Files\dotnet\packs\Microsoft.NETCore.App.Ref\8.0.23\ref\net8.0\System.Reflection.Primitives.dll" /reference:"C:\Program Files\dotnet\packs\Microsoft.NETCore.App.Ref\8.0.23\ref\net8.0\System.Reflection.TypeExtensions.dll" /reference:"C:\Program Files\dotnet\packs\Microsoft.NETCore.App.Ref\8.0.23\ref\net8.0\System.Resources.Reader.dll" /reference:"C:\Program Files\dotnet\packs\Microsoft.NETCore.App.Ref\8.0.23\ref\net8.0\System.Resources.ResourceManager.dll" /reference:"C:\Program Files\dotnet\packs\Microsoft.NETCore.App.Ref\8.0.23\ref\net8.0\System.Resources.Writer.dll" /reference:"C:\Program Files\dotnet\packs\Microsoft.NETCore.App.Ref\8.0.23\ref\net8.0\System.Runtime.CompilerServices.Unsafe.dll" /reference:"C:\Program Files\dotnet\packs\Microsoft.NETCore.App.Ref\8.0.23\ref\net8.0\System.Runtime.CompilerServices.VisualC.dll" /reference:"C:\Program Files\dotnet\packs\Microsoft.NETCore.App.Ref\8.0.23\ref\net8.0\System.Runtime.dll" /reference:"C:\Program Files\dotnet\packs\Microsoft.NETCore.App.Ref\8.0.23\ref\net8.0\System.Runtime.Extensions.dll" /reference:"C:\Program Files\dotnet\packs\Microsoft.NETCore.App.Ref\8.0.23\ref\net8.0\System.Runtime.Handles.dll" /reference:"C:\Program Files\dotnet\packs\Microsoft.NETCore.App.Ref\8.0.23\ref\net8.0\System.Runtime.InteropServices.dll" /reference:"C:\Program Files\dotnet\packs\Microsoft.NETCore.App.Ref\8.0.23\ref\net8.0\System.Runtime.InteropServices.JavaScript.dll" /reference:"C:\Program Files\dotnet\packs\Microsoft.NETCore.App.Ref\8.0.23\ref\net8.0\System.Runtime.InteropServices.RuntimeInformation.dll" /reference:"C:\Program Files\dotnet\packs\Microsoft.NETCore.App.Ref\8.0.23\ref\net8.0\System.Runtime.Intrinsics.dll" /reference:"C:\Program Files\dotnet\packs\Microsoft.NETCore.App.Ref\8.0.23\ref\net8.0\System.Runtime.Loader.dll" /reference:"C:\Program Files\dotnet\packs\Microsoft.NETCore.App.Ref\8.0.23\ref\net8.0\System.Runtime.Numerics.dll" /reference:"C:\Program Files\dotnet\packs\Microsoft.NETCore.App.Ref\8.0.23\ref\net8.0\System.Runtime.Serialization.dll" /reference:"C:\Program Files\dotnet\packs\Microsoft.NETCore.App.Ref\8.0.23\ref\net8.0\System.Runtime.Serialization.Formatters.dll" /reference:"C:\Program Files\dotnet\packs\Microsoft.NETCore.App.Ref\8.0.23\ref\net8.0\System.Runtime.Serialization.Json.dll" /reference:"C:\Program Files\dotnet\packs\Microsoft.NETCore.App.Ref\8.0.23\ref\net8.0\System.Runtime.Serialization.Primitives.dll" /reference:"C:\Program Files\dotnet\packs\Microsoft.NETCore.App.Ref\8.0.23\ref\net8.0\System.Runtime.Serialization.Xml.dll" /reference:"C:\Program Files\dotnet\packs\Microsoft.NETCore.App.Ref\8.0.23\ref\net8.0\System.Security.AccessControl.dll" /reference:"C:\Program Files\dotnet\packs\Microsoft.NETCore.App.Ref\8.0.23\ref\net8.0\System.Security.Claims.dll" /reference:"C:\Program Files\dotnet\packs\Microsoft.NETCore.App.Ref\8.0.23\ref\net8.0\System.Security.Cryptography.Algorithms.dll" /reference:"C:\Program Files\dotnet\packs\Microsoft.NETCore.App.Ref\8.0.23\ref\net8.0\System.Security.Cryptography.Cng.dll" /reference:"C:\Program Files\dotnet\packs\Microsoft.NETCore.App.Ref\8.0.23\ref\net8.0\System.Security.Cryptography.Csp.dll" /reference:"C:\Program Files\dotnet\packs\Microsoft.NETCore.App.Ref\8.0.23\ref\net8.0\System.Security.Cryptography.dll" /reference:"C:\Program Files\dotnet\packs\Microsoft.NETCore.App.Ref\8.0.23\ref\net8.0\System.Security.Cryptography.Encoding.dll" /reference:"C:\Program Files\dotnet\packs\Microsoft.NETCore.App.Ref\8.0.23\ref\net8.0\System.Security.Cryptography.OpenSsl.dll" /reference:C:\Users\la6ke\.nuget\packages\system.security.cryptography.pkcs\8.0.0\lib\net8.0\System.Security.Cryptography.Pkcs.dll /reference:"C:\Program Files\dotnet\packs\Microsoft.NETCore.App.Ref\8.0.23\ref\net8.0\System.Security.Cryptography.Primitives.dll" /reference:C:\Users\la6ke\.nuget\packages\system.security.cryptography.protecteddata\6.0.0\lib\net6.0\System.Security.Cryptography.ProtectedData.dll /reference:"C:\Program Files\dotnet\packs\Microsoft.NETCore.App.Ref\8.0.23\ref\net8.0\System.Security.Cryptography.X509Certificates.dll" /reference:"C:\Program Files\dotnet\packs\Microsoft.AspNetCore.App.Ref\8.0.23\ref\net8.0\System.Security.Cryptography.Xml.dll" /reference:"C:\Program Files\dotnet\packs\Microsoft.NETCore.App.Ref\8.0.23\ref\net8.0\System.Security.dll" /reference:C:\Users\la6ke\.nuget\packages\system.security.permissions\6.0.0\lib\net6.0\System.Security.Permissions.dll /reference:"C:\Program Files\dotnet\packs\Microsoft.NETCore.App.Ref\8.0.23\ref\net8.0\System.Security.Principal.dll" /reference:"C:\Program Files\dotnet\packs\Microsoft.NETCore.App.Ref\8.0.23\ref\net8.0\System.Security.Principal.Windows.dll" /reference:"C:\Program Files\dotnet\packs\Microsoft.NETCore.App.Ref\8.0.23\ref\net8.0\System.Security.SecureString.dll" /reference:"C:\Program Files\dotnet\packs\Microsoft.NETCore.App.Ref\8.0.23\ref\net8.0\System.ServiceModel.Web.dll" /reference:"C:\Program Files\dotnet\packs\Microsoft.NETCore.App.Ref\8.0.23\ref\net8.0\System.ServiceProcess.dll" /reference:"C:\Program Files\dotnet\packs\Microsoft.NETCore.App.Ref\8.0.23\ref\net8.0\System.Text.Encoding.CodePages.dll" /reference:"C:\Program Files\dotnet\packs\Microsoft.NETCore.App.Ref\8.0.23\ref\net8.0\System.Text.Encoding.dll" /reference:"C:\Program Files\dotnet\packs\Microsoft.NETCore.App.Ref\8.0.23\ref\net8.0\System.Text.Encoding.Extensions.dll" /reference:"C:\Program Files\dotnet\packs\Microsoft.NETCore.App.Ref\8.0.23\ref\net8.0\System.Text.Encodings.Web.dll" /reference:"C:\Program Files\dotnet\packs\Microsoft.NETCore.App.Ref\8.0.23\ref\net8.0\System.Text.Json.dll" /reference:"C:\Program Files\dotnet\packs\Microsoft.NETCore.App.Ref\8.0.23\ref\net8.0\System.Text.RegularExpressions.dll" /reference:"C:\Program Files\dotnet\packs\Microsoft.NETCore.App.Ref\8.0.23\ref\net8.0\System.Threading.Channels.dll" /reference:"C:\Program Files\dotnet\packs\Microsoft.NETCore.App.Ref\8.0.23\ref\net8.0\System.Threading.dll" /reference:"C:\Program Files\dotnet\packs\Microsoft.NETCore.App.Ref\8.0.23\ref\net8.0\System.Threading.Overlapped.dll" /reference:"C:\Program Files\dotnet\packs\Microsoft.AspNetCore.App.Ref\8.0.23\ref\net8.0\System.Threading.RateLimiting.dll" /reference:"C:\Program Files\dotnet\packs\Microsoft.NETCore.App.Ref\8.0.23\ref\net8.0\System.Threading.Tasks.Dataflow.dll" /reference:"C:\Program Files\dotnet\packs\Microsoft.NETCore.App.Ref\8.0.23\ref\net8.0\System.Threading.Tasks.dll" /reference:"C:\Program Files\dotnet\packs\Microsoft.NETCore.App.Ref\8.0.23\ref\net8.0\System.Threading.Tasks.Extensions.dll" /reference:"C:\Program Files\dotnet\packs\Microsoft.NETCore.App.Ref\8.0.23\ref\net8.0\System.Threading.Tasks.Parallel.dll" /reference:"C:\Program Files\dotnet\packs\Microsoft.NETCore.App.Ref\8.0.23\ref\net8.0\System.Threading.Thread.dll" /reference:"C:\Program Files\dotnet\packs\Microsoft.NETCore.App.Ref\8.0.23\ref\net8.0\System.Threading.ThreadPool.dll" /reference:"C:\Program Files\dotnet\packs\Microsoft.NETCore.App.Ref\8.0.23\ref\net8.0\System.Threading.Timer.dll" /reference:"C:\Program Files\dotnet\packs\Microsoft.NETCore.App.Ref\8.0.23\ref\net8.0\System.Transactions.dll" /reference:"C:\Program Files\dotnet\packs\Microsoft.NETCore.App.Ref\8.0.23\ref\net8.0\System.Transactions.Local.dll" /reference:"C:\Program Files\dotnet\packs\Microsoft.NETCore.App.Ref\8.0.23\ref\net8.0\System.ValueTuple.dll" /reference:"C:\Program Files\dotnet\packs\Microsoft.NETCore.App.Ref\8.0.23\ref\net8.0\System.Web.dll" /reference:"C:\Program Files\dotnet\packs\Microsoft.NETCore.App.Ref\8.0.23\ref\net8.0\System.Web.HttpUtility.dll" /reference:"C:\Program Files\dotnet\packs\Microsoft.NETCore.App.Ref\8.0.23\ref\net8.0\System.Windows.dll" /reference:C:\Users\la6ke\.nuget\packages\system.windows.extensions\6.0.0\lib\net6.0\System.Windows.Extensions.dll /reference:"C:\Program Files\dotnet\packs\Microsoft.NETCore.App.Ref\8.0.23\ref\net8.0\System.Xml.dll" /reference:"C:\Program Files\dotnet\packs\Microsoft.NETCore.App.Ref\8.0.23\ref\net8.0\System.Xml.Linq.dll" /reference:"C:\Program Files\dotnet\packs\Microsoft.NETCore.App.Ref\8.0.23\ref\net8.0\System.Xml.ReaderWriter.dll" /reference:"C:\Program Files\dotnet\packs\Microsoft.NETCore.App.Ref\8.0.23\ref\net8.0\System.Xml.Serialization.dll" /reference:"C:\Program Files\dotnet\packs\Microsoft.NETCore.App.Ref\8.0.23\ref\net8.0\System.Xml.XDocument.dll" /reference:"C:\Program Files\dotnet\packs\Microsoft.NETCore.App.Ref\8.0.23\ref\net8.0\System.Xml.XmlDocument.dll" /reference:"C:\Program Files\dotnet\packs\Microsoft.NETCore.App.Ref\8.0.23\ref\net8.0\System.Xml.XmlSerializer.dll" /reference:"C:\Program Files\dotnet\packs\Microsoft.NETCore.App.Ref\8.0.23\ref\net8.0\System.Xml.XPath.dll" /reference:"C:\Program Files\dotnet\packs\Microsoft.NETCore.App.Ref\8.0.23\ref\net8.0\System.Xml.XPath.XDocument.dll" /reference:C:\Users\la6ke\.nuget\packages\testcontainers\3.7.0\lib\netstandard2.1\Testcontainers.dll /reference:C:\Users\la6ke\.nuget\packages\testcontainers.mssql\3.7.0\lib\netstandard2.1\Testcontainers.MsSql.dll /reference:C:\Users\la6ke\.nuget\packages\microsoft.testplatform.testhost\17.8.0\lib\netcoreapp3.1\testhost.dll /reference:"C:\Program Files\dotnet\packs\Microsoft.NETCore.App.Ref\8.0.23\ref\net8.0\WindowsBase.dll" /reference:C:\Users\la6ke\.nuget\packages\xunit.abstractions\2.0.3\lib\netstandard2.0\xunit.abstractions.dll /reference:C:\Users\la6ke\.nuget\packages\xunit.assert\2.6.4\lib\net6.0\xunit.assert.dll /reference:C:\Users\la6ke\.nuget\packages\xunit.extensibility.core\2.6.4\lib\netstandard1.1\xunit.core.dll /reference:C:\Users\la6ke\.nuget\packages\xunit.extensibility.execution\2.6.4\lib\netstandard1.1\xunit.execution.dotnet.dll /debug+ /debug:portable /filealign:512 /optimize- /out:obj\Debug\net8.0\ATTENDING.Integration.Tests.dll /refout:obj\Debug\net8.0\refint\ATTENDING.Integration.Tests.dll /target:exe /warnaserror- /utf8output /deterministic+ /sourcelink:obj\Debug\net8.0\ATTENDING.Integration.Tests.sourcelink.json /langversion:12.0 /embed:C:\Users\la6ke\.nuget\packages\microsoft.net.test.sdk\17.8.0\build\netcoreapp3.1\Microsoft.NET.Test.Sdk.Program.cs /embed:obj\Debug\net8.0\ATTENDING.Integration.Tests.GlobalUsings.g.cs /embed:"obj\Debug\net8.0\.NETCoreApp,Version=v8.0.AssemblyAttributes.cs" /embed:obj\Debug\net8.0\ATTENDING.Integration.Tests.AssemblyInfo.cs /embed:obj\Debug\net8.0\ATTENDING.Integration.Tests.MvcApplicationPartsAssemblyInfo.cs /analyzerconfig:obj\Debug\net8.0\ATTENDING.Integration.Tests.GeneratedMSBuildEditorConfig.editorconfig /analyzerconfig:"C:\Program Files\dotnet\sdk\8.0.417\Sdks\Microsoft.NET.Sdk\analyzers\build\config\analysislevel_8_default.globalconfig" /analyzer:"C:\Program Files\dotnet\sdk\8.0.417\Sdks\Microsoft.NET.Sdk.Web\analyzers\cs\Microsoft.AspNetCore.Analyzers.dll" /analyzer:"C:\Program Files\dotnet\sdk\8.0.417\Sdks\Microsoft.NET.Sdk.Web\analyzers\cs\Microsoft.AspNetCore.Mvc.Analyzers.dll" /analyzer:"C:\Program Files\dotnet\sdk\8.0.417\Sdks\Microsoft.NET.Sdk\targets\..\analyzers\Microsoft.CodeAnalysis.CSharp.NetAnalyzers.dll" /analyzer:"C:\Program Files\dotnet\sdk\8.0.417\Sdks\Microsoft.NET.Sdk\targets\..\analyzers\Microsoft.CodeAnalysis.NetAnalyzers.dll" /analyzer:C:\Users\la6ke\.nuget\packages\microsoft.entityframeworkcore.analyzers\8.0.1\analyzers\dotnet\cs\Microsoft.EntityFrameworkCore.Analyzers.dll /analyzer:C:\Users\la6ke\.nuget\packages\microsoft.extensions.options\9.0.0\analyzers\dotnet\roslyn4.4\cs\Microsoft.Extensions.Options.SourceGeneration.dll /analyzer:C:\Users\la6ke\.nuget\packages\xunit.analyzers\1.8.0\analyzers\dotnet\roslyn4.8\cs\xunit.analyzers.dll /analyzer:C:\Users\la6ke\.nuget\packages\xunit.analyzers\1.8.0\analyzers\dotnet\roslyn4.8\cs\xunit.analyzers.fixes.dll /analyzer:"C:\Program Files\dotnet\packs\Microsoft.NETCore.App.Ref\8.0.23\analyzers/dotnet/cs/Microsoft.Interop.ComInterfaceGenerator.dll" /analyzer:"C:\Program Files\dotnet\packs\Microsoft.NETCore.App.Ref\8.0.23\analyzers/dotnet/cs/Microsoft.Interop.JavaScript.JSImportGenerator.dll" /analyzer:"C:\Program Files\dotnet\packs\Microsoft.NETCore.App.Ref\8.0.23\analyzers/dotnet/cs/Microsoft.Interop.LibraryImportGenerator.dll" /analyzer:"C:\Program Files\dotnet\packs\Microsoft.NETCore.App.Ref\8.0.23\analyzers/dotnet/cs/Microsoft.Interop.SourceGeneration.dll" /analyzer:"C:\Program Files\dotnet\packs\Microsoft.NETCore.App.Ref\8.0.23\analyzers/dotnet/cs/System.Text.Json.SourceGeneration.dll" /analyzer:"C:\Program Files\dotnet\packs\Microsoft.NETCore.App.Ref\8.0.23\analyzers/dotnet/cs/System.Text.RegularExpressions.Generator.dll" /analyzer:"C:\Program Files\dotnet\packs\Microsoft.AspNetCore.App.Ref\8.0.23\analyzers/dotnet/cs/Microsoft.AspNetCore.App.Analyzers.dll" /analyzer:"C:\Program Files\dotnet\packs\Microsoft.AspNetCore.App.Ref\8.0.23\analyzers/dotnet/cs/Microsoft.AspNetCore.App.CodeFixes.dll" /analyzer:"C:\Program Files\dotnet\packs\Microsoft.AspNetCore.App.Ref\8.0.23\analyzers/dotnet/cs/Microsoft.AspNetCore.Components.Analyzers.dll" /analyzer:"C:\Program Files\dotnet\packs\Microsoft.AspNetCore.App.Ref\8.0.23\analyzers/dotnet/roslyn4.4/cs/Microsoft.Extensions.Logging.Generators.dll" /analyzer:"C:\Program Files\dotnet\sdk\8.0.417\Sdks\Microsoft.NET.Sdk.Razor\targets\..\source-generators\Microsoft.AspNetCore.Razor.Utilities.Shared.dll" /analyzer:"C:\Program Files\dotnet\sdk\8.0.417\Sdks\Microsoft.NET.Sdk.Razor\targets\..\source-generators\Microsoft.CodeAnalysis.Razor.Compiler.dll" /analyzer:"C:\Program Files\dotnet\sdk\8.0.417\Sdks\Microsoft.NET.Sdk.Razor\targets\..\source-generators\Microsoft.Extensions.ObjectPool.dll" /analyzer:"C:\Program Files\dotnet\sdk\8.0.417\Sdks\Microsoft.NET.Sdk.Razor\targets\..\source-generators\System.Collections.Immutable.dll" Api\ApiSmokeTests.cs Api\AuditTrailTests.cs Api\ControllerIntegrationTests.cs Api\E2EClinicalWorkflowTests.cs Api\ExceptionHandlingTests.cs Api\HealthCheckTests.cs Api\IdempotencyTests.cs Api\ImagingMedicationsReferralsControllerTests.cs Api\MiddlewareTests.cs Api\PaginationExtensionTests.cs Api\SecurityRegressionTests.cs Database\RealDatabaseTests.cs Domain\AiFeedbackTests.cs Domain\ClinicalAiContextTests.cs Domain\ClinicalOrderTests.cs Domain\LabOrderTests.cs Domain\PatientAssessmentTests.cs Events\DomainEventDispatchTests.cs Fixtures\AttendingWebApplicationFactory.cs Fixtures\AuditCapturingWebApplicationFactory.cs Fixtures\DatabaseFixture.cs Fixtures\SqlServerFixture.cs Fixtures\StubAuditService.cs Fixtures\StubClinicalNotificationService.cs Handlers\AssessmentHandlerFullTests.cs Handlers\AssessmentHandlerTests.cs Handlers\EncounterHandlerTests.cs Handlers\LabOrderHandlerFullTests.cs Handlers\LabOrderHandlerTests.cs Handlers\PatientHandlerTests.cs Handlers\QueryHandlerTests.cs Infrastructure\ClinicalSchedulerServiceTests.cs Infrastructure\DatabaseInitializerTests.cs Infrastructure\DbContextFactoryTests.cs Infrastructure\DistributedLockServiceTests.cs Infrastructure\DockerConfigTests.cs Infrastructure\ResilienceHandlerTests.cs Services\AdminServiceTests.cs Services\AnalyticsServiceTests.cs Validators\AdminContractTests.cs Validators\AiRequestValidatorTests.cs Validators\InputSanitizationTests.cs Validators\PagedResultTests.cs Validators\PatientEncounterValidatorTests.cs Validators\ValidatorTests.cs C:\Users\la6ke\.nuget\packages\microsoft.net.test.sdk\17.8.0\build\netcoreapp3.1\Microsoft.NET.Test.Sdk.Program.cs obj\Debug\net8.0\ATTENDING.Integration.Tests.GlobalUsings.g.cs "obj\Debug\net8.0\.NETCoreApp,Version=v8.0.AssemblyAttributes.cs" obj\Debug\net8.0\ATTENDING.Integration.Tests.AssemblyInfo.cs obj\Debug\net8.0\ATTENDING.Integration.Tests.MvcApplicationPartsAssemblyInfo.cs /warnaserror+:NU1605,SYSLIB0011
  Passed ATTENDING.Domain.Tests.Entities.LabResultEntityTests.Create_WithAllFields_ShouldSetCorrectly [437 ms]
  Passed ATTENDING.Domain.Tests.Entities.PatientEntityTests.Age_BirthdayNotYetThisYear_ShouldBeOneYearLess [437 ms]
  Passed ATTENDING.Domain.Tests.Entities.UserEntityTests.FullName_ShouldConcatenate [437 ms]
  Passed ATTENDING.Domain.Tests.Entities.BaseEntityTests.SetCreatedBy_ShouldTrackCreator [437 ms]
  Passed ATTENDING.Domain.Tests.Entities.MedicalConditionEntityTests.Create_WithoutOnsetDate_ShouldBeNull [437 ms]
  Passed ATTENDING.Domain.Tests.Entities.EncounterEntityTests.Create_ShouldGenerateUniqueEncounterNumbers [437 ms]
  Passed ATTENDING.Domain.Tests.Common.ResultTests.Tap_OnSuccess_ShouldExecuteAction [437 ms]
  Passed ATTENDING.Domain.Tests.Entities.AllergyEntityTests.Create_WithValidData_ShouldSetAllFields [437 ms]
  Passed ATTENDING.Domain.Tests.Entities.LabOrderEntityTests.MarkAsCollected_FromPending_ShouldSucceed [437 ms]
  Passed ATTENDING.Domain.Tests.Services.DrugInteractionServiceTests.CheckInteractions_WithWarfarinAndNsaid_ShouldReturnMajorInteraction(drug1: "warfarin", drug2: "aspirin") [440 ms]
  Passed ATTENDING.Domain.Tests.Entities.EncounterEntityTests.Create_WithScheduledAt_ShouldSetTime [< 1 ms]
  Passed ATTENDING.Domain.Tests.Services.RedFlagEvaluatorTests.Evaluate_WithGIBleedingSymptoms_ShouldFlagAsEmergent(symptoms: "black tarry stool", expectedCategory: "GI Bleeding") [441 ms]
  Passed ATTENDING.Domain.Tests.Entities.MedicalConditionEntityTests.Create_WithValidData_ShouldSetAllFields [< 1 ms]
  Passed ATTENDING.Domain.Tests.Services.DrugInteractionServiceTests.CheckInteractions_WithWarfarinAndNsaid_ShouldReturnMajorInteraction(drug1: "Warfarin", drug2: "Aspirin") [< 1 ms]
  Passed ATTENDING.Domain.Tests.Services.DrugInteractionServiceTests.CheckInteractions_WithWarfarinAndNsaid_ShouldReturnMajorInteraction(drug1: "Warfarin", drug2: "Ibuprofen") [< 1 ms]
  Passed ATTENDING.Domain.Tests.Entities.LabResultEntityTests.MarkCriticalNotified_ShouldSetNotificationFields [< 1 ms]
  Passed ATTENDING.Domain.Tests.Services.DrugInteractionServiceTests.CheckInteractions_CaseInsensitive_ShouldDetectInteractions [< 1 ms]
  Passed ATTENDING.Domain.Tests.Entities.BaseEntityTests.SoftDelete_WithoutUserId_ShouldStillMarkDeleted [< 1 ms]
  Passed ATTENDING.Domain.Tests.Services.DrugInteractionServiceTests.CheckInteractions_WithSsriAndSerotoninergic_ShouldReturnInteraction(newDrug: "Linezolid", currentDrug: "Fluoxetine") [< 1 ms]
  Passed ATTENDING.Domain.Tests.Services.DrugInteractionServiceTests.CheckInteractions_WithSsriAndSerotoninergic_ShouldReturnInteraction(newDrug: "Tramadol", currentDrug: "Fluoxetine") [< 1 ms]
  Passed ATTENDING.Domain.Tests.Entities.BaseEntityTests.Restore_ShouldClearDeleteFields [< 1 ms]
  Passed ATTENDING.Domain.Tests.Entities.LabOrderEntityTests.Create_WithRedFlag_ShouldUpgradeToStat [1 ms]
  Passed ATTENDING.Domain.Tests.Entities.AllergyEntityTests.Create_WithoutReaction_ShouldBeNull [< 1 ms]
  Passed ATTENDING.Domain.Tests.Common.ResultTests.Success_ShouldBeSuccessful [1 ms]
  Passed ATTENDING.Domain.Tests.Entities.PatientEntityTests.Age_ShouldCalculateCorrectly [< 1 ms]
  Passed ATTENDING.Domain.Tests.Entities.UserEntityTests.Create_WithoutOptionals_ShouldHaveNullNpiAndSpecialty [< 1 ms]
  Passed ATTENDING.Domain.Tests.Services.RedFlagEvaluatorTests.Evaluate_WithGIBleedingSymptoms_ShouldFlagAsEmergent(symptoms: "vomiting blood", expectedCategory: "GI Bleeding") [1 ms]
  Passed ATTENDING.Domain.Tests.Entities.LabOrderEntityTests.UpdatePriority_PendingOrder_ShouldSucceed [< 1 ms]
  Passed ATTENDING.Domain.Tests.Entities.UserEntityTests.Create_WithValidData_ShouldSetAllFields [< 1 ms]
  Passed ATTENDING.Domain.Tests.Entities.BaseEntityTests.RowVersion_ShouldDefaultToEmpty [1 ms]
  Passed ATTENDING.Domain.Tests.Entities.BaseEntityTests.NewEntity_ShouldNotBeDeleted [< 1 ms]
  Passed ATTENDING.Domain.Tests.Entities.BaseEntityTests.Create_ShouldSetCreatedAt [< 1 ms]
  Passed ATTENDING.Domain.Tests.Entities.BaseEntityTests.SoftDelete_ShouldMarkAsDeleted [< 1 ms]
  Passed ATTENDING.Domain.Tests.Entities.BaseEntityTests.SetModified_WithUserId_ShouldTrackUser [< 1 ms]
  Passed ATTENDING.Domain.Tests.Entities.BaseEntityTests.SetModified_ShouldUpdateTimestamp [< 1 ms]
  Passed ATTENDING.Domain.Tests.Entities.PatientAssessmentEntityTests.SetPainSeverity_OutOfRange_ShouldThrow(severity: -1) [442 ms]
  Passed ATTENDING.Domain.Tests.Entities.LabOrderEntityTests.Create_EmptyTestCode_ShouldThrow [1 ms]
  Passed ATTENDING.Domain.Tests.Common.ResultTests.GenericFailure_ValueAccess_ShouldThrow [1 ms]
  Passed ATTENDING.Domain.Tests.Common.ResultTests.Map_OnFailure_ShouldPropagateError [< 1 ms]
  Passed ATTENDING.Domain.Tests.Entities.PatientAssessmentEntityTests.SetPainSeverity_OutOfRange_ShouldThrow(severity: 11) [< 1 ms]
  Passed ATTENDING.Domain.Tests.Entities.LabOrderEntityTests.UpdatePriority_NonPendingOrder_ShouldThrow [< 1 ms]
  Passed ATTENDING.Domain.Tests.Services.RedFlagEvaluatorTests.Evaluate_WithEmergencySymptoms_ShouldReturnEmergency(symptoms: "having suicidal thoughts", expectedCategory: "Psychiatric") [2 ms]
  Passed ATTENDING.Domain.Tests.Entities.PatientAssessmentEntityTests.SetPainSeverity_OutOfRange_ShouldThrow(severity: 100) [< 1 ms]
  Passed ATTENDING.Domain.Tests.Common.ResultTests.Error_DifferentValues_ShouldNotBeEqual [< 1 ms]
  Passed ATTENDING.Domain.Tests.Entities.LabOrderEntityTests.AddResult_Critical_ShouldSetCriticalStatus [< 1 ms]
  Passed ATTENDING.Domain.Tests.Services.RedFlagEvaluatorTests.Evaluate_WithEmergencySymptoms_ShouldReturnEmergency(symptoms: "crushing chest pain and shortness of breath", expectedCategory: "Cardiovascular") [< 1 ms]
  Passed ATTENDING.Domain.Tests.Entities.PatientAssessmentEntityTests.Create_ShouldSetInitialState [< 1 ms]
  Passed ATTENDING.Domain.Tests.Services.RedFlagEvaluatorTests.Evaluate_WithEmergencySymptoms_ShouldReturnEmergency(symptoms: "I want to kill myself", expectedCategory: "Psychiatric") [< 1 ms]
  Passed ATTENDING.Domain.Tests.Services.DrugInteractionServiceTests.CheckInteractions_WithOpioidAndBenzo_ShouldReturnMajorInteraction(benzo: "Alprazolam", opioid: "Morphine") [4 ms]
  Passed ATTENDING.Domain.Tests.Entities.PatientAssessmentEntityTests.MarkAsReviewed_ShouldSetProvider [< 1 ms]
  Passed ATTENDING.Domain.Tests.Services.RedFlagEvaluatorTests.Evaluate_WithEmergencySymptoms_ShouldReturnEmergency(symptoms: "I can't breathe, difficulty breathing", expectedCategory: "Respiratory") [< 1 ms]
  Passed ATTENDING.Domain.Tests.Entities.LabOrderEntityTests.FullLifecycle_ShouldTrackAllDomainEvents [1 ms]
  Passed ATTENDING.Domain.Tests.Services.DrugInteractionServiceTests.CheckInteractions_WithOpioidAndBenzo_ShouldReturnMajorInteraction(benzo: "Lorazepam", opioid: "Oxycodone") [< 1 ms]
  Passed ATTENDING.Domain.Tests.Entities.EncounterEntityTests.CheckIn_ShouldUpdateStatusAndTimestamp [5 ms]
  Passed ATTENDING.Domain.Tests.Services.RedFlagEvaluatorTests.Evaluate_WithEmergencySymptoms_ShouldReturnEmergency(symptoms: "I have severe chest pain radiating to my arm", expectedCategory: "Cardiovascular") [< 1 ms]
  Passed ATTENDING.Domain.Tests.Entities.LabOrderEntityTests.AddResult_Normal_ShouldSetResultedStatus [< 1 ms]
  Passed ATTENDING.Domain.Tests.Services.RedFlagEvaluatorTests.Evaluate_WithEmergencySymptoms_ShouldReturnEmergency(symptoms: "worst headache of my life", expectedCategory: "Neurological") [< 1 ms]
  Passed ATTENDING.Domain.Tests.Entities.LabOrderEntityTests.Create_WithValidData_ShouldSetAllFields [< 1 ms]
  Passed ATTENDING.Domain.Tests.Services.RedFlagEvaluatorTests.Evaluate_WithEmergencySymptoms_ShouldReturnEmergency(symptoms: "sudden weakness on one side", expectedCategory: "Neurological") [< 1 ms]
  Passed ATTENDING.Domain.Tests.Entities.EncounterEntityTests.Complete_ShouldSetCompletedStatusAndTimestamp [< 1 ms]
  Passed ATTENDING.Domain.Tests.Entities.PatientEntityTests.Create_ShouldGenerateUniqueIds [4 ms]
  Passed ATTENDING.Domain.Tests.Services.RedFlagEvaluatorTests.Evaluate_CaseInsensitive_ShouldDetectRedFlags [< 1 ms]
  Passed ATTENDING.Domain.Tests.Entities.EncounterEntityTests.Start_ShouldSetInProgressAndChiefComplaint [< 1 ms]
  Passed ATTENDING.Domain.Tests.Common.ResultTests.ValueOrDefault_OnSuccess_ShouldReturnValue [2 ms]
  Passed ATTENDING.Domain.Tests.Entities.LabOrderEntityTests.MarkAsCollected_FromNonPending_ShouldThrow [< 1 ms]
  Passed ATTENDING.Domain.Tests.Common.ResultTests.Tap_OnFailure_ShouldNotExecuteAction [< 1 ms]
  Passed ATTENDING.Domain.Tests.Entities.PatientEntityTests.Create_WithValidData_ShouldSetAllFields [< 1 ms]
  Passed ATTENDING.Domain.Tests.Common.ResultTests.GenericSuccess_ShouldContainValue [< 1 ms]
  Passed ATTENDING.Domain.Tests.Entities.PatientEntityTests.FullName_ShouldConcatenateNames [< 1 ms]
  Passed ATTENDING.Domain.Tests.Entities.EncounterEntityTests.FullLifecycle_ShouldProgressCorrectly [< 1 ms]
  Passed ATTENDING.Domain.Tests.Entities.LabOrderEntityTests.Create_EmptyClinicalIndication_ShouldThrow [< 1 ms]
  Passed ATTENDING.Domain.Tests.Entities.EncounterEntityTests.Create_ShouldSetScheduledStatus [< 1 ms]
  Passed ATTENDING.Domain.Tests.Services.RedFlagEvaluatorTests.Evaluate_WithTraumaSymptoms_ShouldReturnCritical(symptoms: "stab wound in chest", expectedCategory: "Trauma") [< 1 ms]
  Passed ATTENDING.Domain.Tests.ValueObjects.ValueObjectTests.CPTCode_InvalidFormat_ShouldThrow(code: "123456") [446 ms]
  Passed ATTENDING.Domain.Tests.Entities.LabOrderEntityTests.Cancel_PendingOrder_ShouldSucceed [< 1 ms]
  Passed ATTENDING.Domain.Tests.ValueObjects.ValueObjectTests.CPTCode_InvalidFormat_ShouldThrow(code: "ABCDE") [< 1 ms]
  Passed ATTENDING.Domain.Tests.Services.RedFlagEvaluatorTests.Evaluate_WithTraumaSymptoms_ShouldReturnCritical(symptoms: "severe bleeding from a wound", expectedCategory: "Trauma") [< 1 ms]
  Passed ATTENDING.Domain.Tests.ValueObjects.ValueObjectTests.CPTCode_InvalidFormat_ShouldThrow(code: "1234") [< 1 ms]
  Passed ATTENDING.Domain.Tests.ValueObjects.ValueObjectTests.CPTCode_InvalidFormat_ShouldThrow(code: "") [< 1 ms]
  Passed ATTENDING.Domain.Tests.Services.RedFlagEvaluatorTests.Evaluate_WithTraumaSymptoms_ShouldReturnCritical(symptoms: "gunshot wound to the abdomen", expectedCategory: "Trauma") [< 1 ms]
  Passed ATTENDING.Domain.Tests.Services.DrugInteractionServiceTests.CheckAllergyConflicts_WithNsaidAllergyAndOtherNsaid_ShouldReturnInteraction(medication: "Naproxen", allergy: "Ibuprofen") [2 ms]
  Passed ATTENDING.Domain.Tests.Services.RedFlagEvaluatorTests.Evaluate_WithNonEmergencySymptoms_ShouldNotFlagEmergency(symptoms: "I have a runny nose") [< 1 ms]
  Passed ATTENDING.Domain.Tests.Services.DrugInteractionServiceTests.CheckAllergyConflicts_WithNsaidAllergyAndOtherNsaid_ShouldReturnInteraction(medication: "Ibuprofen", allergy: "Aspirin") [< 1 ms]
  Passed ATTENDING.Domain.Tests.Common.ResultTests.Bind_OnFailure_ShouldShortCircuit [1 ms]
  Passed ATTENDING.Domain.Tests.Services.RedFlagEvaluatorTests.Evaluate_WithNonEmergencySymptoms_ShouldNotFlagEmergency(symptoms: "feeling a bit tired lately") [< 1 ms]
  Passed ATTENDING.Domain.Tests.Services.RedFlagEvaluatorTests.Evaluate_WithNonEmergencySymptoms_ShouldNotFlagEmergency(symptoms: "mild headache for 2 days") [< 1 ms]
  Passed ATTENDING.Domain.Tests.Services.RedFlagEvaluatorTests.Evaluate_WithNonEmergencySymptoms_ShouldNotFlagEmergency(symptoms: "twisted my ankle yesterday") [< 1 ms]
  Passed ATTENDING.Domain.Tests.Services.RedFlagEvaluatorTests.Evaluate_WithNonEmergencySymptoms_ShouldNotFlagEmergency(symptoms: "sore throat and cough") [< 1 ms]
  Passed ATTENDING.Domain.Tests.Services.DrugInteractionServiceTests.CheckAllergyConflicts_WithSulfonamideAllergyAndSulfamethoxazole_ShouldReturnInteraction [< 1 ms]
  Passed ATTENDING.Domain.Tests.Common.ResultTests.ValueOrDefault_OnFailure_ShouldReturnFallback [< 1 ms]
  Passed ATTENDING.Domain.Tests.Entities.LabOrderEntityTests.Create_ShouldRaiseDomainEvent [< 1 ms]
  Passed ATTENDING.Domain.Tests.Common.ResultTests.ImplicitConversion_ShouldCreateSuccess [< 1 ms]
  Passed ATTENDING.Domain.Tests.Common.ResultTests.Map_OnSuccess_ShouldTransformValue [< 1 ms]
  Passed ATTENDING.Domain.Tests.Services.RedFlagEvaluatorTests.Evaluate_WithObstetricSymptoms_ShouldFlagAsEmergent(symptoms: "pregnancy bleeding", expectedCategory: "Obstetric") [< 1 ms]
  Passed ATTENDING.Domain.Tests.Common.ResultTests.Combine_AllSuccess_ShouldReturnSuccess [< 1 ms]
  Passed ATTENDING.Domain.Tests.Entities.LabOrderEntityTests.Cancel_CollectedOrder_ShouldThrow [< 1 ms]
  Passed ATTENDING.Domain.Tests.Services.DrugInteractionServiceTests.CheckAllergyConflicts_WithPenicillinAllergyAndAmoxicillin_ShouldReturnInteraction [< 1 ms]
  Passed ATTENDING.Domain.Tests.Common.ResultTests.DomainErrors_Patient_DuplicateMrn [< 1 ms]
  Passed ATTENDING.Domain.Tests.Services.DrugInteractionServiceTests.CheckInteractions_WithNoInteractingDrugs_ShouldReturnEmpty [< 1 ms]
  Passed ATTENDING.Domain.Tests.Entities.LabOrderEntityTests.ClearDomainEvents_ShouldRemoveAllEvents [< 1 ms]
  Passed ATTENDING.Domain.Tests.Services.DrugInteractionServiceTests.CheckAllergyConflicts_WithNoAllergyMatch_ShouldReturnEmpty [< 1 ms]
  Passed ATTENDING.Domain.Tests.Services.RedFlagEvaluatorTests.Evaluate_WithObstetricSymptoms_ShouldFlagAsEmergent(symptoms: "pregnant with vaginal bleeding", expectedCategory: "Obstetric") [< 1 ms]
  Passed ATTENDING.Domain.Tests.Common.ResultTests.Match_OnSuccess_ShouldCallOnSuccess [< 1 ms]
  Passed ATTENDING.Domain.Tests.Services.DrugInteractionServiceTests.CheckInteractions_WithEmptyCurrentMeds_ShouldReturnEmpty [< 1 ms]
  Passed ATTENDING.Domain.Tests.Entities.PatientEntityTests.Collections_ShouldInitializeEmpty [1 ms]
  Passed ATTENDING.Domain.Tests.Services.DrugInteractionServiceTests.CheckInteractions_ContraindicatedPair_ShouldFlagContraindication [< 1 ms]
  Passed ATTENDING.Domain.Tests.Services.DrugInteractionServiceTests.CheckInteractions_AndAllergyConflicts_ShouldBothWork [< 1 ms]
  Passed ATTENDING.Domain.Tests.Common.ResultTests.DomainErrors_Patient_NotFound_ShouldContainId [< 1 ms]
  Passed ATTENDING.Domain.Tests.Common.ResultTests.Failure_ShouldContainError [< 1 ms]
  Passed ATTENDING.Domain.Tests.Services.RedFlagEvaluatorTests.Evaluate_WithInfectiousSymptoms_ShouldFlagAsEmergent(symptoms: "stiff neck with fever", expectedCategory: "Infectious") [< 1 ms]
  Passed ATTENDING.Domain.Tests.Services.DrugInteractionServiceTests.CheckInteractions_WithMultipleDrugs_ShouldCheckAllCombinations [< 1 ms]
  Passed ATTENDING.Domain.Tests.ValueObjects.ValueObjectTests.PhoneNumber_VariousFormats_ShouldNormalize(input: "(303) 555-0100", expectedRaw: "3035550100", expectedFormatted: "(303) 555-0100") [1 ms]
  Passed ATTENDING.Domain.Tests.Common.ResultTests.Match_OnFailure_ShouldCallOnFailure [< 1 ms]
  Passed ATTENDING.Domain.Tests.ValueObjects.ValueObjectTests.PhoneNumber_VariousFormats_ShouldNormalize(input: "+1 303 555 0100", expectedRaw: "3035550100", expectedFormatted: "(303) 555-0100") [< 1 ms]
  Passed ATTENDING.Domain.Tests.ValueObjects.ValueObjectTests.PhoneNumber_VariousFormats_ShouldNormalize(input: "3035550100", expectedRaw: "3035550100", expectedFormatted: "(303) 555-0100") [< 1 ms]
  Passed ATTENDING.Domain.Tests.ValueObjects.ValueObjectTests.PhoneNumber_VariousFormats_ShouldNormalize(input: "1-303-555-0100", expectedRaw: "3035550100", expectedFormatted: "(303) 555-0100") [< 1 ms]
  Passed ATTENDING.Domain.Tests.ValueObjects.ValueObjectTests.PhoneNumber_VariousFormats_ShouldNormalize(input: "303-555-0100", expectedRaw: "3035550100", expectedFormatted: "(303) 555-0100") [< 1 ms]
  Passed ATTENDING.Domain.Tests.Common.ResultTests.DomainErrors_Concurrency_StaleData [< 1 ms]
  Passed ATTENDING.Domain.Tests.Services.RedFlagEvaluatorTests.Evaluate_WithInfectiousSymptoms_ShouldFlagAsEmergent(symptoms: "high fever with confusion", expectedCategory: "Infectious") [< 1 ms]
  Passed ATTENDING.Domain.Tests.Common.ResultTests.Error_SameValues_ShouldBeEqual [< 1 ms]
  Passed ATTENDING.Domain.Tests.Common.ResultTests.Bind_OnSuccess_ShouldChainOperations [< 1 ms]
  Passed ATTENDING.Domain.Tests.Common.ResultTests.Combine_OneFailure_ShouldReturnFirstFailure [< 1 ms]
  Passed ATTENDING.Domain.Tests.Common.ResultTests.DomainErrors_Encounter_InvalidTransition [< 1 ms]
  Passed ATTENDING.Domain.Tests.Services.RedFlagEvaluatorTests.Evaluate_WithPainSeverity5_ShouldNotFlagForPainAlone [< 1 ms]
  Passed ATTENDING.Domain.Tests.Services.RedFlagEvaluatorTests.Evaluate_WithToxicologySymptoms_ShouldFlagAsCritical(symptoms: "overdose on pills", expectedCategory: "Toxicology") [< 1 ms]
  Passed ATTENDING.Domain.Tests.Services.RedFlagEvaluatorTests.Evaluate_WithToxicologySymptoms_ShouldFlagAsCritical(symptoms: "poisoning", expectedCategory: "Toxicology") [< 1 ms]
  Passed ATTENDING.Domain.Tests.Services.RedFlagEvaluatorTests.Evaluate_WithMultipleRedFlags_ShouldReturnAll [< 1 ms]
  Passed ATTENDING.Domain.Tests.ValueObjects.ValueObjectTests.ICD10Code_ValidFormat_ShouldCreate(code: "M54.5", description: "Low back pain") [2 ms]
  Passed ATTENDING.Domain.Tests.ValueObjects.ValueObjectTests.ICD10Code_ValidFormat_ShouldCreate(code: "E11", description: "Type 2 diabetes mellitus") [< 1 ms]
  Passed ATTENDING.Domain.Tests.ValueObjects.ValueObjectTests.ICD10Code_ValidFormat_ShouldCreate(code: "J06.9", description: "Acute upper respiratory infection") [< 1 ms]
  Passed ATTENDING.Domain.Tests.Services.RedFlagEvaluatorTests.Evaluate_WithAllergyEmergency_ShouldReturnEmergency(symptoms: "my throat is swelling shut", expectedCategory: "Allergy") [< 1 ms]
  Passed ATTENDING.Domain.Tests.ValueObjects.ValueObjectTests.ICD10Code_ValidFormat_ShouldCreate(code: "I10", description: "Essential hypertension") [< 1 ms]
  Passed ATTENDING.Domain.Tests.Services.RedFlagEvaluatorTests.Evaluate_WithAllergyEmergency_ShouldReturnEmergency(symptoms: "anaphylaxis after eating peanuts", expectedCategory: "Allergy") [< 1 ms]
  Passed ATTENDING.Domain.Tests.Services.RedFlagEvaluatorTests.Evaluate_WithNullChiefComplaint_ShouldHandleGracefully [< 1 ms]
  Passed ATTENDING.Domain.Tests.Services.RedFlagEvaluatorTests.Evaluate_WithPainSeverity10_ShouldFlagAsRedFlag [< 1 ms]
  Passed ATTENDING.Domain.Tests.Services.RedFlagEvaluatorTests.Evaluate_WithEmptySymptoms_ShouldReturnNoRedFlags [< 1 ms]
  Passed ATTENDING.Domain.Tests.ValueObjects.ValueObjectTests.LOINCCode_ValidFormat_ShouldCreate(code: "718-7", description: "Hemoglobin") [1 ms]
  Passed ATTENDING.Domain.Tests.ValueObjects.ValueObjectTests.LOINCCode_ValidFormat_ShouldCreate(code: "14749-6", description: "Glucose fasting") [< 1 ms]
  Passed ATTENDING.Domain.Tests.ValueObjects.ValueObjectTests.LOINCCode_ValidFormat_ShouldCreate(code: "2345-7", description: "Glucose") [< 1 ms]
  Passed ATTENDING.Domain.Tests.ValueObjects.ValueObjectTests.ICD10Code_InvalidFormat_ShouldThrow(code: "123") [< 1 ms]
  Passed ATTENDING.Domain.Tests.ValueObjects.ValueObjectTests.ICD10Code_InvalidFormat_ShouldThrow(code: "JJ6.9") [< 1 ms]
  Passed ATTENDING.Domain.Tests.ValueObjects.ValueObjectTests.ICD10Code_InvalidFormat_ShouldThrow(code: "J06.999") [< 1 ms]
  Passed ATTENDING.Domain.Tests.ValueObjects.ValueObjectTests.ICD10Code_InvalidFormat_ShouldThrow(code: "INVALID") [< 1 ms]
  Passed ATTENDING.Domain.Tests.ValueObjects.ValueObjectTests.LOINCCode_InvalidFormat_ShouldThrow(code: "") [< 1 ms]
  Passed ATTENDING.Domain.Tests.ValueObjects.ValueObjectTests.LOINCCode_InvalidFormat_ShouldThrow(code: "12345") [< 1 ms]
  Passed ATTENDING.Domain.Tests.ValueObjects.ValueObjectTests.LOINCCode_InvalidFormat_ShouldThrow(code: "12345-67") [< 1 ms]
  Passed ATTENDING.Domain.Tests.ValueObjects.ValueObjectTests.LOINCCode_InvalidFormat_ShouldThrow(code: "ABC-1") [< 1 ms]
  Passed ATTENDING.Domain.Tests.ValueObjects.ValueObjectTests.Email_Normalization_ShouldLowercase [2 ms]
  Passed ATTENDING.Domain.Tests.ValueObjects.ValueObjectTests.Email_InvalidFormat_ShouldThrow(email: "notanemail") [< 1 ms]
  Passed ATTENDING.Domain.Tests.ValueObjects.ValueObjectTests.Email_InvalidFormat_ShouldThrow(email: "@nodomain") [< 1 ms]
  Passed ATTENDING.Domain.Tests.ValueObjects.ValueObjectTests.Email_InvalidFormat_ShouldThrow(email: "spaces in@email.com") [< 1 ms]
  Passed ATTENDING.Domain.Tests.ValueObjects.ValueObjectTests.Email_InvalidFormat_ShouldThrow(email: "") [< 1 ms]
  Passed ATTENDING.Domain.Tests.ValueObjects.ValueObjectTests.Email_InvalidFormat_ShouldThrow(email: "missing@") [< 1 ms]
  Passed ATTENDING.Domain.Tests.ValueObjects.ValueObjectTests.PhoneNumber_InvalidLength_ShouldThrow(input: "123456789012") [< 1 ms]
  Passed ATTENDING.Domain.Tests.ValueObjects.ValueObjectTests.PhoneNumber_InvalidLength_ShouldThrow(input: "") [< 1 ms]
  Passed ATTENDING.Domain.Tests.ValueObjects.ValueObjectTests.PhoneNumber_InvalidLength_ShouldThrow(input: "123") [< 1 ms]
  Passed ATTENDING.Domain.Tests.ValueObjects.ValueObjectTests.NPI_InvalidLength_ShouldThrow [1 ms]
  Passed ATTENDING.Domain.Tests.ValueObjects.ValueObjectTests.Email_ValidFormat_ShouldCreate(email: "doctor@hospital.com") [< 1 ms]
  Passed ATTENDING.Domain.Tests.ValueObjects.ValueObjectTests.Email_ValidFormat_ShouldCreate(email: "user+tag@domain.co.uk") [< 1 ms]
  Passed ATTENDING.Domain.Tests.ValueObjects.ValueObjectTests.Email_ValidFormat_ShouldCreate(email: "Jane.Doe@clinic.org") [< 1 ms]
  Passed ATTENDING.Domain.Tests.ValueObjects.ValueObjectTests.PatientId_Create_ShouldGenerateUniqueIds [< 1 ms]
  Passed ATTENDING.Domain.Tests.ValueObjects.ValueObjectTests.ICD10Code_EmptyOrNull_ShouldThrow(code: null) [< 1 ms]
  Passed ATTENDING.Domain.Tests.ValueObjects.ValueObjectTests.ICD10Code_EmptyOrNull_ShouldThrow(code: " ") [< 1 ms]
  Passed ATTENDING.Domain.Tests.ValueObjects.ValueObjectTests.ICD10Code_EmptyOrNull_ShouldThrow(code: "") [< 1 ms]
  Passed ATTENDING.Domain.Tests.ValueObjects.ValueObjectTests.CPTCode_WithBasePrice_ShouldStore [< 1 ms]
  Passed ATTENDING.Domain.Tests.ValueObjects.ValueObjectTests.PatientId_FromString_ShouldParse [< 1 ms]
  Passed ATTENDING.Domain.Tests.ValueObjects.ValueObjectTests.PatientId_ImplicitGuidConversion [< 1 ms]
  Passed ATTENDING.Domain.Tests.ValueObjects.ValueObjectTests.CPTCode_ValidFormat_ShouldCreate(code: "99213-25", description: "With modifier") [< 1 ms]
  Passed ATTENDING.Domain.Tests.ValueObjects.ValueObjectTests.CPTCode_ValidFormat_ShouldCreate(code: "99213", description: "Office visit, established patient") [< 1 ms]
  Passed ATTENDING.Domain.Tests.ValueObjects.ValueObjectTests.CPTCode_ValidFormat_ShouldCreate(code: "99214", description: "Office visit, detailed") [< 1 ms]
  Passed ATTENDING.Domain.Tests.ValueObjects.ValueObjectTests.CPTCode_ValidFormat_ShouldCreate(code: "80053", description: "Comprehensive metabolic panel") [< 1 ms]
  Passed ATTENDING.Domain.Tests.ValueObjects.ValueObjectTests.EncounterId_RoundTrip [< 1 ms]
  Passed ATTENDING.Domain.Tests.ValueObjects.ValueObjectTests.NPI_ValidLuhn_ShouldCreate [< 1 ms]
  Passed ATTENDING.Domain.Tests.ValueObjects.ValueObjectTests.UserId_Create_ShouldWork [< 1 ms]
  Passed ATTENDING.Domain.Tests.ValueObjects.ValueObjectTests.NPI_EmptyOrNull_ShouldThrow [< 1 ms]
  Passed ATTENDING.Domain.Tests.ValueObjects.ValueObjectTests.ICD10Code_Equality_SameCode_ShouldBeEqual [< 1 ms]
  Passed ATTENDING.Domain.Tests.Entities.PatientAssessmentEntityTests.Create_WithEmergencyRedFlag_ShouldTriggerEmergency [21 ms]
  Passed ATTENDING.Domain.Tests.Entities.PatientAssessmentEntityTests.LinkToEncounter_ShouldSetEncounterId [< 1 ms]
  Passed ATTENDING.Domain.Tests.Entities.PatientAssessmentEntityTests.SetHpiData_ShouldPopulateFields [< 1 ms]
  Passed ATTENDING.Domain.Tests.Entities.PatientAssessmentEntityTests.SetPainSeverity_ValidRange_ShouldSet [< 1 ms]
  Passed ATTENDING.Domain.Tests.Entities.PatientAssessmentEntityTests.Complete_ShouldSetTriageLevelAndPhase [< 1 ms]
[xUnit.net 00:00:01.31]   Finished:    ATTENDING.Domain.Tests
  Passed ATTENDING.Domain.Tests.Entities.PatientAssessmentEntityTests.Create_ShouldRaiseStartedEvent [< 1 ms]
  Passed ATTENDING.Domain.Tests.Entities.PatientAssessmentEntityTests.AdvancePhase_ShouldUpdateCurrentPhase [< 1 ms]
  Passed ATTENDING.Domain.Tests.ValueObjects.ValueObjectTests.NPI_InvalidChecksum_ShouldThrow [3 ms]
  Passed ATTENDING.Domain.Tests.ValueObjects.ValueObjectTests.PhoneNumber_ToString_ShouldReturnFormatted [< 1 ms]
  Passed ATTENDING.Domain.Tests.ValueObjects.ValueObjectTests.Email_Equality_SameLowercase_ShouldBeEqual [< 1 ms]
  Passed ATTENDING.Domain.Tests.ValueObjects.ValueObjectTests.PatientId_From_ShouldWrapGuid [< 1 ms]
  Passed ATTENDING.Domain.Tests.ValueObjects.ValueObjectTests.ICD10Code_ToString_ShouldReturnCode [< 1 ms]
  Passed ATTENDING.Domain.Tests.ValueObjects.ValueObjectTests.ICD10Code_CaseNormalization_ShouldUppercase [< 1 ms]
  Passed ATTENDING.Domain.Tests.ValueObjects.ValueObjectTests.LabOrderId_Equality [< 1 ms]

Test Run Successful.
Total tests: 190
     Passed: 190
 Total time: 2.9855 Seconds
     6>Done Building Project "C:\Users\la6ke\Projects\ATTENDING\backend\tests\ATTENDING.Domain.Tests\ATTENDING.Domain.Tests.csproj" (VSTest target(s)).
     8>CoreCompile:
         CompilerServer: server - server processed compilation - ATTENDING.Integration.Tests (net8.0)
       _GenerateScopedCssFiles:
       Skipping target "_GenerateScopedCssFiles" because it has no outputs.
       _GenerateScopedCssFiles:
       Skipping target "_GenerateScopedCssFiles" because it has no outputs.
       _BuildCopyStaticWebAssetsPreserveNewest:
       Skipping target "_BuildCopyStaticWebAssetsPreserveNewest" because it has no outputs.
       _CopyFilesMarkedCopyLocal:
         Copying file from "C:\Users\la6ke\Projects\ATTENDING\backend\src\ATTENDING.Infrastructure\bin\Debug\net8.0\ATTENDING.Infrastructure.dll" to "C:\Users\la6ke\Projects\ATTENDING\backend\tests\ATTENDING.Integration.Tests\bin\Debug\net8.0\ATTENDING.Infrastructure.dll".
         Copying file from "C:\Users\la6ke\Projects\ATTENDING\backend\src\ATTENDING.Infrastructure\bin\Debug\net8.0\ATTENDING.Infrastructure.pdb" to "C:\Users\la6ke\Projects\ATTENDING\backend\tests\ATTENDING.Integration.Tests\bin\Debug\net8.0\ATTENDING.Infrastructure.pdb".
         Touching "C:\Users\la6ke\Projects\ATTENDING\backend\tests\ATTENDING.Integration.Tests\obj\Debug\net8.0\ATTENDIN.2343BF5A.Up2Date".
       _CopyOutOfDateSourceItemsToOutputDirectory:
       Building target "_CopyOutOfDateSourceItemsToOutputDirectory" partially, because some output files are out of date with respect to their input files.
         Copying file from "C:\Users\la6ke\Projects\ATTENDING\backend\tests\ATTENDING.Integration.Tests\obj\Debug\net8.0\MvcTestingAppManifest.json" to "C:\Users\la6ke\Projects\ATTENDING\backend\tests\ATTENDING.Integration.Tests\bin\Debug\net8.0\MvcTestingAppManifest.json".
         Copying file from "C:\Users\la6ke\Projects\ATTENDING\backend\tests\ATTENDING.Integration.Tests\obj\Debug\net8.0\apphost.exe" to "C:\Users\la6ke\Projects\ATTENDING\backend\tests\ATTENDING.Integration.Tests\bin\Debug\net8.0\ATTENDING.Integration.Tests.exe".
       GenerateBuildDependencyFile:
       Skipping target "GenerateBuildDependencyFile" because all output files are up-to-date with respect to the input files.
       GenerateBuildRuntimeConfigurationFiles:
       Skipping target "GenerateBuildRuntimeConfigurationFiles" because all output files are up-to-date with respect to the input files.
       CopyFilesToOutputDirectory:
         Copying file from "C:\Users\la6ke\Projects\ATTENDING\backend\tests\ATTENDING.Integration.Tests\obj\Debug\net8.0\ATTENDING.Integration.Tests.dll" to "C:\Users\la6ke\Projects\ATTENDING\backend\tests\ATTENDING.Integration.Tests\bin\Debug\net8.0\ATTENDING.Integration.Tests.dll".
         ATTENDING.Integration.Tests -> C:\Users\la6ke\Projects\ATTENDING\backend\tests\ATTENDING.Integration.Tests\bin\Debug\net8.0\ATTENDING.Integration.Tests.dll
         Copying file from "C:\Users\la6ke\Projects\ATTENDING\backend\tests\ATTENDING.Integration.Tests\obj\Debug\net8.0\ATTENDING.Integration.Tests.pdb" to "C:\Users\la6ke\Projects\ATTENDING\backend\tests\ATTENDING.Integration.Tests\bin\Debug\net8.0\ATTENDING.Integration.Tests.pdb".
       _MvcCopyDependencyFiles:
         Copying file from "C:\Users\la6ke\Projects\ATTENDING\backend\src\ATTENDING.Application\bin\Debug\net8.0\ATTENDING.Application.deps.json" to "C:\Users\la6ke\Projects\ATTENDING\backend\tests\ATTENDING.Integration.Tests\bin\Debug\net8.0\ATTENDING.Application.deps.json".
         Copying file from "C:\Users\la6ke\Projects\ATTENDING\backend\src\ATTENDING.Contracts\bin\Debug\net8.0\ATTENDING.Contracts.deps.json" to "C:\Users\la6ke\Projects\ATTENDING\backend\tests\ATTENDING.Integration.Tests\bin\Debug\net8.0\ATTENDING.Contracts.deps.json".
         Copying file from "C:\Users\la6ke\Projects\ATTENDING\backend\src\ATTENDING.Domain\bin\Debug\net8.0\ATTENDING.Domain.deps.json" to "C:\Users\la6ke\Projects\ATTENDING\backend\tests\ATTENDING.Integration.Tests\bin\Debug\net8.0\ATTENDING.Domain.deps.json".
         Copying file from "C:\Users\la6ke\Projects\ATTENDING\backend\src\ATTENDING.Infrastructure\bin\Debug\net8.0\ATTENDING.Infrastructure.deps.json" to "C:\Users\la6ke\Projects\ATTENDING\backend\tests\ATTENDING.Integration.Tests\bin\Debug\net8.0\ATTENDING.Infrastructure.deps.json".
         Copying file from "C:\Users\la6ke\Projects\ATTENDING\backend\src\ATTENDING.Orders.Api\bin\Debug\net8.0\ATTENDING.Orders.Api.deps.json" to "C:\Users\la6ke\Projects\ATTENDING\backend\tests\ATTENDING.Integration.Tests\bin\Debug\net8.0\ATTENDING.Orders.Api.deps.json".
     8>Done Building Project "C:\Users\la6ke\Projects\ATTENDING\backend\tests\ATTENDING.Integration.Tests\ATTENDING.Integration.Tests.csproj" (default targets).
     8>BuildProject:
         Build completed.
         
Test run for C:\Users\la6ke\Projects\ATTENDING\backend\tests\ATTENDING.Integration.Tests\bin\Debug\net8.0\ATTENDING.Integration.Tests.dll (.NETCoreApp,Version=v8.0)
VSTest version 17.11.1 (x64)

Starting test execution, please wait...
A total of 1 test files matched the specified pattern.
[xUnit.net 00:00:00.00] xUnit.net VSTest Adapter v2.5.6+bf9b858c26 (64-bit .NET 8.0.23)
[xUnit.net 00:00:03.06]   Discovering: ATTENDING.Integration.Tests
[xUnit.net 00:00:03.13]   Discovered:  ATTENDING.Integration.Tests
[xUnit.net 00:00:03.13]   Starting:    ATTENDING.Integration.Tests
  Passed ATTENDING.Integration.Tests.Infrastructure.ResilienceHandlerTests.ResilienceOptions_CriticalPath_HasTighterTimeouts [460 ms]
  Passed ATTENDING.Integration.Tests.Infrastructure.ResilienceHandlerTests.CircuitBreakerOpenException_IsCreatedCorrectly [< 1 ms]
  Passed ATTENDING.Integration.Tests.Infrastructure.ResilienceHandlerTests.ResilienceOptions_Default_HasSaneValues [453 ms]
  Passed ATTENDING.Integration.Tests.Validators.ValidatorTests.CompleteAssessment_EmptyId_ShouldFail [919 ms]
  Passed ATTENDING.Integration.Tests.Infrastructure.DockerConfigTests.DockerCompose_ShouldExist [919 ms]
  Passed ATTENDING.Integration.Tests.Validators.AdminContractTests.RateLimitOverrideRequest_ShouldHaveDefaults [919 ms]
  Passed ATTENDING.Integration.Tests.Validators.PatientEncounterValidatorTests.AddCondition_EmptyCode_ShouldFail [920 ms]
  Passed ATTENDING.Integration.Tests.Infrastructure.DockerConfigTests.Dockerfile_ShouldExist [< 1 ms]
  Passed ATTENDING.Integration.Tests.Validators.PagedResultTests.PagedResult_LastPage_ShouldNotHaveNextPage [920 ms]
  Passed ATTENDING.Integration.Tests.Validators.AdminContractTests.AcknowledgeAlertRequest_ShouldHoldAlertId [< 1 ms]
  Passed ATTENDING.Integration.Tests.Validators.AiRequestValidatorTests.TriageRequest_ShouldRequireFields [920 ms]
  Passed ATTENDING.Integration.Tests.Infrastructure.DistributedLockServiceTests.AcquireLock_ShouldSucceed [923 ms]
  Passed ATTENDING.Integration.Tests.Infrastructure.DistributedLockServiceTests.LockId_ShouldBeUniquePerAcquisition [< 1 ms]
  Passed ATTENDING.Integration.Tests.Validators.AiRequestValidatorTests.FeedbackRequest_ValidRating_ShouldBeAccepted [1 ms]
  Passed ATTENDING.Integration.Tests.Validators.InputSanitizationTests.Preserves_Clinical_Comparisons(input: "WBC count >12,000/╬╝L") [922 ms]
  Passed ATTENDING.Integration.Tests.Validators.InputSanitizationTests.Preserves_Clinical_Comparisons(input: "O2 saturation > 95%") [< 1 ms]
  Passed ATTENDING.Integration.Tests.Domain.PatientAssessmentTests.Create_WithValidInput_ShouldCreateAssessment [922 ms]
  Passed ATTENDING.Integration.Tests.Validators.InputSanitizationTests.Preserves_Clinical_Comparisons(input: "Temperature < 100.4┬░F") [< 1 ms]
  Passed ATTENDING.Integration.Tests.Validators.InputSanitizationTests.Preserves_Clinical_Comparisons(input: "BP < 120/80 mmHg") [< 1 ms]
  Passed ATTENDING.Integration.Tests.Validators.InputSanitizationTests.Preserves_Clinical_Comparisons(input: "Heart rate 60-100 bpm, SBP > 90") [< 1 ms]
  Passed ATTENDING.Integration.Tests.Validators.InputSanitizationTests.Preserves_Clinical_Comparisons(input: "Tumor size <1cm, no growth") [< 1 ms]
  Passed ATTENDING.Integration.Tests.Validators.InputSanitizationTests.Strips_Dangerous_Tags(input: "<embed src='exploit.swf'>", expected: "") [< 1 ms]
  Passed ATTENDING.Integration.Tests.Validators.InputSanitizationTests.Strips_Dangerous_Tags(input: "<svg onload='alert(1)'>", expected: "") [< 1 ms]
  Passed ATTENDING.Integration.Tests.Validators.InputSanitizationTests.Strips_Dangerous_Tags(input: "<applet code='Evil.class'></applet>", expected: "") [< 1 ms]
  Passed ATTENDING.Integration.Tests.Validators.InputSanitizationTests.Strips_Dangerous_Tags(input: "<base href='http://evil.com'>", expected: "") [< 1 ms]
  Passed ATTENDING.Integration.Tests.Validators.InputSanitizationTests.Strips_Dangerous_Tags(input: "<object data='exploit.swf'></object>", expected: "") [< 1 ms]
  Passed ATTENDING.Integration.Tests.Validators.InputSanitizationTests.Strips_Dangerous_Tags(input: "<iframe src='http://evil.com'></iframe>", expected: "") [< 1 ms]
  Passed ATTENDING.Integration.Tests.Events.DomainEventDispatchTests.Assessment_Create_WithEmergency_ShouldRaiseDomainEvents [923 ms]
  Passed ATTENDING.Integration.Tests.Validators.AdminContractTests.QualityDashboardResponse_ShouldCalculateComposite [2 ms]
  Passed ATTENDING.Integration.Tests.Validators.AdminContractTests.SetFeatureFlagRequest_ShouldAcceptOptionalOrg [< 1 ms]
  Passed ATTENDING.Integration.Tests.Domain.AiFeedbackTests.Create_ShouldSetAllFields [2 ms]
  Passed ATTENDING.Integration.Tests.Validators.AiRequestValidatorTests.FeedbackRequest_NullOptionals_ShouldBeValid [2 ms]
  Passed ATTENDING.Integration.Tests.Infrastructure.ClinicalSchedulerServiceTests.MultipleSchedulerJobs_RunIndependently_WithSeparateLocks [< 1 ms]
  Passed ATTENDING.Integration.Tests.Validators.AiRequestValidatorTests.DifferentialRequest_WithPatientId_ShouldBeValid [< 1 ms]
  Passed ATTENDING.Integration.Tests.Infrastructure.ClinicalSchedulerServiceTests.SchedulerJob_LockExpires_NextCycleCanReacquire [< 1 ms]
  Passed ATTENDING.Integration.Tests.Validators.PagedResultTests.PagedResult_SinglePage_ShouldNotHavePagination [7 ms]
  Passed ATTENDING.Integration.Tests.Validators.PagedResultTests.PagedResult_Empty_ShouldReturnEmptyResult [1 ms]
  Passed ATTENDING.Integration.Tests.Validators.PagedResultTests.PagedResult_ShouldCalculateTotalPages [< 1 ms]
  Passed ATTENDING.Integration.Tests.Infrastructure.DbContextFactoryTests.DesignTimeFactory_ShouldImplementInterface [932 ms]
  Passed ATTENDING.Integration.Tests.Domain.ClinicalAiContextTests.LabRecommendation_ShouldHoldAllFields [933 ms]
  Passed ATTENDING.Integration.Tests.Infrastructure.DistributedLockServiceTests.AcquireLock_DifferentNames_ShouldSucceedIndependently [12 ms]
  Passed ATTENDING.Integration.Tests.Validators.InputSanitizationTests.Strips_Dangerous_URI_Schemes(input: "vbscript:msgbox('xss')", expected: "msgbox('xss')") [10 ms]
  Passed ATTENDING.Integration.Tests.Domain.ClinicalOrderTests.Encounter_Lifecycle_ShouldProgressCorrectly [8 ms]
  Passed ATTENDING.Integration.Tests.Validators.InputSanitizationTests.Strips_Dangerous_URI_Schemes(input: "javascript:alert(1)", expected: "alert(1)") [< 1 ms]
  Passed ATTENDING.Integration.Tests.Infrastructure.DistributedLockServiceTests.AcquireLock_AfterRelease_ShouldSucceed [< 1 ms]
  Passed ATTENDING.Integration.Tests.Domain.ClinicalOrderTests.MedicationOrder_Create_ShouldSetDefaults [1 ms]
  Passed ATTENDING.Integration.Tests.Domain.ClinicalOrderTests.ImagingOrder_Cancel_Completed_ShouldThrow [3 ms]
  Passed ATTENDING.Integration.Tests.Domain.PatientAssessmentTests.SetPainSeverity_InvalidValue_ShouldThrow [17 ms]
  Passed ATTENDING.Integration.Tests.Domain.PatientAssessmentTests.AddResponse_WithRedFlags_ShouldTriggerEmergency [< 1 ms]
  Passed ATTENDING.Integration.Tests.Domain.ClinicalOrderTests.Referral_Create_ShouldSetDefaults [1 ms]
  Passed ATTENDING.Integration.Tests.Domain.PatientAssessmentTests.Create_WithRedFlags_ShouldSetEmergency [< 1 ms]
  Passed ATTENDING.Integration.Tests.Domain.PatientAssessmentTests.AdvancePhase_ShouldUpdateCurrentPhase [< 1 ms]
  Passed ATTENDING.Integration.Tests.Domain.ClinicalOrderTests.Referral_Lifecycle_ShouldProgressCorrectly [< 1 ms]
  Passed ATTENDING.Integration.Tests.Domain.PatientAssessmentTests.DomainEvents_ShouldBeRaised [1 ms]
  Passed ATTENDING.Integration.Tests.Domain.ClinicalOrderTests.ImagingOrder_Create_ShouldSetDefaults [< 1 ms]
  Passed ATTENDING.Integration.Tests.Domain.PatientAssessmentTests.SetHpiData_ShouldPopulateFields [< 1 ms]
  Passed ATTENDING.Integration.Tests.Domain.PatientAssessmentTests.Complete_ShouldSetTriageAndPhase [< 1 ms]
  Passed ATTENDING.Integration.Tests.Validators.PatientEncounterValidatorTests.CreatePatient_EmptyMRN_ShouldFail [23 ms]
  Passed ATTENDING.Integration.Tests.Domain.PatientAssessmentTests.SetPainSeverity_ValidValue_ShouldSet [< 1 ms]
  Passed ATTENDING.Integration.Tests.Validators.PatientEncounterValidatorTests.CreateEncounter_Valid_ShouldPass [1 ms]
  Passed ATTENDING.Integration.Tests.Validators.PatientEncounterValidatorTests.CreatePatient_Valid_ShouldPass [< 1 ms]
  Passed ATTENDING.Integration.Tests.Domain.AiFeedbackTests.Create_WithPatientAndEncounter_ShouldSet [21 ms]
  Passed ATTENDING.Integration.Tests.Domain.ClinicalAiContextTests.DifferentialDiagnosisResult_Fallback_ShouldReturnSafeDefault [13 ms]
  Passed ATTENDING.Integration.Tests.Domain.AiFeedbackTests.Create_ShouldTruncateComment [< 1 ms]
  Passed ATTENDING.Integration.Tests.Domain.ClinicalAiContextTests.TriageResult_DefaultsToUrgent_WhenServiceFails [< 1 ms]
  Passed ATTENDING.Integration.Tests.Validators.PatientEncounterValidatorTests.CreatePatient_FutureDOB_ShouldFail [2 ms]
  Passed ATTENDING.Integration.Tests.Validators.PatientEncounterValidatorTests.CreatePatient_ValidZip_ShouldPass [< 1 ms]
  Passed ATTENDING.Integration.Tests.Domain.LabOrderTests.AddResult_Critical_ShouldSetCriticalStatus [19 ms]
  Passed ATTENDING.Integration.Tests.Validators.PatientEncounterValidatorTests.CreatePatient_InvalidSex_ShouldFail [< 1 ms]
  Passed ATTENDING.Integration.Tests.Domain.PatientAssessmentTests.MarkAsReviewed_ShouldSetProvider [< 1 ms]
  Passed ATTENDING.Integration.Tests.Domain.AiFeedbackTests.Create_MinimalFields_ShouldWork [8 ms]
  Passed ATTENDING.Integration.Tests.Validators.PatientEncounterValidatorTests.AddAllergy_EmptyAllergen_ShouldFail [10 ms]
  Passed ATTENDING.Integration.Tests.Validators.PatientEncounterValidatorTests.CreatePatient_InvalidEmail_ShouldFail [< 1 ms]
  Passed ATTENDING.Integration.Tests.Validators.PatientEncounterValidatorTests.CreateEncounter_EmptyType_ShouldFail [< 1 ms]
  Passed ATTENDING.Integration.Tests.Validators.PatientEncounterValidatorTests.CreateEncounter_EmptyPatientId_ShouldFail [< 1 ms]
  Passed ATTENDING.Integration.Tests.Api.PaginationExtensionTests.ToPagedResult_FirstPage_ShouldReturnCorrectSlice [2 ms]
  Passed ATTENDING.Integration.Tests.Api.PaginationExtensionTests.ToPagedResult_BeyondLastPage_ShouldReturnEmpty [< 1 ms]
  Passed ATTENDING.Integration.Tests.Api.PaginationExtensionTests.ToPagedResult_MiddlePage_ShouldReturnCorrectSlice [< 1 ms]
  Passed ATTENDING.Integration.Tests.Api.PaginationExtensionTests.ToPagedResult_LastPage_ShouldReturnRemainder [< 1 ms]
  Passed ATTENDING.Integration.Tests.Api.PaginationExtensionTests.ToPagedResult_DefaultParams_ShouldUseDefaults [< 1 ms]
  Passed ATTENDING.Integration.Tests.Api.PaginationExtensionTests.ToPagedResult_NegativePage_ShouldDefaultToOne [< 1 ms]
  Passed ATTENDING.Integration.Tests.Api.PaginationExtensionTests.ToPagedResult_ClampPageSize_ShouldLimitTo100 [< 1 ms]
  Passed ATTENDING.Integration.Tests.Domain.LabOrderTests.Cancel_CompletedOrder_ShouldThrow [15 ms]
  Passed ATTENDING.Integration.Tests.Domain.LabOrderTests.Create_ShouldGenerateOrderNumber [< 1 ms]
  Passed ATTENDING.Integration.Tests.Domain.LabOrderTests.Create_WithRedFlag_ShouldUpgradeToStat [< 1 ms]
  Passed ATTENDING.Integration.Tests.Domain.ClinicalAiContextTests.ClinicalContext_ShouldPopulateFromPatientData [20 ms]
dotnet : [xUnit.net 00:00:04.14]     
ATTENDING.Integration.Tests.Validators.InputSanitizationTests.Strips_Nested_Script_Tags [FAIL]
At line:1 char:1
+ dotnet test --filter "Category!=Docker" --no-restore --verbosity norm ...
+ ~~~~~~~~~~~~~~~~~~~~~~~~~~~~~~~~~~~~~~~~~~~~~~~~~~~~~~~~~~~~~~~~~~~~~
    + CategoryInfo          : NotSpecified: ([xUnit.net 00:0...ipt_Tags [FAIL]:String) [], RemoteException
    + FullyQualifiedErrorId : NativeCommandError
 
[xUnit.net 00:00:04.15]       Assert.DoesNotContain() Failure: Sub-string found
[xUnit.net 00:00:04.15]                  Γåô (pos 2)
[xUnit.net 00:00:04.15]       String: "</script>"
[xUnit.net 00:00:04.15]       Found:  "script"
[xUnit.net 00:00:04.15]       Stack Trace:
[xUnit.net 00:00:04.15]         C:\Users\la6ke\Projects\ATTENDING\backend\tests\ATTENDING.Integration.Tests\Validators\InputSanitizationTests.cs(181,0): at ATTENDING.Integration.Tests.Validators.InputSanitizationTests.Strips_Nested_Script_Tags()
[xUnit.net 00:00:04.15]            at System.RuntimeMethodHandle.InvokeMethod(Object target, Void** arguments, Signature sig, Boolean isConstructor)
[xUnit.net 00:00:04.15]            at System.Reflection.MethodBaseInvoker.InvokeWithNoArgs(Object obj, BindingFlags invokeAttr)
  Passed ATTENDING.Integration.Tests.Domain.ClinicalAiContextTests.ClinicalContext_ShouldInitializeWithDefaults [2 ms]
  Passed ATTENDING.Integration.Tests.Validators.ValidatorTests.CreateLabOrder_Valid_ShouldPass [52 ms]
  Passed ATTENDING.Integration.Tests.Infrastructure.DistributedLockServiceTests.AcquireLock_SameName_WhenHeld_ShouldNotAcquire [35 ms]
  Passed ATTENDING.Integration.Tests.Validators.ValidatorTests.StartAssessment_EmptyComplaint_ShouldFail [2 ms]
  Passed ATTENDING.Integration.Tests.Validators.ValidatorTests.StartAssessment_EmptyPatientId_ShouldFail [< 1 ms]
  Failed ATTENDING.Integration.Tests.Validators.InputSanitizationTests.Strips_Nested_Script_Tags [2 ms]
  Error Message:
   Assert.DoesNotContain() Failure: Sub-string found
           Γåô (pos 2)
String: "</script>"
Found:  "script"
  Stack Trace:
     at ATTENDING.Integration.Tests.Validators.InputSanitizationTests.Strips_Nested_Script_Tags() in C:\Users\la6ke\Projects\ATTENDING\backend\tests\ATTENDING.Integration.Tests\Validators\InputSanitizationTests.cs:line 181
   at System.RuntimeMethodHandle.InvokeMethod(Object target, Void** arguments, Signature sig, Boolean isConstructor)
   at System.Reflection.MethodBaseInvoker.InvokeWithNoArgs(Object obj, BindingFlags invokeAttr)
  Passed ATTENDING.Integration.Tests.Validators.InputSanitizationTests.Strips_Script_Tags_And_Content(input: "<script>alert('xss')</script>", expected: "") [< 1 ms]
  Passed ATTENDING.Integration.Tests.Validators.InputSanitizationTests.Strips_Script_Tags_And_Content(input: "<script type='text/javascript'>document.cookie</sc"┬╖┬╖┬╖, expected: "") [< 1 ms]
  Passed ATTENDING.Integration.Tests.Validators.InputSanitizationTests.Strips_Script_Tags_And_Content(input: "Hello<script>alert(1)</script>World", expected: "HelloWorld") [< 1 ms]
  Passed ATTENDING.Integration.Tests.Validators.InputSanitizationTests.Strips_Script_Tags_And_Content(input: "<SCRIPT SRC=http://evil.com/xss.js></SCRIPT>", expected: "") [< 1 ms]
  Passed ATTENDING.Integration.Tests.Validators.InputSanitizationTests.Handles_Multiple_Dangerous_Patterns_In_One_Input [< 1 ms]
  Passed ATTENDING.Integration.Tests.Validators.InputSanitizationTests.Strips_Style_Blocks(input: "<style>*{xss:expression(alert(1))}</style>", expected: "") [< 1 ms]
  Passed ATTENDING.Integration.Tests.Validators.ValidatorTests.ReviewAssessment_Valid_ShouldPass [2 ms]
  Passed ATTENDING.Integration.Tests.Validators.InputSanitizationTests.Strips_Style_Blocks(input: "<style>body{background:url('javascript:alert(1)')}"┬╖┬╖┬╖, expected: "") [< 1 ms]
  Passed ATTENDING.Integration.Tests.Validators.InputSanitizationTests.Strips_Form_And_Input_Tags [< 1 ms]
  Passed ATTENDING.Integration.Tests.Validators.ValidatorTests.StartAssessment_Valid_ShouldPass [< 1 ms]
  Passed ATTENDING.Integration.Tests.Validators.InputSanitizationTests.Preserves_Clinical_Abbreviations_With_Ampersands(input: "D&C procedure scheduled") [< 1 ms]
  Passed ATTENDING.Integration.Tests.Validators.InputSanitizationTests.Preserves_Clinical_Abbreviations_With_Ampersands(input: "L&D admission at 39 weeks") [< 1 ms]
  Passed ATTENDING.Integration.Tests.Validators.InputSanitizationTests.Preserves_Clinical_Abbreviations_With_Ampersands(input: "Smith & Jones Medical Group") [< 1 ms]
  Passed ATTENDING.Integration.Tests.Validators.InputSanitizationTests.Preserves_Clinical_Abbreviations_With_Ampersands(input: "T&A recommended for pediatric patient") [< 1 ms]
  Passed ATTENDING.Integration.Tests.Validators.InputSanitizationTests.Preserves_Common_Clinical_Text(input: "Assessment: R/O PE, DVT") [< 1 ms]
  Passed ATTENDING.Integration.Tests.Validators.InputSanitizationTests.Preserves_Common_Clinical_Text(input: "Allergies: PCN (rash), sulfa (anaphylaxis)") [< 1 ms]
  Passed ATTENDING.Integration.Tests.Validators.InputSanitizationTests.Preserves_Common_Clinical_Text(input: "Drop foot condition ΓÇö possible L4-L5 herniation") [< 1 ms]
  Passed ATTENDING.Integration.Tests.Validators.ValidatorTests.StartAssessment_LongComplaint_ShouldFail [< 1 ms]
  Passed ATTENDING.Integration.Tests.Validators.InputSanitizationTests.Preserves_Common_Clinical_Text(input: "STAT order for CBC, BMP, troponin") [< 1 ms]
  Passed ATTENDING.Integration.Tests.Validators.InputSanitizationTests.Preserves_Common_Clinical_Text(input: "Patient states \"I have chest pain\"") [< 1 ms]
  Passed ATTENDING.Integration.Tests.Validators.InputSanitizationTests.Preserves_Common_Clinical_Text(input: "Dx: HTN, DM2, CKD Stage 3") [< 1 ms]
  Passed ATTENDING.Integration.Tests.Validators.InputSanitizationTests.Preserves_Common_Clinical_Text(input: "Patient's O'Brien file") [< 1 ms]
  Passed ATTENDING.Integration.Tests.Validators.InputSanitizationTests.Preserves_Common_Clinical_Text(input: "C-section at 38 weeks due to breech presentation") [< 1 ms]
  Passed ATTENDING.Integration.Tests.Validators.InputSanitizationTests.Strips_Mixed_Dangerous_Content_But_Preserves_Clinical_Text [< 1 ms]
  Passed ATTENDING.Integration.Tests.Validators.InputSanitizationTests.Returns_Clean_Input_Unchanged(input: "test@email.com") [< 1 ms]
  Passed ATTENDING.Integration.Tests.Validators.InputSanitizationTests.Returns_Clean_Input_Unchanged(input: "12345") [< 1 ms]
  Passed ATTENDING.Integration.Tests.Validators.InputSanitizationTests.Returns_Clean_Input_Unchanged(input: "Normal clinical note with no special characters") [< 1 ms]
  Passed ATTENDING.Integration.Tests.Validators.InputSanitizationTests.Handles_Null_Input [< 1 ms]
  Passed ATTENDING.Integration.Tests.Validators.InputSanitizationTests.Strips_Event_Handler_Attributes(input: "<div onclick=\"alert(1)\">click me</div>", expected: "<div>click me</div>") [< 1 ms]
  Passed ATTENDING.Integration.Tests.Validators.InputSanitizationTests.Strips_Event_Handler_Attributes(input: "<img onerror=\"alert(1)\" src=\"x\">", expected: "<img src=\"x\">") [< 1 ms]
  Passed ATTENDING.Integration.Tests.Validators.InputSanitizationTests.Handles_Empty_String [< 1 ms]
  Passed ATTENDING.Integration.Tests.Validators.InputSanitizationTests.Handles_Whitespace_Only [< 1 ms]
  Passed ATTENDING.Integration.Tests.Infrastructure.ResilienceHandlerTests.ResilienceHandler_RetriesOnTransientFailure [69 ms]
  Passed ATTENDING.Integration.Tests.Infrastructure.ResilienceHandlerTests.CircuitBreakerOpenException_WithInnerException_PreservesChain [< 1 ms]
  Passed ATTENDING.Integration.Tests.Infrastructure.ResilienceHandlerTests.ResilienceHandler_SucceedsOnFirstAttempt [< 1 ms]
  Passed ATTENDING.Integration.Tests.Infrastructure.DistributedLockServiceTests.Dispose_WhenNotAcquired_ShouldNotThrow [15 ms]
  Passed ATTENDING.Integration.Tests.Events.DomainEventDispatchTests.DispatchEvents_MultipleEvents_ShouldPublishAll [203 ms]
  Passed ATTENDING.Integration.Tests.Events.DomainEventDispatchTests.DispatchEvents_NonCriticalLabResult_ShouldNotNotify [4 ms]
  Passed ATTENDING.Integration.Tests.Events.DomainEventDispatchTests.DispatchEvents_EmergencyProtocol_ShouldPublish [2 ms]
  Passed ATTENDING.Integration.Tests.Events.DomainEventDispatchTests.DispatchEvents_CriticalLabResult_ShouldPublish [2 ms]
  Passed ATTENDING.Integration.Tests.Events.DomainEventDispatchTests.DispatchEvents_RedFlag_ShouldPublish [2 ms]
  Passed ATTENDING.Integration.Tests.Services.AdminServiceTests.GetAlerts_ShouldReturnEmpty [1 s]
  Passed ATTENDING.Integration.Tests.Services.AdminServiceTests.GetRateLimits_ShouldReturnTiers [2 ms]
  Passed ATTENDING.Integration.Tests.Handlers.EncounterHandlerTests.CreateEncounter_PatientNotFound_ShouldFail [1 s]
  Passed ATTENDING.Integration.Tests.Handlers.PatientHandlerTests.AddAllergy_ValidInput_ShouldSucceed [1 s]
  Passed ATTENDING.Integration.Tests.Services.AnalyticsServiceTests.GetOutcomes_WithZeroFeedback_ShouldNotDivideByZero [1 s]
  Passed ATTENDING.Integration.Tests.Handlers.PatientHandlerTests.CreatePatient_DuplicateMRN_ShouldFail [2 ms]
  Passed ATTENDING.Integration.Tests.Handlers.EncounterHandlerTests.Complete_FromScheduled_ShouldFail [3 ms]
  Passed ATTENDING.Integration.Tests.Handlers.PatientHandlerTests.SearchPatients_ShouldReturnResults [3 ms]
  Passed ATTENDING.Integration.Tests.Handlers.EncounterHandlerTests.CompleteEncounter_ShouldSetCompleted [3 ms]
  Passed ATTENDING.Integration.Tests.Services.AnalyticsServiceTests.GetQualityDashboard_ShouldReturnMipsScores [6 ms]
  Passed ATTENDING.Integration.Tests.Services.AnalyticsServiceTests.GetOutcomes_ShouldReturnSummaryWithAiStats [< 1 ms]
  Passed ATTENDING.Integration.Tests.Services.AnalyticsServiceTests.GetCareGaps_ShouldReturnEmptyList [< 1 ms]
  Passed ATTENDING.Integration.Tests.Handlers.EncounterHandlerTests.CreateEncounter_ValidInput_ShouldSucceed [1 ms]
  Passed ATTENDING.Integration.Tests.Handlers.PatientHandlerTests.CreatePatient_ValidInput_ShouldSucceed [2 ms]
  Passed ATTENDING.Integration.Tests.Services.AnalyticsServiceTests.GetQualityMeasures_ShouldReturnMeasureList [2 ms]
  Passed ATTENDING.Integration.Tests.Handlers.EncounterHandlerTests.CheckIn_AlreadyCheckedIn_ShouldFail [1 ms]
  Passed ATTENDING.Integration.Tests.Handlers.PatientHandlerTests.AddCondition_ValidInput_ShouldSucceed [1 ms]
  Passed ATTENDING.Integration.Tests.Handlers.EncounterHandlerTests.CheckIn_NotFound_ShouldFail [1 ms]
  Passed ATTENDING.Integration.Tests.Handlers.PatientHandlerTests.AddAllergy_PatientNotFound_ShouldFail [1 ms]
  Passed ATTENDING.Integration.Tests.Handlers.EncounterHandlerTests.CheckIn_ValidEncounter_ShouldSucceed [1 ms]
  Passed ATTENDING.Integration.Tests.Services.AdminServiceTests.GetDashboard_ShouldReturnSystemInfo [18 ms]
[xUnit.net 00:00:05.44]     
ATTENDING.Integration.Tests.Infrastructure.ClinicalSchedulerServiceTests.SchedulerJob_AcquiresLock_AndExecutesOnce 
[FAIL]
[xUnit.net 00:00:05.44]       Expected executionCount to be 1 because distributed lock must ensure exactly-once job execution across nodes, but found 3.
[xUnit.net 00:00:05.44]       Stack Trace:
[xUnit.net 00:00:05.44]            at FluentAssertions.Execution.XUnit2TestFramework.Throw(String message)
[xUnit.net 00:00:05.44]            at FluentAssertions.Execution.TestFrameworkProvider.Throw(String message)
[xUnit.net 00:00:05.44]            at FluentAssertions.Execution.DefaultAssertionStrategy.HandleFailure(String message)
[xUnit.net 00:00:05.44]            at FluentAssertions.Execution.AssertionScope.FailWith(Func`1 failReasonFunc)
[xUnit.net 00:00:05.44]            at FluentAssertions.Execution.AssertionScope.FailWith(Func`1 failReasonFunc)
[xUnit.net 00:00:05.44]            at FluentAssertions.Execution.AssertionScope.FailWith(String message, Object[] args)
[xUnit.net 00:00:05.44]            at FluentAssertions.Numeric.NumericAssertions`2.Be(T expected, String because, Object[] becauseArgs)
[xUnit.net 00:00:05.44]         C:\Users\la6ke\Projects\ATTENDING\backend\tests\ATTENDING.Integration.Tests\Infrastructure\ClinicalSchedulerServiceTests.cs(45,0): at ATTENDING.Integration.Tests.Infrastructure.ClinicalSchedulerServiceTests.SchedulerJob_AcquiresLock_AndExecutesOnce()
[xUnit.net 00:00:05.44]         --- End of stack trace from previous location ---
[xUnit.net 00:00:05.44]     
ATTENDING.Integration.Tests.Infrastructure.DistributedLockServiceTests.SchedulerPattern_PreventsDuplicateExecution 
[FAIL]
[xUnit.net 00:00:05.44]       Expected executionCount to be 1, but found 5.
[xUnit.net 00:00:05.44]       Stack Trace:
[xUnit.net 00:00:05.44]            at FluentAssertions.Execution.XUnit2TestFramework.Throw(String message)
[xUnit.net 00:00:05.44]            at FluentAssertions.Execution.TestFrameworkProvider.Throw(String message)
[xUnit.net 00:00:05.44]            at FluentAssertions.Execution.DefaultAssertionStrategy.HandleFailure(String message)
[xUnit.net 00:00:05.44]            at FluentAssertions.Execution.AssertionScope.FailWith(Func`1 failReasonFunc)
[xUnit.net 00:00:05.44]            at FluentAssertions.Execution.AssertionScope.FailWith(Func`1 failReasonFunc)
[xUnit.net 00:00:05.44]            at FluentAssertions.Execution.AssertionScope.FailWith(String message, Object[] args)
[xUnit.net 00:00:05.44]            at FluentAssertions.Numeric.NumericAssertions`2.Be(T expected, String because, Object[] becauseArgs)
[xUnit.net 00:00:05.44]         C:\Users\la6ke\Projects\ATTENDING\backend\tests\ATTENDING.Integration.Tests\Infrastructure\DistributedLockServiceTests.cs(120,0): at ATTENDING.Integration.Tests.Infrastructure.DistributedLockServiceTests.SchedulerPattern_PreventsDuplicateExecution()
[xUnit.net 00:00:05.44]         --- End of stack trace from previous location ---
  Passed ATTENDING.Integration.Tests.Services.AdminServiceTests.AcknowledgeAlert_ShouldReturnTrue [< 1 ms]
  Passed ATTENDING.Integration.Tests.Handlers.EncounterHandlerTests.StartEncounter_WithChiefComplaint_ShouldSet [1 ms]
  Passed ATTENDING.Integration.Tests.Handlers.EncounterHandlerTests.Complete_AlreadyCompleted_ShouldFail [1 ms]
  Passed ATTENDING.Integration.Tests.Services.AdminServiceTests.GetFeatures_ShouldReturnFlagList [1 ms]
  Passed ATTENDING.Integration.Tests.Infrastructure.ClinicalSchedulerServiceTests.SchedulerService_Cancellation_StopsGracefully [434 ms]
  Passed ATTENDING.Integration.Tests.Infrastructure.ClinicalSchedulerServiceTests.DistributedLock_UnacquiredLock_DisposeIsIdempotent [514 ms]
  Failed ATTENDING.Integration.Tests.Infrastructure.ClinicalSchedulerServiceTests.SchedulerJob_AcquiresLock_AndExecutesOnce [400 ms]
  Error Message:
   Expected executionCount to be 1 because distributed lock must ensure exactly-once job execution across nodes, but found 3.
  Stack Trace:
     at FluentAssertions.Execution.XUnit2TestFramework.Throw(String message)
   at FluentAssertions.Execution.TestFrameworkProvider.Throw(String message)
   at FluentAssertions.Execution.DefaultAssertionStrategy.HandleFailure(String message)
   at FluentAssertions.Execution.AssertionScope.FailWith(Func`1 failReasonFunc)
   at FluentAssertions.Execution.AssertionScope.FailWith(Func`1 failReasonFunc)
   at FluentAssertions.Execution.AssertionScope.FailWith(String message, Object[] args)
   at FluentAssertions.Numeric.NumericAssertions`2.Be(T expected, String because, Object[] becauseArgs)
   at ATTENDING.Integration.Tests.Infrastructure.ClinicalSchedulerServiceTests.SchedulerJob_AcquiresLock_AndExecutesOnce() in C:\Users\la6ke\Projects\ATTENDING\backend\tests\ATTENDING.Integration.Tests\Infrastructure\ClinicalSchedulerServiceTests.cs:line 45
--- End of stack trace from previous location ---
  Failed ATTENDING.Integration.Tests.Infrastructure.DistributedLockServiceTests.SchedulerPattern_PreventsDuplicateExecution [1 s]
  Error Message:
   Expected executionCount to be 1, but found 5.
  Stack Trace:
     at FluentAssertions.Execution.XUnit2TestFramework.Throw(String message)
   at FluentAssertions.Execution.TestFrameworkProvider.Throw(String message)
   at FluentAssertions.Execution.DefaultAssertionStrategy.HandleFailure(String message)
   at FluentAssertions.Execution.AssertionScope.FailWith(Func`1 failReasonFunc)
   at FluentAssertions.Execution.AssertionScope.FailWith(Func`1 failReasonFunc)
   at FluentAssertions.Execution.AssertionScope.FailWith(String message, Object[] args)
   at FluentAssertions.Numeric.NumericAssertions`2.Be(T expected, String because, Object[] becauseArgs)
   at ATTENDING.Integration.Tests.Infrastructure.DistributedLockServiceTests.SchedulerPattern_PreventsDuplicateExecution() in C:\Users\la6ke\Projects\ATTENDING\backend\tests\ATTENDING.Integration.Tests\Infrastructure\DistributedLockServiceTests.cs:line 120
--- End of stack trace from previous location ---
  Passed ATTENDING.Integration.Tests.Infrastructure.ClinicalSchedulerServiceTests.DistributedLock_Contention_DoesNotThrow [3 ms]
  Passed ATTENDING.Integration.Tests.Infrastructure.DbContextFactoryTests.DbContext_ShouldConfigureDefaultSchema [1 s]
info: Microsoft.EntityFrameworkCore.Update[30100]
      Saved 0 entities to in-memory store.
info: ATTENDING.Infrastructure.Data.AttendingDbContext[0]
      In-memory database created
info: ATTENDING.Infrastructure.Data.AttendingDbContext[0]
      Seeding development data...
info: Microsoft.EntityFrameworkCore.Update[30100]
      Saved 8 entities to in-memory store.
info: Microsoft.EntityFrameworkCore.Update[30100]
      Saved 4 entities to in-memory store.
info: Microsoft.EntityFrameworkCore.Update[30100]
      Saved 8 entities to in-memory store.
info: Microsoft.EntityFrameworkCore.Update[30100]
      Saved 5 entities to in-memory store.
info: ATTENDING.Infrastructure.Data.AttendingDbContext[0]
      Development data seeded: 3 users, 5 patients, 5 encounters
  Passed ATTENDING.Integration.Tests.Infrastructure.DbContextFactoryTests.DbContext_ShouldHaveAllDbSets [17 ms]
  Passed ATTENDING.Integration.Tests.Handlers.LabOrderHandlerFullTests.UpdatePriority_NotFound_ShouldFail [1 s]
  Passed ATTENDING.Integration.Tests.Handlers.LabOrderHandlerFullTests.MarkCollected_NotFound_ShouldFail [5 ms]
  Passed ATTENDING.Integration.Tests.Handlers.QueryHandlerTests.SearchPatients_EmptySearchTerm_ReturnsResults [1 s]
  Passed ATTENDING.Integration.Tests.Handlers.QueryHandlerTests.SearchPatients_ByLastName_ReturnsMatchingResults [21 ms]
  Passed ATTENDING.Integration.Tests.Handlers.QueryHandlerTests.GetAssessmentById_NonExistent_ReturnsNull [60 ms]
  Passed ATTENDING.Integration.Tests.Handlers.AssessmentHandlerTests.CompleteAssessment_ShouldSetTriageLevel [1 s]
  Passed ATTENDING.Integration.Tests.Handlers.LabOrderHandlerTests.CreateLabOrder_WithChestPain_ShouldUpgradeToStat [1 s]
  Passed ATTENDING.Integration.Tests.Infrastructure.DatabaseInitializerTests.Initialize_ShouldSeedEncounters [1 s]
  Passed ATTENDING.Integration.Tests.Handlers.AssessmentHandlerFullTests.SubmitResponse_OnCompletedAssessment_ShouldFail [1 s]
  Passed ATTENDING.Integration.Tests.Handlers.AssessmentHandlerFullTests.SubmitResponse_NotFound_ShouldFail [1 ms]
  Passed ATTENDING.Integration.Tests.Handlers.AssessmentHandlerTests.StartAssessment_NonExistentPatient_ShouldFail [7 ms]
  Passed ATTENDING.Integration.Tests.Handlers.LabOrderHandlerTests.CreateLabOrder_NonExistentPatient_ShouldFail [7 ms]
info: Microsoft.EntityFrameworkCore.Update[30100]
      Saved 0 entities to in-memory store.
info: ATTENDING.Infrastructure.Data.AttendingDbContext[0]
      In-memory database created
info: ATTENDING.Infrastructure.Data.AttendingDbContext[0]
      Seeding development data...
info: Microsoft.EntityFrameworkCore.Update[30100]
      Saved 8 entities to in-memory store.
info: Microsoft.EntityFrameworkCore.Update[30100]
      Saved 4 entities to in-memory store.
info: Microsoft.EntityFrameworkCore.Update[30100]
      Saved 8 entities to in-memory store.
info: Microsoft.EntityFrameworkCore.Update[30100]
      Saved 5 entities to in-memory store.
info: ATTENDING.Infrastructure.Data.AttendingDbContext[0]
      Development data seeded: 3 users, 5 patients, 5 encounters
info: Microsoft.EntityFrameworkCore.Update[30100]
      Saved 0 entities to in-memory store.
info: ATTENDING.Infrastructure.Data.AttendingDbContext[0]
      In-memory database created
info: ATTENDING.Infrastructure.Data.AttendingDbContext[0]
      Seeding development data...
info: Microsoft.EntityFrameworkCore.Update[30100]
      Saved 8 entities to in-memory store.
info: Microsoft.EntityFrameworkCore.Update[30100]
      Saved 4 entities to in-memory store.
info: Microsoft.EntityFrameworkCore.Update[30100]
      Saved 8 entities to in-memory store.
info: Microsoft.EntityFrameworkCore.Update[30100]
      Saved 5 entities to in-memory store.
info: ATTENDING.Infrastructure.Data.AttendingDbContext[0]
      Development data seeded: 3 users, 5 patients, 5 encounters
info: ATTENDING.Infrastructure.Data.AttendingDbContext[0]
      In-memory database created
[xUnit.net 00:00:06.18]     
ATTENDING.Integration.Tests.Handlers.AssessmentHandlerFullTests.SubmitResponse_WithRedFlagAnswer_ShouldFlagEmergency 
[FAIL]
[xUnit.net 00:00:06.18]       Microsoft.EntityFrameworkCore.DbUpdateConcurrencyException : Attempted to update or delete an entity that does not exist in the store.
[xUnit.net 00:00:06.18]       Stack Trace:
[xUnit.net 00:00:06.18]            at Microsoft.EntityFrameworkCore.InMemory.Storage.Internal.InMemoryTable`1.Update(IUpdateEntry entry, IDiagnosticsLogger`1 updateLogger)
[xUnit.net 00:00:06.18]            at Microsoft.EntityFrameworkCore.InMemory.Storage.Internal.InMemoryStore.ExecuteTransaction(IList`1 entries, IDiagnosticsLogger`1 updateLogger)
[xUnit.net 00:00:06.18]            at Microsoft.EntityFrameworkCore.InMemory.Storage.Internal.InMemoryDatabase.SaveChangesAsync(IList`1 entries, CancellationToken cancellationToken)
[xUnit.net 00:00:06.18]            at Microsoft.EntityFrameworkCore.ChangeTracking.Internal.StateManager.SaveChangesAsync(IList`1 entriesToSave, CancellationToken cancellationToken)
[xUnit.net 00:00:06.18]            at Microsoft.EntityFrameworkCore.ChangeTracking.Internal.StateManager.SaveChangesAsync(StateManager stateManager, Boolean acceptAllChangesOnSuccess, CancellationToken cancellationToken)
[xUnit.net 00:00:06.18]            at Microsoft.EntityFrameworkCore.DbContext.SaveChangesAsync(Boolean acceptAllChangesOnSuccess, CancellationToken cancellationToken)
[xUnit.net 00:00:06.18]         C:\Users\la6ke\Projects\ATTENDING\backend\src\ATTENDING.Infrastructure\Data\AttendingDbContext.cs(204,0): at ATTENDING.Infrastructure.Data.AttendingDbContext.SaveChangesAsync(CancellationToken cancellationToken)
[xUnit.net 00:00:06.18]         C:\Users\la6ke\Projects\ATTENDING\backend\src\ATTENDING.Application\Commands\Assessments\AssessmentHandlers.cs(101,0): at ATTENDING.Application.Commands.Assessments.SubmitAssessmentResponseHandler.Handle(SubmitAssessmentResponseCommand request, CancellationToken cancellationToken)
[xUnit.net 00:00:06.18]         C:\Users\la6ke\Projects\ATTENDING\backend\tests\ATTENDING.Integration.Tests\Handlers\AssessmentHandlerFullTests.cs(92,0): at ATTENDING.Integration.Tests.Handlers.AssessmentHandlerFullTests.SubmitResponse_WithRedFlagAnswer_ShouldFlagEmergency()
[xUnit.net 00:00:06.18]         --- End of stack trace from previous location ---
  Passed ATTENDING.Integration.Tests.Handlers.LabOrderHandlerTests.CreateLabOrder_ValidInput_ShouldSucceed [3 ms]
  Passed ATTENDING.Integration.Tests.Handlers.QueryHandlerTests.GetEncountersByStatus_ReturnsEncountersMatchingStatus [21 ms]
  Passed ATTENDING.Integration.Tests.Handlers.AssessmentHandlerTests.StartAssessment_EmergencySymptoms_ShouldFlagEmergency [3 ms]
  Passed ATTENDING.Integration.Tests.Handlers.AssessmentHandlerTests.StartAssessment_ValidInput_ShouldSucceed [1 ms]
  Passed ATTENDING.Integration.Tests.Handlers.QueryHandlerTests.GetPatientByMrn_NonExistentMrn_ReturnsNull [128 ms]
  Passed ATTENDING.Integration.Tests.Infrastructure.DatabaseInitializerTests.Initialize_ShouldSeedUsers [156 ms]
  Passed ATTENDING.Integration.Tests.Infrastructure.DatabaseInitializerTests.Initialize_RunTwice_ShouldBeIdempotent [31 ms]
  Failed ATTENDING.Integration.Tests.Handlers.AssessmentHandlerFullTests.SubmitResponse_WithRedFlagAnswer_ShouldFlagEmergency [163 ms]
  Error Message:
   Microsoft.EntityFrameworkCore.DbUpdateConcurrencyException : Attempted to update or delete an entity that does not exist in the store.
  Stack Trace:
     at Microsoft.EntityFrameworkCore.InMemory.Storage.Internal.InMemoryTable`1.Update(IUpdateEntry entry, IDiagnosticsLogger`1 updateLogger)
   at Microsoft.EntityFrameworkCore.InMemory.Storage.Internal.InMemoryStore.ExecuteTransaction(IList`1 entries, IDiagnosticsLogger`1 updateLogger)
   at Microsoft.EntityFrameworkCore.InMemory.Storage.Internal.InMemoryDatabase.SaveChangesAsync(IList`1 entries, CancellationToken cancellationToken)
   at Microsoft.EntityFrameworkCore.ChangeTracking.Internal.StateManager.SaveChangesAsync(IList`1 entriesToSave, CancellationToken cancellationToken)
   at Microsoft.EntityFrameworkCore.ChangeTracking.Internal.StateManager.SaveChangesAsync(StateManager stateManager, Boolean acceptAllChangesOnSuccess, CancellationToken cancellationToken)
   at Microsoft.EntityFrameworkCore.DbContext.SaveChangesAsync(Boolean acceptAllChangesOnSuccess, CancellationToken cancellationToken)
   at ATTENDING.Infrastructure.Data.AttendingDbContext.SaveChangesAsync(CancellationToken cancellationToken) in C:\Users\la6ke\Projects\ATTENDING\backend\src\ATTENDING.Infrastructure\Data\AttendingDbContext.cs:line 204
   at ATTENDING.Application.Commands.Assessments.SubmitAssessmentResponseHandler.Handle(SubmitAssessmentResponseCommand request, CancellationToken cancellationToken) in C:\Users\la6ke\Projects\ATTENDING\backend\src\ATTENDING.Application\Commands\Assessments\AssessmentHandlers.cs:line 101
   at ATTENDING.Integration.Tests.Handlers.AssessmentHandlerFullTests.SubmitResponse_WithRedFlagAnswer_ShouldFlagEmergency() in C:\Users\la6ke\Projects\ATTENDING\backend\tests\ATTENDING.Integration.Tests\Handlers\AssessmentHandlerFullTests.cs:line 92
--- End of stack trace from previous location ---
[xUnit.net 00:00:06.18]     
ATTENDING.Integration.Tests.Handlers.LabOrderHandlerFullTests.AddLabResult_CriticalValue_ShouldMarkCritical [FAIL]
[xUnit.net 00:00:06.18]       Microsoft.EntityFrameworkCore.DbUpdateConcurrencyException : Attempted to update or delete an entity that does not exist in the store.
[xUnit.net 00:00:06.18]       Stack Trace:
[xUnit.net 00:00:06.18]            at Microsoft.EntityFrameworkCore.InMemory.Storage.Internal.InMemoryTable`1.Update(IUpdateEntry entry, IDiagnosticsLogger`1 updateLogger)
[xUnit.net 00:00:06.18]            at Microsoft.EntityFrameworkCore.InMemory.Storage.Internal.InMemoryStore.ExecuteTransaction(IList`1 entries, IDiagnosticsLogger`1 updateLogger)
[xUnit.net 00:00:06.18]            at Microsoft.EntityFrameworkCore.InMemory.Storage.Internal.InMemoryDatabase.SaveChangesAsync(IList`1 entries, CancellationToken cancellationToken)
[xUnit.net 00:00:06.18]            at Microsoft.EntityFrameworkCore.ChangeTracking.Internal.StateManager.SaveChangesAsync(IList`1 entriesToSave, CancellationToken cancellationToken)
[xUnit.net 00:00:06.18]            at Microsoft.EntityFrameworkCore.ChangeTracking.Internal.StateManager.SaveChangesAsync(StateManager stateManager, Boolean acceptAllChangesOnSuccess, CancellationToken cancellationToken)
[xUnit.net 00:00:06.18]            at Microsoft.EntityFrameworkCore.DbContext.SaveChangesAsync(Boolean acceptAllChangesOnSuccess, CancellationToken cancellationToken)
[xUnit.net 00:00:06.18]         C:\Users\la6ke\Projects\ATTENDING\backend\src\ATTENDING.Infrastructure\Data\AttendingDbContext.cs(204,0): at ATTENDING.Infrastructure.Data.AttendingDbContext.SaveChangesAsync(CancellationToken cancellationToken)
[xUnit.net 00:00:06.18]         C:\Users\la6ke\Projects\ATTENDING\backend\src\ATTENDING.Application\Commands\LabOrders\LabOrderHandlers.cs(219,0): at ATTENDING.Application.Commands.LabOrders.AddLabResultHandler.Handle(AddLabResultCommand request, CancellationToken ct)
[xUnit.net 00:00:06.19]         C:\Users\la6ke\Projects\ATTENDING\backend\tests\ATTENDING.Integration.Tests\Handlers\LabOrderHandlerFullTests.cs(283,0): at ATTENDING.Integration.Tests.Handlers.LabOrderHandlerFullTests.AddLabResult_CriticalValue_ShouldMarkCritical()
[xUnit.net 00:00:06.19]         --- End of stack trace from previous location ---
[xUnit.net 00:00:06.19]       Microsoft.EntityFrameworkCore.DbUpdateConcurrencyException : Attempted to update or delete an entity that does not exist in the store.
[xUnit.net 00:00:06.19]       Stack Trace:
[xUnit.net 00:00:06.19]            at Microsoft.EntityFrameworkCore.InMemory.Storage.Internal.InMemoryTable`1.Update(IUpdateEntry entry, IDiagnosticsLogger`1 updateLogger)
[xUnit.net 00:00:06.19]     
ATTENDING.Integration.Tests.Handlers.AssessmentHandlerFullTests.Review_CompletedAssessment_ShouldSucceed [FAIL]
info: Microsoft.EntityFrameworkCore.Update[30100]
      Saved 0 entities to in-memory store.
info: ATTENDING.Infrastructure.Data.AttendingDbContext[0]
      In-memory database created
info: ATTENDING.Infrastructure.Data.AttendingDbContext[0]
      Seeding development data...
[xUnit.net 00:00:06.19]            at Microsoft.EntityFrameworkCore.InMemory.Storage.Internal.InMemoryStore.ExecuteTransaction(IList`1 entries, IDiagnosticsLogger`1 updateLogger)
[xUnit.net 00:00:06.19]            at Microsoft.EntityFrameworkCore.InMemory.Storage.Internal.InMemoryDatabase.SaveChangesAsync(IList`1 entries, CancellationToken cancellationToken)
[xUnit.net 00:00:06.19]            at Microsoft.EntityFrameworkCore.ChangeTracking.Internal.StateManager.SaveChangesAsync(IList`1 entriesToSave, CancellationToken cancellationToken)
[xUnit.net 00:00:06.19]            at Microsoft.EntityFrameworkCore.ChangeTracking.Internal.StateManager.SaveChangesAsync(StateManager stateManager, Boolean acceptAllChangesOnSuccess, CancellationToken cancellationToken)
info: Microsoft.EntityFrameworkCore.Update[30100]
      Saved 8 entities to in-memory store.
[xUnit.net 00:00:06.19]            at Microsoft.EntityFrameworkCore.DbContext.SaveChangesAsync(Boolean acceptAllChangesOnSuccess, CancellationToken cancellationToken)
[xUnit.net 00:00:06.19]         C:\Users\la6ke\Projects\ATTENDING\backend\src\ATTENDING.Infrastructure\Data\AttendingDbContext.cs(204,0): at ATTENDING.Infrastructure.Data.AttendingDbContext.SaveChangesAsync(CancellationToken cancellationToken)
[xUnit.net 00:00:06.19]         C:\Users\la6ke\Projects\ATTENDING\backend\tests\ATTENDING.Integration.Tests\Fixtures\DatabaseFixture.cs(65,0): at ATTENDING.Integration.Tests.Fixtures.DatabaseFixture.SeedPatientAsync(String mrn, String firstName, String lastName, Nullable`1 tenantId)
[xUnit.net 00:00:06.19]         C:\Users\la6ke\Projects\ATTENDING\backend\tests\ATTENDING.Integration.Tests\Handlers\AssessmentHandlerFullTests.cs(186,0): at ATTENDING.Integration.Tests.Handlers.AssessmentHandlerFullTests.Review_CompletedAssessment_ShouldSucceed()
[xUnit.net 00:00:06.19]         --- End of stack trace from previous location ---
[xUnit.net 00:00:06.19]     
ATTENDING.Integration.Tests.Handlers.LabOrderHandlerFullTests.AddLabResult_CollectedOrder_ShouldSucceed [FAIL]
[xUnit.net 00:00:06.19]       Microsoft.EntityFrameworkCore.DbUpdateConcurrencyException : Attempted to update or delete an entity that does not exist in the store.
[xUnit.net 00:00:06.19]       Stack Trace:
[xUnit.net 00:00:06.19]            at Microsoft.EntityFrameworkCore.InMemory.Storage.Internal.InMemoryTable`1.Update(IUpdateEntry entry, IDiagnosticsLogger`1 updateLogger)
[xUnit.net 00:00:06.19]            at Microsoft.EntityFrameworkCore.InMemory.Storage.Internal.InMemoryStore.ExecuteTransaction(IList`1 entries, IDiagnosticsLogger`1 updateLogger)
[xUnit.net 00:00:06.19]            at Microsoft.EntityFrameworkCore.InMemory.Storage.Internal.InMemoryDatabase.SaveChangesAsync(IList`1 entries, CancellationToken cancellationToken)
[xUnit.net 00:00:06.19]            at Microsoft.EntityFrameworkCore.ChangeTracking.Internal.StateManager.SaveChangesAsync(IList`1 entriesToSave, CancellationToken cancellationToken)
[xUnit.net 00:00:06.19]            at Microsoft.EntityFrameworkCore.ChangeTracking.Internal.StateManager.SaveChangesAsync(StateManager stateManager, Boolean acceptAllChangesOnSuccess, CancellationToken cancellationToken)
[xUnit.net 00:00:06.19]            at Microsoft.EntityFrameworkCore.DbContext.SaveChangesAsync(Boolean acceptAllChangesOnSuccess, CancellationToken cancellationToken)
[xUnit.net 00:00:06.19]         C:\Users\la6ke\Projects\ATTENDING\backend\src\ATTENDING.Infrastructure\Data\AttendingDbContext.cs(204,0): at ATTENDING.Infrastructure.Data.AttendingDbContext.SaveChangesAsync(CancellationToken cancellationToken)
[xUnit.net 00:00:06.19]         C:\Users\la6ke\Projects\ATTENDING\backend\tests\ATTENDING.Integration.Tests\Fixtures\DatabaseFixture.cs(65,0): at ATTENDING.Integration.Tests.Fixtures.DatabaseFixture.SeedPatientAsync(String mrn, String firstName, String lastName, Nullable`1 tenantId)
[xUnit.net 00:00:06.19]         C:\Users\la6ke\Projects\ATTENDING\backend\tests\ATTENDING.Integration.Tests\Handlers\LabOrderHandlerFullTests.cs(240,0): at ATTENDING.Integration.Tests.Handlers.LabOrderHandlerFullTests.AddLabResult_CollectedOrder_ShouldSucceed()
[xUnit.net 00:00:06.19]         --- End of stack trace from previous location ---
info: Microsoft.EntityFrameworkCore.Update[30100]
      Saved 4 entities to in-memory store.
info: Microsoft.EntityFrameworkCore.Update[30100]
      Saved 8 entities to in-memory store.
info: Microsoft.EntityFrameworkCore.Update[30100]
      Saved 5 entities to in-memory store.
info: ATTENDING.Infrastructure.Data.AttendingDbContext[0]
      Development data seeded: 3 users, 5 patients, 5 encounters
[xUnit.net 00:00:06.20]     
ATTENDING.Integration.Tests.Handlers.LabOrderHandlerFullTests.CancelLabOrder_ShouldLogPhiAccess [FAIL]
[xUnit.net 00:00:06.20]       System.ArgumentException : An item with the same key has already been added. Key: 1a023286-adef-4096-865a-4707f172e2d1
[xUnit.net 00:00:06.20]       Stack Trace:
[xUnit.net 00:00:06.20]            at System.Collections.Generic.Dictionary`2.TryInsert(TKey key, TValue value, InsertionBehavior behavior)
[xUnit.net 00:00:06.20]            at System.Collections.Generic.Dictionary`2.Add(TKey key, TValue value)
[xUnit.net 00:00:06.20]            at Microsoft.EntityFrameworkCore.InMemory.Storage.Internal.InMemoryTable`1.Create(IUpdateEntry entry, IDiagnosticsLogger`1 updateLogger)
[xUnit.net 00:00:06.20]            at Microsoft.EntityFrameworkCore.InMemory.Storage.Internal.InMemoryStore.ExecuteTransaction(IList`1 entries, IDiagnosticsLogger`1 updateLogger)
[xUnit.net 00:00:06.20]            at Microsoft.EntityFrameworkCore.InMemory.Storage.Internal.InMemoryDatabase.SaveChangesAsync(IList`1 entries, CancellationToken cancellationToken)
[xUnit.net 00:00:06.20]            at Microsoft.EntityFrameworkCore.ChangeTracking.Internal.StateManager.SaveChangesAsync(IList`1 entriesToSave, CancellationToken cancellationToken)
[xUnit.net 00:00:06.20]            at Microsoft.EntityFrameworkCore.ChangeTracking.Internal.StateManager.SaveChangesAsync(StateManager stateManager, Boolean acceptAllChangesOnSuccess, CancellationToken cancellationToken)
[xUnit.net 00:00:06.20]            at Microsoft.EntityFrameworkCore.DbContext.SaveChangesAsync(Boolean acceptAllChangesOnSuccess, CancellationToken cancellationToken)
[xUnit.net 00:00:06.20]            at Microsoft.EntityFrameworkCore.DbContext.SaveChangesAsync(Boolean acceptAllChangesOnSuccess, CancellationToken cancellationToken)
[xUnit.net 00:00:06.20]         C:\Users\la6ke\Projects\ATTENDING\backend\src\ATTENDING.Infrastructure\Data\AttendingDbContext.cs(204,0): at ATTENDING.Infrastructure.Data.AttendingDbContext.SaveChangesAsync(CancellationToken cancellationToken)
[xUnit.net 00:00:06.20]         C:\Users\la6ke\Projects\ATTENDING\backend\tests\ATTENDING.Integration.Tests\Fixtures\DatabaseFixture.cs(65,0): at ATTENDING.Integration.Tests.Fixtures.DatabaseFixture.SeedPatientAsync(String mrn, String firstName, String lastName, Nullable`1 tenantId)
[xUnit.net 00:00:06.20]         C:\Users\la6ke\Projects\ATTENDING\backend\tests\ATTENDING.Integration.Tests\Handlers\LabOrderHandlerFullTests.cs(359,0): at ATTENDING.Integration.Tests.Handlers.LabOrderHandlerFullTests.CancelLabOrder_ShouldLogPhiAccess()
[xUnit.net 00:00:06.20]         --- End of stack trace from previous location ---
[xUnit.net 00:00:06.20]     
ATTENDING.Integration.Tests.Handlers.AssessmentHandlerFullTests.SubmitResponse_ValidInput_ShouldSucceed [FAIL]
[xUnit.net 00:00:06.20]       System.ArgumentException : An item with the same key has already been added. Key: 30ee0d8f-dd45-451f-9866-aaa740f1a76c
[xUnit.net 00:00:06.20]       Stack Trace:
[xUnit.net 00:00:06.20]            at System.Collections.Generic.Dictionary`2.TryInsert(TKey key, TValue value, InsertionBehavior behavior)
[xUnit.net 00:00:06.20]            at System.Collections.Generic.Dictionary`2.Add(TKey key, TValue value)
[xUnit.net 00:00:06.20]            at Microsoft.EntityFrameworkCore.InMemory.Storage.Internal.InMemoryTable`1.Create(IUpdateEntry entry, IDiagnosticsLogger`1 updateLogger)
[xUnit.net 00:00:06.20]            at Microsoft.EntityFrameworkCore.InMemory.Storage.Internal.InMemoryStore.ExecuteTransaction(IList`1 entries, IDiagnosticsLogger`1 updateLogger)
[xUnit.net 00:00:06.20]            at Microsoft.EntityFrameworkCore.InMemory.Storage.Internal.InMemoryDatabase.SaveChangesAsync(IList`1 entries, CancellationToken cancellationToken)
[xUnit.net 00:00:06.20]            at Microsoft.EntityFrameworkCore.ChangeTracking.Internal.StateManager.SaveChangesAsync(IList`1 entriesToSave, CancellationToken cancellationToken)
[xUnit.net 00:00:06.20]            at Microsoft.EntityFrameworkCore.ChangeTracking.Internal.StateManager.SaveChangesAsync(StateManager stateManager, Boolean acceptAllChangesOnSuccess, CancellationToken cancellationToken)
[xUnit.net 00:00:06.20]            at Microsoft.EntityFrameworkCore.DbContext.SaveChangesAsync(Boolean acceptAllChangesOnSuccess, CancellationToken cancellationToken)
[xUnit.net 00:00:06.20]            at Microsoft.EntityFrameworkCore.DbContext.SaveChangesAsync(Boolean acceptAllChangesOnSuccess, CancellationToken cancellationToken)
[xUnit.net 00:00:06.20]     
ATTENDING.Integration.Tests.Handlers.LabOrderHandlerFullTests.MarkCollected_AlreadyCollected_ShouldFail [FAIL]
[xUnit.net 00:00:06.20]         C:\Users\la6ke\Projects\ATTENDING\backend\src\ATTENDING.Infrastructure\Data\AttendingDbContext.cs(204,0): at ATTENDING.Infrastructure.Data.AttendingDbContext.SaveChangesAsync(CancellationToken cancellationToken)
[xUnit.net 00:00:06.20]         C:\Users\la6ke\Projects\ATTENDING\backend\tests\ATTENDING.Integration.Tests\Fixtures\DatabaseFixture.cs(65,0): at ATTENDING.Integration.Tests.Fixtures.DatabaseFixture.SeedPatientAsync(String mrn, String firstName, String lastName, Nullable`1 tenantId)
[xUnit.net 00:00:06.20]         C:\Users\la6ke\Projects\ATTENDING\backend\tests\ATTENDING.Integration.Tests\Handlers\AssessmentHandlerFullTests.cs(72,0): at ATTENDING.Integration.Tests.Handlers.AssessmentHandlerFullTests.SubmitResponse_ValidInput_ShouldSucceed()
[xUnit.net 00:00:06.20]         --- End of stack trace from previous location ---
[xUnit.net 00:00:06.20]       System.ArgumentException : An item with the same key has already been added. Key: 1a023286-adef-4096-865a-4707f172e2d1
[xUnit.net 00:00:06.20]       Stack Trace:
[xUnit.net 00:00:06.20]            at System.Collections.Generic.Dictionary`2.TryInsert(TKey key, TValue value, InsertionBehavior behavior)
[xUnit.net 00:00:06.20]            at System.Collections.Generic.Dictionary`2.Add(TKey key, TValue value)
[xUnit.net 00:00:06.20]            at Microsoft.EntityFrameworkCore.InMemory.Storage.Internal.InMemoryTable`1.Create(IUpdateEntry entry, IDiagnosticsLogger`1 updateLogger)
[xUnit.net 00:00:06.20]            at Microsoft.EntityFrameworkCore.InMemory.Storage.Internal.InMemoryStore.ExecuteTransaction(IList`1 entries, IDiagnosticsLogger`1 updateLogger)
[xUnit.net 00:00:06.20]            at Microsoft.EntityFrameworkCore.InMemory.Storage.Internal.InMemoryDatabase.SaveChangesAsync(IList`1 entries, CancellationToken cancellationToken)
[xUnit.net 00:00:06.20]            at Microsoft.EntityFrameworkCore.ChangeTracking.Internal.StateManager.SaveChangesAsync(IList`1 entriesToSave, CancellationToken cancellationToken)
[xUnit.net 00:00:06.20]            at Microsoft.EntityFrameworkCore.ChangeTracking.Internal.StateManager.SaveChangesAsync(StateManager stateManager, Boolean acceptAllChangesOnSuccess, CancellationToken cancellationToken)
[xUnit.net 00:00:06.20]            at Microsoft.EntityFrameworkCore.DbContext.SaveChangesAsync(Boolean acceptAllChangesOnSuccess, CancellationToken cancellationToken)
[xUnit.net 00:00:06.20]            at Microsoft.EntityFrameworkCore.DbContext.SaveChangesAsync(Boolean acceptAllChangesOnSuccess, CancellationToken cancellationToken)
[xUnit.net 00:00:06.20]         C:\Users\la6ke\Projects\ATTENDING\backend\src\ATTENDING.Infrastructure\Data\AttendingDbContext.cs(204,0): at ATTENDING.Infrastructure.Data.AttendingDbContext.SaveChangesAsync(CancellationToken cancellationToken)
[xUnit.net 00:00:06.20]         C:\Users\la6ke\Projects\ATTENDING\backend\tests\ATTENDING.Integration.Tests\Fixtures\DatabaseFixture.cs(65,0): at ATTENDING.Integration.Tests.Fixtures.DatabaseFixture.SeedPatientAsync(String mrn, String firstName, String lastName, Nullable`1 tenantId)
[xUnit.net 00:00:06.20]         C:\Users\la6ke\Projects\ATTENDING\backend\tests\ATTENDING.Integration.Tests\Handlers\LabOrderHandlerFullTests.cs(203,0): at ATTENDING.Integration.Tests.Handlers.LabOrderHandlerFullTests.MarkCollected_AlreadyCollected_ShouldFail()
[xUnit.net 00:00:06.20]         --- End of stack trace from previous location ---
[xUnit.net 00:00:06.20]       System.ArgumentException : An item with the same key has already been added. Key: 30ee0d8f-dd45-451f-9866-aaa740f1a76c
[xUnit.net 00:00:06.20]       Stack Trace:
[xUnit.net 00:00:06.20]            at System.Collections.Generic.Dictionary`2.TryInsert(TKey key, TValue value, InsertionBehavior behavior)
[xUnit.net 00:00:06.20]            at System.Collections.Generic.Dictionary`2.Add(TKey key, TValue value)
[xUnit.net 00:00:06.20]            at Microsoft.EntityFrameworkCore.InMemory.Storage.Internal.InMemoryTable`1.Create(IUpdateEntry entry, IDiagnosticsLogger`1 updateLogger)
[xUnit.net 00:00:06.20]            at Microsoft.EntityFrameworkCore.InMemory.Storage.Internal.InMemoryStore.ExecuteTransaction(IList`1 entries, IDiagnosticsLogger`1 updateLogger)
[xUnit.net 00:00:06.20]            at Microsoft.EntityFrameworkCore.InMemory.Storage.Internal.InMemoryDatabase.SaveChangesAsync(IList`1 entries, CancellationToken cancellationToken)
[xUnit.net 00:00:06.20]            at Microsoft.EntityFrameworkCore.ChangeTracking.Internal.StateManager.SaveChangesAsync(IList`1 entriesToSave, CancellationToken cancellationToken)
[xUnit.net 00:00:06.20]            at Microsoft.EntityFrameworkCore.ChangeTracking.Internal.StateManager.SaveChangesAsync(StateManager stateManager, Boolean acceptAllChangesOnSuccess, CancellationToken cancellationToken)
[xUnit.net 00:00:06.20]            at Microsoft.EntityFrameworkCore.DbContext.SaveChangesAsync(Boolean acceptAllChangesOnSuccess, CancellationToken cancellationToken)
[xUnit.net 00:00:06.20]            at Microsoft.EntityFrameworkCore.DbContext.SaveChangesAsync(Boolean acceptAllChangesOnSuccess, CancellationToken cancellationToken)
[xUnit.net 00:00:06.20]         C:\Users\la6ke\Projects\ATTENDING\backend\src\ATTENDING.Infrastructure\Data\AttendingDbContext.cs(204,0): at ATTENDING.Infrastructure.Data.AttendingDbContext.SaveChangesAsync(CancellationToken cancellationToken)
[xUnit.net 00:00:06.20]         C:\Users\la6ke\Projects\ATTENDING\backend\tests\ATTENDING.Integration.Tests\Fixtures\DatabaseFixture.cs(65,0): at ATTENDING.Integration.Tests.Fixtures.DatabaseFixture.SeedPatientAsync(String mrn, String firstName, String lastName, Nullable`1 tenantId)
[xUnit.net 00:00:06.20]     ATTENDING.Integration.Tests.Handlers.AssessmentHandlerFullTests.Review_ShouldLogPhiAccess 
[FAIL]
[xUnit.net 00:00:06.20]         C:\Users\la6ke\Projects\ATTENDING\backend\tests\ATTENDING.Integration.Tests\Handlers\AssessmentHandlerFullTests.cs(214,0): at ATTENDING.Integration.Tests.Handlers.AssessmentHandlerFullTests.Review_ShouldLogPhiAccess()
[xUnit.net 00:00:06.20]         --- End of stack trace from previous location ---
  Failed ATTENDING.Integration.Tests.Handlers.LabOrderHandlerFullTests.AddLabResult_CriticalValue_ShouldMarkCritical [261 ms]
  Error Message:
   Microsoft.EntityFrameworkCore.DbUpdateConcurrencyException : Attempted to update or delete an entity that does not exist in the store.
  Stack Trace:
     at Microsoft.EntityFrameworkCore.InMemory.Storage.Internal.InMemoryTable`1.Update(IUpdateEntry entry, IDiagnosticsLogger`1 updateLogger)
   at Microsoft.EntityFrameworkCore.InMemory.Storage.Internal.InMemoryStore.ExecuteTransaction(IList`1 entries, IDiagnosticsLogger`1 updateLogger)
   at Microsoft.EntityFrameworkCore.InMemory.Storage.Internal.InMemoryDatabase.SaveChangesAsync(IList`1 entries, CancellationToken cancellationToken)
   at Microsoft.EntityFrameworkCore.ChangeTracking.Internal.StateManager.SaveChangesAsync(IList`1 entriesToSave, CancellationToken cancellationToken)
   at Microsoft.EntityFrameworkCore.ChangeTracking.Internal.StateManager.SaveChangesAsync(StateManager stateManager, Boolean acceptAllChangesOnSuccess, CancellationToken cancellationToken)
   at Microsoft.EntityFrameworkCore.DbContext.SaveChangesAsync(Boolean acceptAllChangesOnSuccess, CancellationToken cancellationToken)
   at ATTENDING.Infrastructure.Data.AttendingDbContext.SaveChangesAsync(CancellationToken cancellationToken) in C:\Users\la6ke\Projects\ATTENDING\backend\src\ATTENDING.Infrastructure\Data\AttendingDbContext.cs:line 204
   at ATTENDING.Application.Commands.LabOrders.AddLabResultHandler.Handle(AddLabResultCommand request, CancellationToken ct) in C:\Users\la6ke\Projects\ATTENDING\backend\src\ATTENDING.Application\Commands\LabOrders\LabOrderHandlers.cs:line 219
   at ATTENDING.Integration.Tests.Handlers.LabOrderHandlerFullTests.AddLabResult_CriticalValue_ShouldMarkCritical() in C:\Users\la6ke\Projects\ATTENDING\backend\tests\ATTENDING.Integration.Tests\Handlers\LabOrderHandlerFullTests.cs:line 283
--- End of stack trace from previous location ---
  Failed ATTENDING.Integration.Tests.Handlers.AssessmentHandlerFullTests.Review_CompletedAssessment_ShouldSucceed [6 ms]
  Error Message:
   Microsoft.EntityFrameworkCore.DbUpdateConcurrencyException : Attempted to update or delete an entity that does not exist in the store.
  Stack Trace:
     at Microsoft.EntityFrameworkCore.InMemory.Storage.Internal.InMemoryTable`1.Update(IUpdateEntry entry, IDiagnosticsLogger`1 updateLogger)
   at Microsoft.EntityFrameworkCore.InMemory.Storage.Internal.InMemoryStore.ExecuteTransaction(IList`1 entries, IDiagnosticsLogger`1 updateLogger)
   at Microsoft.EntityFrameworkCore.InMemory.Storage.Internal.InMemoryDatabase.SaveChangesAsync(IList`1 entries, CancellationToken cancellationToken)
   at Microsoft.EntityFrameworkCore.ChangeTracking.Internal.StateManager.SaveChangesAsync(IList`1 entriesToSave, CancellationToken cancellationToken)
   at Microsoft.EntityFrameworkCore.ChangeTracking.Internal.StateManager.SaveChangesAsync(StateManager stateManager, Boolean acceptAllChangesOnSuccess, CancellationToken cancellationToken)
   at Microsoft.EntityFrameworkCore.DbContext.SaveChangesAsync(Boolean acceptAllChangesOnSuccess, CancellationToken cancellationToken)
   at ATTENDING.Infrastructure.Data.AttendingDbContext.SaveChangesAsync(CancellationToken cancellationToken) in C:\Users\la6ke\Projects\ATTENDING\backend\src\ATTENDING.Infrastructure\Data\AttendingDbContext.cs:line 204
   at ATTENDING.Integration.Tests.Fixtures.DatabaseFixture.SeedPatientAsync(String mrn, String firstName, String lastName, Nullable`1 tenantId) in C:\Users\la6ke\Projects\ATTENDING\backend\tests\ATTENDING.Integration.Tests\Fixtures\DatabaseFixture.cs:line 65
   at ATTENDING.Integration.Tests.Handlers.AssessmentHandlerFullTests.Review_CompletedAssessment_ShouldSucceed() in C:\Users\la6ke\Projects\ATTENDING\backend\tests\ATTENDING.Integration.Tests\Handlers\AssessmentHandlerFullTests.cs:line 186
--- End of stack trace from previous location ---
  Failed ATTENDING.Integration.Tests.Handlers.LabOrderHandlerFullTests.AddLabResult_CollectedOrder_ShouldSucceed [1 ms]
  Error Message:
   Microsoft.EntityFrameworkCore.DbUpdateConcurrencyException : Attempted to update or delete an entity that does not exist in the store.
  Stack Trace:
     at Microsoft.EntityFrameworkCore.InMemory.Storage.Internal.InMemoryTable`1.Update(IUpdateEntry entry, IDiagnosticsLogger`1 updateLogger)
   at Microsoft.EntityFrameworkCore.InMemory.Storage.Internal.InMemoryStore.ExecuteTransaction(IList`1 entries, IDiagnosticsLogger`1 updateLogger)
   at Microsoft.EntityFrameworkCore.InMemory.Storage.Internal.InMemoryDatabase.SaveChangesAsync(IList`1 entries, CancellationToken cancellationToken)
   at Microsoft.EntityFrameworkCore.ChangeTracking.Internal.StateManager.SaveChangesAsync(IList`1 entriesToSave, CancellationToken cancellationToken)
   at Microsoft.EntityFrameworkCore.ChangeTracking.Internal.StateManager.SaveChangesAsync(StateManager stateManager, Boolean acceptAllChangesOnSuccess, CancellationToken cancellationToken)
   at Microsoft.EntityFrameworkCore.DbContext.SaveChangesAsync(Boolean acceptAllChangesOnSuccess, CancellationToken cancellationToken)
   at ATTENDING.Infrastructure.Data.AttendingDbContext.SaveChangesAsync(CancellationToken cancellationToken) in C:\Users\la6ke\Projects\ATTENDING\backend\src\ATTENDING.Infrastructure\Data\AttendingDbContext.cs:line 204
   at ATTENDING.Integration.Tests.Fixtures.DatabaseFixture.SeedPatientAsync(String mrn, String firstName, String lastName, Nullable`1 tenantId) in C:\Users\la6ke\Projects\ATTENDING\backend\tests\ATTENDING.Integration.Tests\Fixtures\DatabaseFixture.cs:line 65
   at ATTENDING.Integration.Tests.Handlers.LabOrderHandlerFullTests.AddLabResult_CollectedOrder_ShouldSucceed() in C:\Users\la6ke\Projects\ATTENDING\backend\tests\ATTENDING.Integration.Tests\Handlers\LabOrderHandlerFullTests.cs:line 240
--- End of stack trace from previous location ---
  Failed ATTENDING.Integration.Tests.Handlers.LabOrderHandlerFullTests.CancelLabOrder_ShouldLogPhiAccess [4 ms]
  Error Message:
   System.ArgumentException : An item with the same key has already been added. Key: 1a023286-adef-4096-865a-4707f172e2d1
  Stack Trace:
     at System.Collections.Generic.Dictionary`2.TryInsert(TKey key, TValue value, InsertionBehavior behavior)
   at System.Collections.Generic.Dictionary`2.Add(TKey key, TValue value)
   at Microsoft.EntityFrameworkCore.InMemory.Storage.Internal.InMemoryTable`1.Create(IUpdateEntry entry, IDiagnosticsLogger`1 updateLogger)
   at Microsoft.EntityFrameworkCore.InMemory.Storage.Internal.InMemoryStore.ExecuteTransaction(IList`1 entries, IDiagnosticsLogger`1 updateLogger)
   at Microsoft.EntityFrameworkCore.InMemory.Storage.Internal.InMemoryDatabase.SaveChangesAsync(IList`1 entries, CancellationToken cancellationToken)
   at Microsoft.EntityFrameworkCore.ChangeTracking.Internal.StateManager.SaveChangesAsync(IList`1 entriesToSave, CancellationToken cancellationToken)
   at Microsoft.EntityFrameworkCore.ChangeTracking.Internal.StateManager.SaveChangesAsync(StateManager stateManager, Boolean acceptAllChangesOnSuccess, CancellationToken cancellationToken)
   at Microsoft.EntityFrameworkCore.DbContext.SaveChangesAsync(Boolean acceptAllChangesOnSuccess, CancellationToken cancellationToken)
   at Microsoft.EntityFrameworkCore.DbContext.SaveChangesAsync(Boolean acceptAllChangesOnSuccess, CancellationToken cancellationToken)
   at ATTENDING.Infrastructure.Data.AttendingDbContext.SaveChangesAsync(CancellationToken cancellationToken) in C:\Users\la6ke\Projects\ATTENDING\backend\src\ATTENDING.Infrastructure\Data\AttendingDbContext.cs:line 204
   at ATTENDING.Integration.Tests.Fixtures.DatabaseFixture.SeedPatientAsync(String mrn, String firstName, String lastName, Nullable`1 tenantId) in C:\Users\la6ke\Projects\ATTENDING\backend\tests\ATTENDING.Integration.Tests\Fixtures\DatabaseFixture.cs:line 65
   at ATTENDING.Integration.Tests.Handlers.LabOrderHandlerFullTests.CancelLabOrder_ShouldLogPhiAccess() in C:\Users\la6ke\Projects\ATTENDING\backend\tests\ATTENDING.Integration.Tests\Handlers\LabOrderHandlerFullTests.cs:line 359
--- End of stack trace from previous location ---
  Failed ATTENDING.Integration.Tests.Handlers.AssessmentHandlerFullTests.SubmitResponse_ValidInput_ShouldSucceed [5 ms]
  Error Message:
   System.ArgumentException : An item with the same key has already been added. Key: 30ee0d8f-dd45-451f-9866-aaa740f1a76c
  Stack Trace:
     at System.Collections.Generic.Dictionary`2.TryInsert(TKey key, TValue value, InsertionBehavior behavior)
   at System.Collections.Generic.Dictionary`2.Add(TKey key, TValue value)
   at Microsoft.EntityFrameworkCore.InMemory.Storage.Internal.InMemoryTable`1.Create(IUpdateEntry entry, IDiagnosticsLogger`1 updateLogger)
   at Microsoft.EntityFrameworkCore.InMemory.Storage.Internal.InMemoryStore.ExecuteTransaction(IList`1 entries, IDiagnosticsLogger`1 updateLogger)
   at Microsoft.EntityFrameworkCore.InMemory.Storage.Internal.InMemoryDatabase.SaveChangesAsync(IList`1 entries, CancellationToken cancellationToken)
   at Microsoft.EntityFrameworkCore.ChangeTracking.Internal.StateManager.SaveChangesAsync(IList`1 entriesToSave, CancellationToken cancellationToken)
   at Microsoft.EntityFrameworkCore.ChangeTracking.Internal.StateManager.SaveChangesAsync(StateManager stateManager, Boolean acceptAllChangesOnSuccess, CancellationToken cancellationToken)
   at Microsoft.EntityFrameworkCore.DbContext.SaveChangesAsync(Boolean acceptAllChangesOnSuccess, CancellationToken cancellationToken)
   at Microsoft.EntityFrameworkCore.DbContext.SaveChangesAsync(Boolean acceptAllChangesOnSuccess, CancellationToken cancellationToken)
   at ATTENDING.Infrastructure.Data.AttendingDbContext.SaveChangesAsync(CancellationToken cancellationToken) in C:\Users\la6ke\Projects\ATTENDING\backend\src\ATTENDING.Infrastructure\Data\AttendingDbContext.cs:line 204
   at ATTENDING.Integration.Tests.Fixtures.DatabaseFixture.SeedPatientAsync(String mrn, String firstName, String lastName, Nullable`1 tenantId) in C:\Users\la6ke\Projects\ATTENDING\backend\tests\ATTENDING.Integration.Tests\Fixtures\DatabaseFixture.cs:line 65
   at ATTENDING.Integration.Tests.Handlers.AssessmentHandlerFullTests.SubmitResponse_ValidInput_ShouldSucceed() in C:\Users\la6ke\Projects\ATTENDING\backend\tests\ATTENDING.Integration.Tests\Handlers\AssessmentHandlerFullTests.cs:line 72
[xUnit.net 00:00:06.21]     
ATTENDING.Integration.Tests.Handlers.LabOrderHandlerFullTests.MarkCollected_PendingOrder_ShouldSucceed [FAIL]
--- End of stack trace from previous location ---
  Passed ATTENDING.Integration.Tests.Handlers.LabOrderHandlerFullTests.AddLabResult_NotFound_ShouldFail [3 ms]
  Failed ATTENDING.Integration.Tests.Handlers.LabOrderHandlerFullTests.MarkCollected_AlreadyCollected_ShouldFail [1 ms]
  Error Message:
   System.ArgumentException : An item with the same key has already been added. Key: 1a023286-adef-4096-865a-4707f172e2d1
  Stack Trace:
     at System.Collections.Generic.Dictionary`2.TryInsert(TKey key, TValue value, InsertionBehavior behavior)
   at System.Collections.Generic.Dictionary`2.Add(TKey key, TValue value)
   at Microsoft.EntityFrameworkCore.InMemory.Storage.Internal.InMemoryTable`1.Create(IUpdateEntry entry, IDiagnosticsLogger`1 updateLogger)
   at Microsoft.EntityFrameworkCore.InMemory.Storage.Internal.InMemoryStore.ExecuteTransaction(IList`1 entries, IDiagnosticsLogger`1 updateLogger)
   at Microsoft.EntityFrameworkCore.InMemory.Storage.Internal.InMemoryDatabase.SaveChangesAsync(IList`1 entries, CancellationToken cancellationToken)
   at Microsoft.EntityFrameworkCore.ChangeTracking.Internal.StateManager.SaveChangesAsync(IList`1 entriesToSave, CancellationToken cancellationToken)
   at Microsoft.EntityFrameworkCore.ChangeTracking.Internal.StateManager.SaveChangesAsync(StateManager stateManager, Boolean acceptAllChangesOnSuccess, CancellationToken cancellationToken)
   at Microsoft.EntityFrameworkCore.DbContext.SaveChangesAsync(Boolean acceptAllChangesOnSuccess, CancellationToken cancellationToken)
   at Microsoft.EntityFrameworkCore.DbContext.SaveChangesAsync(Boolean acceptAllChangesOnSuccess, CancellationToken cancellationToken)
   at ATTENDING.Infrastructure.Data.AttendingDbContext.SaveChangesAsync(CancellationToken cancellationToken) in C:\Users\la6ke\Projects\ATTENDING\backend\src\ATTENDING.Infrastructure\Data\AttendingDbContext.cs:line 204
   at ATTENDING.Integration.Tests.Fixtures.DatabaseFixture.SeedPatientAsync(String mrn, String firstName, String lastName, Nullable`1 tenantId) in C:\Users\la6ke\Projects\ATTENDING\backend\tests\ATTENDING.Integration.Tests\Fixtures\DatabaseFixture.cs:line 65
   at ATTENDING.Integration.Tests.Handlers.LabOrderHandlerFullTests.MarkCollected_AlreadyCollected_ShouldFail() in C:\Users\la6ke\Projects\ATTENDING\backend\tests\ATTENDING.Integration.Tests\Handlers\LabOrderHandlerFullTests.cs:line 203
[xUnit.net 00:00:06.21]     
ATTENDING.Integration.Tests.Handlers.LabOrderHandlerFullTests.UpdatePriority_AlreadyCollected_ShouldFail [FAIL]
--- End of stack trace from previous location ---
  Failed ATTENDING.Integration.Tests.Handlers.AssessmentHandlerFullTests.Review_ShouldLogPhiAccess [4 ms]
  Error Message:
   System.ArgumentException : An item with the same key has already been added. Key: 30ee0d8f-dd45-451f-9866-aaa740f1a76c
  Stack Trace:
     at System.Collections.Generic.Dictionary`2.TryInsert(TKey key, TValue value, InsertionBehavior behavior)
   at System.Collections.Generic.Dictionary`2.Add(TKey key, TValue value)
   at Microsoft.EntityFrameworkCore.InMemory.Storage.Internal.InMemoryTable`1.Create(IUpdateEntry entry, IDiagnosticsLogger`1 updateLogger)
   at Microsoft.EntityFrameworkCore.InMemory.Storage.Internal.InMemoryStore.ExecuteTransaction(IList`1 entries, IDiagnosticsLogger`1 updateLogger)
   at Microsoft.EntityFrameworkCore.InMemory.Storage.Internal.InMemoryDatabase.SaveChangesAsync(IList`1 entries, CancellationToken cancellationToken)
   at Microsoft.EntityFrameworkCore.ChangeTracking.Internal.StateManager.SaveChangesAsync(IList`1 entriesToSave, CancellationToken cancellationToken)
   at Microsoft.EntityFrameworkCore.ChangeTracking.Internal.StateManager.SaveChangesAsync(StateManager stateManager, Boolean acceptAllChangesOnSuccess, CancellationToken cancellationToken)
   at Microsoft.EntityFrameworkCore.DbContext.SaveChangesAsync(Boolean acceptAllChangesOnSuccess, CancellationToken cancellationToken)
   at Microsoft.EntityFrameworkCore.DbContext.SaveChangesAsync(Boolean acceptAllChangesOnSuccess, CancellationToken cancellationToken)
   at ATTENDING.Infrastructure.Data.AttendingDbContext.SaveChangesAsync(CancellationToken cancellationToken) in C:\Users\la6ke\Projects\ATTENDING\backend\src\ATTENDING.Infrastructure\Data\AttendingDbContext.cs:line 204
   at ATTENDING.Integration.Tests.Fixtures.DatabaseFixture.SeedPatientAsync(String mrn, String firstName, String lastName, Nullable`1 tenantId) in C:\Users\la6ke\Projects\ATTENDING\backend\tests\ATTENDING.Integration.Tests\Fixtures\DatabaseFixture.cs:line 65
   at ATTENDING.Integration.Tests.Handlers.AssessmentHandlerFullTests.Review_ShouldLogPhiAccess() in C:\Users\la6ke\Projects\ATTENDING\backend\tests\ATTENDING.Integration.Tests\Handlers\AssessmentHandlerFullTests.cs:line 214
--- End of stack trace from previous location ---
[xUnit.net 00:00:06.21]       System.ArgumentException : An item with the same key has already been added. Key: 1a023286-adef-4096-865a-4707f172e2d1
[xUnit.net 00:00:06.21]       Stack Trace:
[xUnit.net 00:00:06.21]            at System.Collections.Generic.Dictionary`2.TryInsert(TKey key, TValue value, InsertionBehavior behavior)
[xUnit.net 00:00:06.21]            at System.Collections.Generic.Dictionary`2.Add(TKey key, TValue value)
[xUnit.net 00:00:06.21]            at Microsoft.EntityFrameworkCore.InMemory.Storage.Internal.InMemoryTable`1.Create(IUpdateEntry entry, IDiagnosticsLogger`1 updateLogger)
[xUnit.net 00:00:06.21]            at Microsoft.EntityFrameworkCore.InMemory.Storage.Internal.InMemoryStore.ExecuteTransaction(IList`1 entries, IDiagnosticsLogger`1 updateLogger)
[xUnit.net 00:00:06.21]            at Microsoft.EntityFrameworkCore.InMemory.Storage.Internal.InMemoryDatabase.SaveChangesAsync(IList`1 entries, CancellationToken cancellationToken)
[xUnit.net 00:00:06.21]            at Microsoft.EntityFrameworkCore.ChangeTracking.Internal.StateManager.SaveChangesAsync(IList`1 entriesToSave, CancellationToken cancellationToken)
[xUnit.net 00:00:06.21]            at Microsoft.EntityFrameworkCore.ChangeTracking.Internal.StateManager.SaveChangesAsync(StateManager stateManager, Boolean acceptAllChangesOnSuccess, CancellationToken cancellationToken)
[xUnit.net 00:00:06.21]            at Microsoft.EntityFrameworkCore.DbContext.SaveChangesAsync(Boolean acceptAllChangesOnSuccess, CancellationToken cancellationToken)
[xUnit.net 00:00:06.21]            at Microsoft.EntityFrameworkCore.DbContext.SaveChangesAsync(Boolean acceptAllChangesOnSuccess, CancellationToken cancellationToken)
[xUnit.net 00:00:06.21]         C:\Users\la6ke\Projects\ATTENDING\backend\src\ATTENDING.Infrastructure\Data\AttendingDbContext.cs(204,0): at ATTENDING.Infrastructure.Data.AttendingDbContext.SaveChangesAsync(CancellationToken cancellationToken)
[xUnit.net 00:00:06.21]         C:\Users\la6ke\Projects\ATTENDING\backend\tests\ATTENDING.Integration.Tests\Fixtures\DatabaseFixture.cs(65,0): at ATTENDING.Integration.Tests.Fixtures.DatabaseFixture.SeedPatientAsync(String mrn, String firstName, String lastName, Nullable`1 tenantId)
[xUnit.net 00:00:06.21]         C:\Users\la6ke\Projects\ATTENDING\backend\tests\ATTENDING.Integration.Tests\Handlers\LabOrderHandlerFullTests.cs(187,0): at ATTENDING.Integration.Tests.Handlers.LabOrderHandlerFullTests.MarkCollected_PendingOrder_ShouldSucceed()
[xUnit.net 00:00:06.21]         --- End of stack trace from previous location ---
[xUnit.net 00:00:06.21]       System.ArgumentException : An item with the same key has already been added. Key: 1a023286-adef-4096-865a-4707f172e2d1
[xUnit.net 00:00:06.21]       Stack Trace:
[xUnit.net 00:00:06.21]            at System.Collections.Generic.Dictionary`2.TryInsert(TKey key, TValue value, InsertionBehavior behavior)
[xUnit.net 00:00:06.21]            at System.Collections.Generic.Dictionary`2.Add(TKey key, TValue value)
[xUnit.net 00:00:06.21]            at Microsoft.EntityFrameworkCore.InMemory.Storage.Internal.InMemoryTable`1.Create(IUpdateEntry entry, IDiagnosticsLogger`1 updateLogger)
[xUnit.net 00:00:06.21]            at Microsoft.EntityFrameworkCore.InMemory.Storage.Internal.InMemoryStore.ExecuteTransaction(IList`1 entries, IDiagnosticsLogger`1 updateLogger)
[xUnit.net 00:00:06.21]            at Microsoft.EntityFrameworkCore.InMemory.Storage.Internal.InMemoryDatabase.SaveChangesAsync(IList`1 entries, CancellationToken cancellationToken)
[xUnit.net 00:00:06.21]            at Microsoft.EntityFrameworkCore.ChangeTracking.Internal.StateManager.SaveChangesAsync(IList`1 entriesToSave, CancellationToken cancellationToken)
[xUnit.net 00:00:06.21]            at Microsoft.EntityFrameworkCore.ChangeTracking.Internal.StateManager.SaveChangesAsync(StateManager stateManager, Boolean acceptAllChangesOnSuccess, CancellationToken cancellationToken)
[xUnit.net 00:00:06.21]            at Microsoft.EntityFrameworkCore.DbContext.SaveChangesAsync(Boolean acceptAllChangesOnSuccess, CancellationToken cancellationToken)
[xUnit.net 00:00:06.21]            at Microsoft.EntityFrameworkCore.DbContext.SaveChangesAsync(Boolean acceptAllChangesOnSuccess, CancellationToken cancellationToken)
[xUnit.net 00:00:06.21]         C:\Users\la6ke\Projects\ATTENDING\backend\src\ATTENDING.Infrastructure\Data\AttendingDbContext.cs(204,0): at ATTENDING.Infrastructure.Data.AttendingDbContext.SaveChangesAsync(CancellationToken cancellationToken)
[xUnit.net 00:00:06.21]         C:\Users\la6ke\Projects\ATTENDING\backend\tests\ATTENDING.Integration.Tests\Fixtures\DatabaseFixture.cs(65,0): at ATTENDING.Integration.Tests.Fixtures.DatabaseFixture.SeedPatientAsync(String mrn, String firstName, String lastName, Nullable`1 tenantId)
[xUnit.net 00:00:06.21]         C:\Users\la6ke\Projects\ATTENDING\backend\tests\ATTENDING.Integration.Tests\Handlers\LabOrderHandlerFullTests.cs(107,0): at ATTENDING.Integration.Tests.Handlers.LabOrderHandlerFullTests.UpdatePriority_AlreadyCollected_ShouldFail()
[xUnit.net 00:00:06.21]         --- End of stack trace from previous location ---
[xUnit.net 00:00:06.21]       System.ArgumentException : An item with the same key has already been added. Key: 1a023286-adef-4096-865a-4707f172e2d1
[xUnit.net 00:00:06.21]       Stack Trace:
[xUnit.net 00:00:06.21]            at System.Collections.Generic.Dictionary`2.TryInsert(TKey key, TValue value, InsertionBehavior behavior)
[xUnit.net 00:00:06.21]            at System.Collections.Generic.Dictionary`2.Add(TKey key, TValue value)
[xUnit.net 00:00:06.21]            at Microsoft.EntityFrameworkCore.InMemory.Storage.Internal.InMemoryTable`1.Create(IUpdateEntry entry, IDiagnosticsLogger`1 updateLogger)
[xUnit.net 00:00:06.21]            at Microsoft.EntityFrameworkCore.InMemory.Storage.Internal.InMemoryStore.ExecuteTransaction(IList`1 entries, IDiagnosticsLogger`1 updateLogger)
[xUnit.net 00:00:06.21]            at Microsoft.EntityFrameworkCore.InMemory.Storage.Internal.InMemoryDatabase.SaveChangesAsync(IList`1 entries, CancellationToken cancellationToken)
[xUnit.net 00:00:06.21]            at Microsoft.EntityFrameworkCore.ChangeTracking.Internal.StateManager.SaveChangesAsync(IList`1 entriesToSave, CancellationToken cancellationToken)
[xUnit.net 00:00:06.21]            at Microsoft.EntityFrameworkCore.ChangeTracking.Internal.StateManager.SaveChangesAsync(StateManager stateManager, Boolean acceptAllChangesOnSuccess, CancellationToken cancellationToken)
[xUnit.net 00:00:06.21]            at Microsoft.EntityFrameworkCore.DbContext.SaveChangesAsync(Boolean acceptAllChangesOnSuccess, CancellationToken cancellationToken)
[xUnit.net 00:00:06.21]     
ATTENDING.Integration.Tests.Handlers.LabOrderHandlerFullTests.AddLabResult_OnPendingOrder_ShouldFail [FAIL]
[xUnit.net 00:00:06.21]     
ATTENDING.Integration.Tests.Handlers.LabOrderHandlerFullTests.CreateLabOrder_ShouldLogPhiAccess [FAIL]
[xUnit.net 00:00:06.21]     
ATTENDING.Integration.Tests.Handlers.LabOrderHandlerFullTests.Cancel_PendingOrder_ShouldSucceed [FAIL]
[xUnit.net 00:00:06.21]            at Microsoft.EntityFrameworkCore.DbContext.SaveChangesAsync(Boolean acceptAllChangesOnSuccess, CancellationToken cancellationToken)
[xUnit.net 00:00:06.21]         C:\Users\la6ke\Projects\ATTENDING\backend\src\ATTENDING.Infrastructure\Data\AttendingDbContext.cs(204,0): at ATTENDING.Infrastructure.Data.AttendingDbContext.SaveChangesAsync(CancellationToken cancellationToken)
[xUnit.net 00:00:06.21]         C:\Users\la6ke\Projects\ATTENDING\backend\tests\ATTENDING.Integration.Tests\Fixtures\DatabaseFixture.cs(65,0): at ATTENDING.Integration.Tests.Fixtures.DatabaseFixture.SeedPatientAsync(String mrn, String firstName, String lastName, Nullable`1 tenantId)
[xUnit.net 00:00:06.21]         C:\Users\la6ke\Projects\ATTENDING\backend\tests\ATTENDING.Integration.Tests\Handlers\LabOrderHandlerFullTests.cs(303,0): at ATTENDING.Integration.Tests.Handlers.LabOrderHandlerFullTests.AddLabResult_OnPendingOrder_ShouldFail()
[xUnit.net 00:00:06.21]         --- End of stack trace from previous location ---
[xUnit.net 00:00:06.21]       System.ArgumentException : An item with the same key has already been added. Key: 1a023286-adef-4096-865a-4707f172e2d1
[xUnit.net 00:00:06.21]       Stack Trace:
[xUnit.net 00:00:06.21]            at System.Collections.Generic.Dictionary`2.TryInsert(TKey key, TValue value, InsertionBehavior behavior)
[xUnit.net 00:00:06.21]            at System.Collections.Generic.Dictionary`2.Add(TKey key, TValue value)
[xUnit.net 00:00:06.21]            at Microsoft.EntityFrameworkCore.InMemory.Storage.Internal.InMemoryTable`1.Create(IUpdateEntry entry, IDiagnosticsLogger`1 updateLogger)
[xUnit.net 00:00:06.21]            at Microsoft.EntityFrameworkCore.InMemory.Storage.Internal.InMemoryStore.ExecuteTransaction(IList`1 entries, IDiagnosticsLogger`1 updateLogger)
[xUnit.net 00:00:06.21]            at Microsoft.EntityFrameworkCore.InMemory.Storage.Internal.InMemoryDatabase.SaveChangesAsync(IList`1 entries, CancellationToken cancellationToken)
[xUnit.net 00:00:06.21]            at Microsoft.EntityFrameworkCore.ChangeTracking.Internal.StateManager.SaveChangesAsync(IList`1 entriesToSave, CancellationToken cancellationToken)
[xUnit.net 00:00:06.21]            at Microsoft.EntityFrameworkCore.ChangeTracking.Internal.StateManager.SaveChangesAsync(StateManager stateManager, Boolean acceptAllChangesOnSuccess, CancellationToken cancellationToken)
[xUnit.net 00:00:06.21]            at Microsoft.EntityFrameworkCore.DbContext.SaveChangesAsync(Boolean acceptAllChangesOnSuccess, CancellationToken cancellationToken)
[xUnit.net 00:00:06.21]            at Microsoft.EntityFrameworkCore.DbContext.SaveChangesAsync(Boolean acceptAllChangesOnSuccess, CancellationToken cancellationToken)
[xUnit.net 00:00:06.21]         C:\Users\la6ke\Projects\ATTENDING\backend\src\ATTENDING.Infrastructure\Data\AttendingDbContext.cs(204,0): at ATTENDING.Infrastructure.Data.AttendingDbContext.SaveChangesAsync(CancellationToken cancellationToken)
[xUnit.net 00:00:06.21]         C:\Users\la6ke\Projects\ATTENDING\backend\tests\ATTENDING.Integration.Tests\Fixtures\DatabaseFixture.cs(65,0): at ATTENDING.Integration.Tests.Fixtures.DatabaseFixture.SeedPatientAsync(String mrn, String firstName, String lastName, Nullable`1 tenantId)
[xUnit.net 00:00:06.21]         C:\Users\la6ke\Projects\ATTENDING\backend\tests\ATTENDING.Integration.Tests\Handlers\LabOrderHandlerFullTests.cs(341,0): at ATTENDING.Integration.Tests.Handlers.LabOrderHandlerFullTests.CreateLabOrder_ShouldLogPhiAccess()
[xUnit.net 00:00:06.21]         --- End of stack trace from previous location ---
[xUnit.net 00:00:06.21]       System.ArgumentException : An item with the same key has already been added. Key: 1a023286-adef-4096-865a-4707f172e2d1
[xUnit.net 00:00:06.21]       Stack Trace:
[xUnit.net 00:00:06.21]            at System.Collections.Generic.Dictionary`2.TryInsert(TKey key, TValue value, InsertionBehavior behavior)
[xUnit.net 00:00:06.21]            at System.Collections.Generic.Dictionary`2.Add(TKey key, TValue value)
[xUnit.net 00:00:06.21]            at Microsoft.EntityFrameworkCore.InMemory.Storage.Internal.InMemoryTable`1.Create(IUpdateEntry entry, IDiagnosticsLogger`1 updateLogger)
[xUnit.net 00:00:06.21]            at Microsoft.EntityFrameworkCore.InMemory.Storage.Internal.InMemoryStore.ExecuteTransaction(IList`1 entries, IDiagnosticsLogger`1 updateLogger)
[xUnit.net 00:00:06.21]            at Microsoft.EntityFrameworkCore.InMemory.Storage.Internal.InMemoryDatabase.SaveChangesAsync(IList`1 entries, CancellationToken cancellationToken)
[xUnit.net 00:00:06.21]            at Microsoft.EntityFrameworkCore.ChangeTracking.Internal.StateManager.SaveChangesAsync(IList`1 entriesToSave, CancellationToken cancellationToken)
[xUnit.net 00:00:06.21]            at Microsoft.EntityFrameworkCore.ChangeTracking.Internal.StateManager.SaveChangesAsync(StateManager stateManager, Boolean acceptAllChangesOnSuccess, CancellationToken cancellationToken)
[xUnit.net 00:00:06.21]            at Microsoft.EntityFrameworkCore.DbContext.SaveChangesAsync(Boolean acceptAllChangesOnSuccess, CancellationToken cancellationToken)
[xUnit.net 00:00:06.21]            at Microsoft.EntityFrameworkCore.DbContext.SaveChangesAsync(Boolean acceptAllChangesOnSuccess, CancellationToken cancellationToken)
[xUnit.net 00:00:06.21]         C:\Users\la6ke\Projects\ATTENDING\backend\src\ATTENDING.Infrastructure\Data\AttendingDbContext.cs(204,0): at ATTENDING.Infrastructure.Data.AttendingDbContext.SaveChangesAsync(CancellationToken cancellationToken)
[xUnit.net 00:00:06.21]         C:\Users\la6ke\Projects\ATTENDING\backend\tests\ATTENDING.Integration.Tests\Fixtures\DatabaseFixture.cs(65,0): at ATTENDING.Integration.Tests.Fixtures.DatabaseFixture.SeedPatientAsync(String mrn, String firstName, String lastName, Nullable`1 tenantId)
[xUnit.net 00:00:06.21]         C:\Users\la6ke\Projects\ATTENDING\backend\tests\ATTENDING.Integration.Tests\Handlers\LabOrderHandlerFullTests.cs(134,0): at ATTENDING.Integration.Tests.Handlers.LabOrderHandlerFullTests.Cancel_PendingOrder_ShouldSucceed()
[xUnit.net 00:00:06.21]         --- End of stack trace from previous location ---
info: Microsoft.EntityFrameworkCore.Update[30100]
      Saved 0 entities to in-memory store.
  Failed ATTENDING.Integration.Tests.Handlers.LabOrderHandlerFullTests.MarkCollected_PendingOrder_ShouldSucceed [1 ms]
  Error Message:
   System.ArgumentException : An item with the same key has already been added. Key: 1a023286-adef-4096-865a-4707f172e2d1
  Stack Trace:
     at System.Collections.Generic.Dictionary`2.TryInsert(TKey key, TValue value, InsertionBehavior behavior)
   at System.Collections.Generic.Dictionary`2.Add(TKey key, TValue value)
   at Microsoft.EntityFrameworkCore.InMemory.Storage.Internal.InMemoryTable`1.Create(IUpdateEntry entry, IDiagnosticsLogger`1 updateLogger)
   at Microsoft.EntityFrameworkCore.InMemory.Storage.Internal.InMemoryStore.ExecuteTransaction(IList`1 entries, IDiagnosticsLogger`1 updateLogger)
   at Microsoft.EntityFrameworkCore.InMemory.Storage.Internal.InMemoryDatabase.SaveChangesAsync(IList`1 entries, CancellationToken cancellationToken)
   at Microsoft.EntityFrameworkCore.ChangeTracking.Internal.StateManager.SaveChangesAsync(IList`1 entriesToSave, CancellationToken cancellationToken)
   at Microsoft.EntityFrameworkCore.ChangeTracking.Internal.StateManager.SaveChangesAsync(StateManager stateManager, Boolean acceptAllChangesOnSuccess, CancellationToken cancellationToken)
   at Microsoft.EntityFrameworkCore.DbContext.SaveChangesAsync(Boolean acceptAllChangesOnSuccess, CancellationToken cancellationToken)
   at Microsoft.EntityFrameworkCore.DbContext.SaveChangesAsync(Boolean acceptAllChangesOnSuccess, CancellationToken cancellationToken)
   at ATTENDING.Infrastructure.Data.AttendingDbContext.SaveChangesAsync(CancellationToken cancellationToken) in C:\Users\la6ke\Projects\ATTENDING\backend\src\ATTENDING.Infrastructure\Data\AttendingDbContext.cs:line 204
   at ATTENDING.Integration.Tests.Fixtures.DatabaseFixture.SeedPatientAsync(String mrn, String firstName, String lastName, Nullable`1 tenantId) in C:\Users\la6ke\Projects\ATTENDING\backend\tests\ATTENDING.Integration.Tests\Fixtures\DatabaseFixture.cs:line 65
   at ATTENDING.Integration.Tests.Handlers.LabOrderHandlerFullTests.MarkCollected_PendingOrder_ShouldSucceed() in C:\Users\la6ke\Projects\ATTENDING\backend\tests\ATTENDING.Integration.Tests\Handlers\LabOrderHandlerFullTests.cs:line 187
--- End of stack trace from previous location ---
  Passed ATTENDING.Integration.Tests.Handlers.LabOrderHandlerFullTests.Cancel_NotFound_ShouldFail [2 ms]
  Failed ATTENDING.Integration.Tests.Handlers.LabOrderHandlerFullTests.UpdatePriority_AlreadyCollected_ShouldFail [1 ms]
  Error Message:
   System.ArgumentException : An item with the same key has already been added. Key: 1a023286-adef-4096-865a-4707f172e2d1
  Stack Trace:
     at System.Collections.Generic.Dictionary`2.TryInsert(TKey key, TValue value, InsertionBehavior behavior)
   at System.Collections.Generic.Dictionary`2.Add(TKey key, TValue value)
   at Microsoft.EntityFrameworkCore.InMemory.Storage.Internal.InMemoryTable`1.Create(IUpdateEntry entry, IDiagnosticsLogger`1 updateLogger)
   at Microsoft.EntityFrameworkCore.InMemory.Storage.Internal.InMemoryStore.ExecuteTransaction(IList`1 entries, IDiagnosticsLogger`1 updateLogger)
   at Microsoft.EntityFrameworkCore.InMemory.Storage.Internal.InMemoryDatabase.SaveChangesAsync(IList`1 entries, CancellationToken cancellationToken)
   at Microsoft.EntityFrameworkCore.ChangeTracking.Internal.StateManager.SaveChangesAsync(IList`1 entriesToSave, CancellationToken cancellationToken)
   at Microsoft.EntityFrameworkCore.ChangeTracking.Internal.StateManager.SaveChangesAsync(StateManager stateManager, Boolean acceptAllChangesOnSuccess, CancellationToken cancellationToken)
   at Microsoft.EntityFrameworkCore.DbContext.SaveChangesAsync(Boolean acceptAllChangesOnSuccess, CancellationToken cancellationToken)
   at Microsoft.EntityFrameworkCore.DbContext.SaveChangesAsync(Boolean acceptAllChangesOnSuccess, CancellationToken cancellationToken)
   at ATTENDING.Infrastructure.Data.AttendingDbContext.SaveChangesAsync(CancellationToken cancellationToken) in C:\Users\la6ke\Projects\ATTENDING\backend\src\ATTENDING.Infrastructure\Data\AttendingDbContext.cs:line 204
   at ATTENDING.Integration.Tests.Fixtures.DatabaseFixture.SeedPatientAsync(String mrn, String firstName, String lastName, Nullable`1 tenantId) in C:\Users\la6ke\Projects\ATTENDING\backend\tests\ATTENDING.Integration.Tests\Fixtures\DatabaseFixture.cs:line 65
   at ATTENDING.Integration.Tests.Handlers.LabOrderHandlerFullTests.UpdatePriority_AlreadyCollected_ShouldFail() in C:\Users\la6ke\Projects\ATTENDING\backend\tests\ATTENDING.Integration.Tests\Handlers\LabOrderHandlerFullTests.cs:line 107
--- End of stack trace from previous location ---
  Failed ATTENDING.Integration.Tests.Handlers.LabOrderHandlerFullTests.AddLabResult_OnPendingOrder_ShouldFail [1 ms]
  Error Message:
   System.ArgumentException : An item with the same key has already been added. Key: 1a023286-adef-4096-865a-4707f172e2d1
  Stack Trace:
     at System.Collections.Generic.Dictionary`2.TryInsert(TKey key, TValue value, InsertionBehavior behavior)
   at System.Collections.Generic.Dictionary`2.Add(TKey key, TValue value)
   at Microsoft.EntityFrameworkCore.InMemory.Storage.Internal.InMemoryTable`1.Create(IUpdateEntry entry, IDiagnosticsLogger`1 updateLogger)
   at Microsoft.EntityFrameworkCore.InMemory.Storage.Internal.InMemoryStore.ExecuteTransaction(IList`1 entries, IDiagnosticsLogger`1 updateLogger)
   at Microsoft.EntityFrameworkCore.InMemory.Storage.Internal.InMemoryDatabase.SaveChangesAsync(IList`1 entries, CancellationToken cancellationToken)
   at Microsoft.EntityFrameworkCore.ChangeTracking.Internal.StateManager.SaveChangesAsync(IList`1 entriesToSave, CancellationToken cancellationToken)
   at Microsoft.EntityFrameworkCore.ChangeTracking.Internal.StateManager.SaveChangesAsync(StateManager stateManager, Boolean acceptAllChangesOnSuccess, CancellationToken cancellationToken)
   at Microsoft.EntityFrameworkCore.DbContext.SaveChangesAsync(Boolean acceptAllChangesOnSuccess, CancellationToken cancellationToken)
   at Microsoft.EntityFrameworkCore.DbContext.SaveChangesAsync(Boolean acceptAllChangesOnSuccess, CancellationToken cancellationToken)
   at ATTENDING.Infrastructure.Data.AttendingDbContext.SaveChangesAsync(CancellationToken cancellationToken) in C:\Users\la6ke\Projects\ATTENDING\backend\src\ATTENDING.Infrastructure\Data\AttendingDbContext.cs:line 204
   at ATTENDING.Integration.Tests.Fixtures.DatabaseFixture.SeedPatientAsync(String mrn, String firstName, String lastName, Nullable`1 tenantId) in C:\Users\la6ke\Projects\ATTENDING\backend\tests\ATTENDING.Integration.Tests\Fixtures\DatabaseFixture.cs:line 65
   at ATTENDING.Integration.Tests.Handlers.LabOrderHandlerFullTests.AddLabResult_OnPendingOrder_ShouldFail() in C:\Users\la6ke\Projects\ATTENDING\backend\tests\ATTENDING.Integration.Tests\Handlers\LabOrderHandlerFullTests.cs:line 303
--- End of stack trace from previous location ---
  Failed ATTENDING.Integration.Tests.Handlers.LabOrderHandlerFullTests.CreateLabOrder_ShouldLogPhiAccess [1 ms]
  Error Message:
   System.ArgumentException : An item with the same key has already been added. Key: 1a023286-adef-4096-865a-4707f172e2d1
  Stack Trace:
     at System.Collections.Generic.Dictionary`2.TryInsert(TKey key, TValue value, InsertionBehavior behavior)
   at System.Collections.Generic.Dictionary`2.Add(TKey key, TValue value)
   at Microsoft.EntityFrameworkCore.InMemory.Storage.Internal.InMemoryTable`1.Create(IUpdateEntry entry, IDiagnosticsLogger`1 updateLogger)
   at Microsoft.EntityFrameworkCore.InMemory.Storage.Internal.InMemoryStore.ExecuteTransaction(IList`1 entries, IDiagnosticsLogger`1 updateLogger)
   at Microsoft.EntityFrameworkCore.InMemory.Storage.Internal.InMemoryDatabase.SaveChangesAsync(IList`1 entries, CancellationToken cancellationToken)
   at Microsoft.EntityFrameworkCore.ChangeTracking.Internal.StateManager.SaveChangesAsync(IList`1 entriesToSave, CancellationToken cancellationToken)
[xUnit.net 00:00:06.22]     
ATTENDING.Integration.Tests.Handlers.LabOrderHandlerFullTests.Cancel_AlreadyCollected_ShouldFail [FAIL]
   at Microsoft.EntityFrameworkCore.ChangeTracking.Internal.StateManager.SaveChangesAsync(StateManager stateManager, Boolean acceptAllChangesOnSuccess, CancellationToken cancellationToken)
   at Microsoft.EntityFrameworkCore.DbContext.SaveChangesAsync(Boolean acceptAllChangesOnSuccess, CancellationToken cancellationToken)
   at Microsoft.EntityFrameworkCore.DbContext.SaveChangesAsync(Boolean acceptAllChangesOnSuccess, CancellationToken cancellationToken)
   at ATTENDING.Infrastructure.Data.AttendingDbContext.SaveChangesAsync(CancellationToken cancellationToken) in C:\Users\la6ke\Projects\ATTENDING\backend\src\ATTENDING.Infrastructure\Data\AttendingDbContext.cs:line 204
   at ATTENDING.Integration.Tests.Fixtures.DatabaseFixture.SeedPatientAsync(String mrn, String firstName, String lastName, Nullable`1 tenantId) in C:\Users\la6ke\Projects\ATTENDING\backend\tests\ATTENDING.Integration.Tests\Fixtures\DatabaseFixture.cs:line 65
   at ATTENDING.Integration.Tests.Handlers.LabOrderHandlerFullTests.CreateLabOrder_ShouldLogPhiAccess() in C:\Users\la6ke\Projects\ATTENDING\backend\tests\ATTENDING.Integration.Tests\Handlers\LabOrderHandlerFullTests.cs:line 341
--- End of stack trace from previous location ---
  Failed ATTENDING.Integration.Tests.Handlers.LabOrderHandlerFullTests.Cancel_PendingOrder_ShouldSucceed [1 ms]
  Error Message:
   System.ArgumentException : An item with the same key has already been added. Key: 1a023286-adef-4096-865a-4707f172e2d1
  Stack Trace:
     at System.Collections.Generic.Dictionary`2.TryInsert(TKey key, TValue value, InsertionBehavior behavior)
   at System.Collections.Generic.Dictionary`2.Add(TKey key, TValue value)
   at Microsoft.EntityFrameworkCore.InMemory.Storage.Internal.InMemoryTable`1.Create(IUpdateEntry entry, IDiagnosticsLogger`1 updateLogger)
   at Microsoft.EntityFrameworkCore.InMemory.Storage.Internal.InMemoryStore.ExecuteTransaction(IList`1 entries, IDiagnosticsLogger`1 updateLogger)
   at Microsoft.EntityFrameworkCore.InMemory.Storage.Internal.InMemoryDatabase.SaveChangesAsync(IList`1 entries, CancellationToken cancellationToken)
   at Microsoft.EntityFrameworkCore.ChangeTracking.Internal.StateManager.SaveChangesAsync(IList`1 entriesToSave, CancellationToken cancellationToken)
   at Microsoft.EntityFrameworkCore.ChangeTracking.Internal.StateManager.SaveChangesAsync(StateManager stateManager, Boolean acceptAllChangesOnSuccess, CancellationToken cancellationToken)
   at Microsoft.EntityFrameworkCore.DbContext.SaveChangesAsync(Boolean acceptAllChangesOnSuccess, CancellationToken cancellationToken)
   at Microsoft.EntityFrameworkCore.DbContext.SaveChangesAsync(Boolean acceptAllChangesOnSuccess, CancellationToken cancellationToken)
   at ATTENDING.Infrastructure.Data.AttendingDbContext.SaveChangesAsync(CancellationToken cancellationToken) in C:\Users\la6ke\Projects\ATTENDING\backend\src\ATTENDING.Infrastructure\Data\AttendingDbContext.cs:line 204
   at ATTENDING.Integration.Tests.Fixtures.DatabaseFixture.SeedPatientAsync(String mrn, String firstName, String lastName, Nullable`1 tenantId) in C:\Users\la6ke\Projects\ATTENDING\backend\tests\ATTENDING.Integration.Tests\Fixtures\DatabaseFixture.cs:line 65
   at ATTENDING.Integration.Tests.Handlers.LabOrderHandlerFullTests.Cancel_PendingOrder_ShouldSucceed() in C:\Users\la6ke\Projects\ATTENDING\backend\tests\ATTENDING.Integration.Tests\Handlers\LabOrderHandlerFullTests.cs:line 134
--- End of stack trace from previous location ---
  Passed ATTENDING.Integration.Tests.Handlers.QueryHandlerTests.GetPatientWithFullHistory_ReturnsPatientWithRelatedData [99 ms]
  Passed ATTENDING.Integration.Tests.Handlers.AssessmentHandlerFullTests.Review_NotFound_ShouldFail [12 ms]
[xUnit.net 00:00:06.22]       System.ArgumentException : An item with the same key has already been added. Key: 1a023286-adef-4096-865a-4707f172e2d1
[xUnit.net 00:00:06.22]       Stack Trace:
[xUnit.net 00:00:06.22]            at System.Collections.Generic.Dictionary`2.TryInsert(TKey key, TValue value, InsertionBehavior behavior)
[xUnit.net 00:00:06.22]            at System.Collections.Generic.Dictionary`2.Add(TKey key, TValue value)
info: ATTENDING.Infrastructure.Data.AttendingDbContext[0]
      In-memory database created
[xUnit.net 00:00:06.22]            at Microsoft.EntityFrameworkCore.InMemory.Storage.Internal.InMemoryTable`1.Create(IUpdateEntry entry, IDiagnosticsLogger`1 updateLogger)
[xUnit.net 00:00:06.22]            at Microsoft.EntityFrameworkCore.InMemory.Storage.Internal.InMemoryStore.ExecuteTransaction(IList`1 entries, IDiagnosticsLogger`1 updateLogger)
[xUnit.net 00:00:06.22]            at Microsoft.EntityFrameworkCore.InMemory.Storage.Internal.InMemoryDatabase.SaveChangesAsync(IList`1 entries, CancellationToken cancellationToken)
[xUnit.net 00:00:06.22]            at Microsoft.EntityFrameworkCore.ChangeTracking.Internal.StateManager.SaveChangesAsync(IList`1 entriesToSave, CancellationToken cancellationToken)
[xUnit.net 00:00:06.22]            at Microsoft.EntityFrameworkCore.ChangeTracking.Internal.StateManager.SaveChangesAsync(StateManager stateManager, Boolean acceptAllChangesOnSuccess, CancellationToken cancellationToken)
[xUnit.net 00:00:06.22]            at Microsoft.EntityFrameworkCore.DbContext.SaveChangesAsync(Boolean acceptAllChangesOnSuccess, CancellationToken cancellationToken)
[xUnit.net 00:00:06.22]            at Microsoft.EntityFrameworkCore.DbContext.SaveChangesAsync(Boolean acceptAllChangesOnSuccess, CancellationToken cancellationToken)
[xUnit.net 00:00:06.22]         C:\Users\la6ke\Projects\ATTENDING\backend\src\ATTENDING.Infrastructure\Data\AttendingDbContext.cs(204,0): at ATTENDING.Infrastructure.Data.AttendingDbContext.SaveChangesAsync(CancellationToken cancellationToken)
[xUnit.net 00:00:06.22]         C:\Users\la6ke\Projects\ATTENDING\backend\tests\ATTENDING.Integration.Tests\Fixtures\DatabaseFixture.cs(65,0): at ATTENDING.Integration.Tests.Fixtures.DatabaseFixture.SeedPatientAsync(String mrn, String firstName, String lastName, Nullable`1 tenantId)
[xUnit.net 00:00:06.22]         C:\Users\la6ke\Projects\ATTENDING\backend\tests\ATTENDING.Integration.Tests\Handlers\LabOrderHandlerFullTests.cs(160,0): at ATTENDING.Integration.Tests.Handlers.LabOrderHandlerFullTests.Cancel_AlreadyCollected_ShouldFail()
[xUnit.net 00:00:06.22]         --- End of stack trace from previous location ---
info: ATTENDING.Infrastructure.Data.AttendingDbContext[0]
      Seeding development data...
[xUnit.net 00:00:06.22]       System.ArgumentException : An item with the same key has already been added. Key: 30ee0d8f-dd45-451f-9866-aaa740f1a76c
[xUnit.net 00:00:06.22]       Stack Trace:
[xUnit.net 00:00:06.22]            at System.Collections.Generic.Dictionary`2.TryInsert(TKey key, TValue value, InsertionBehavior behavior)
[xUnit.net 00:00:06.22]            at System.Collections.Generic.Dictionary`2.Add(TKey key, TValue value)
[xUnit.net 00:00:06.22]            at Microsoft.EntityFrameworkCore.InMemory.Storage.Internal.InMemoryTable`1.Create(IUpdateEntry entry, IDiagnosticsLogger`1 updateLogger)
[xUnit.net 00:00:06.22]            at Microsoft.EntityFrameworkCore.InMemory.Storage.Internal.InMemoryStore.ExecuteTransaction(IList`1 entries, IDiagnosticsLogger`1 updateLogger)
[xUnit.net 00:00:06.22]            at Microsoft.EntityFrameworkCore.InMemory.Storage.Internal.InMemoryDatabase.SaveChangesAsync(IList`1 entries, CancellationToken cancellationToken)
[xUnit.net 00:00:06.22]            at Microsoft.EntityFrameworkCore.ChangeTracking.Internal.StateManager.SaveChangesAsync(IList`1 entriesToSave, CancellationToken cancellationToken)
[xUnit.net 00:00:06.22]            at Microsoft.EntityFrameworkCore.ChangeTracking.Internal.StateManager.SaveChangesAsync(StateManager stateManager, Boolean acceptAllChangesOnSuccess, CancellationToken cancellationToken)
[xUnit.net 00:00:06.22]            at Microsoft.EntityFrameworkCore.DbContext.SaveChangesAsync(Boolean acceptAllChangesOnSuccess, CancellationToken cancellationToken)
[xUnit.net 00:00:06.22]            at Microsoft.EntityFrameworkCore.DbContext.SaveChangesAsync(Boolean acceptAllChangesOnSuccess, CancellationToken cancellationToken)
[xUnit.net 00:00:06.22]         C:\Users\la6ke\Projects\ATTENDING\backend\src\ATTENDING.Infrastructure\Data\AttendingDbContext.cs(204,0): at ATTENDING.Infrastructure.Data.AttendingDbContext.SaveChangesAsync(CancellationToken cancellationToken)
[xUnit.net 00:00:06.22]         C:\Users\la6ke\Projects\ATTENDING\backend\tests\ATTENDING.Integration.Tests\Fixtures\DatabaseFixture.cs(65,0): at ATTENDING.Integration.Tests.Fixtures.DatabaseFixture.SeedPatientAsync(String mrn, String firstName, String lastName, Nullable`1 tenantId)
[xUnit.net 00:00:06.22]         C:\Users\la6ke\Projects\ATTENDING\backend\tests\ATTENDING.Integration.Tests\Handlers\AssessmentHandlerFullTests.cs(164,0): at ATTENDING.Integration.Tests.Handlers.AssessmentHandlerFullTests.AdvancePhase_OnCompletedAssessment_ShouldFail()
[xUnit.net 00:00:06.22]         --- End of stack trace from previous location ---
info: Microsoft.EntityFrameworkCore.Update[30100]
      Saved 8 entities to in-memory store.
[xUnit.net 00:00:06.22]       System.ArgumentException : An item with the same key has already been added. Key: 1a023286-adef-4096-865a-4707f172e2d1
[xUnit.net 00:00:06.22]       Stack Trace:
[xUnit.net 00:00:06.22]            at System.Collections.Generic.Dictionary`2.TryInsert(TKey key, TValue value, InsertionBehavior behavior)
[xUnit.net 00:00:06.22]            at System.Collections.Generic.Dictionary`2.Add(TKey key, TValue value)
[xUnit.net 00:00:06.22]            at Microsoft.EntityFrameworkCore.InMemory.Storage.Internal.InMemoryTable`1.Create(IUpdateEntry entry, IDiagnosticsLogger`1 updateLogger)
[xUnit.net 00:00:06.22]            at Microsoft.EntityFrameworkCore.InMemory.Storage.Internal.InMemoryStore.ExecuteTransaction(IList`1 entries, IDiagnosticsLogger`1 updateLogger)
[xUnit.net 00:00:06.22]            at Microsoft.EntityFrameworkCore.InMemory.Storage.Internal.InMemoryDatabase.SaveChangesAsync(IList`1 entries, CancellationToken cancellationToken)
[xUnit.net 00:00:06.22]            at Microsoft.EntityFrameworkCore.ChangeTracking.Internal.StateManager.SaveChangesAsync(IList`1 entriesToSave, CancellationToken cancellationToken)
[xUnit.net 00:00:06.22]            at Microsoft.EntityFrameworkCore.ChangeTracking.Internal.StateManager.SaveChangesAsync(StateManager stateManager, Boolean acceptAllChangesOnSuccess, CancellationToken cancellationToken)
[xUnit.net 00:00:06.22]            at Microsoft.EntityFrameworkCore.DbContext.SaveChangesAsync(Boolean acceptAllChangesOnSuccess, CancellationToken cancellationToken)
[xUnit.net 00:00:06.22]            at Microsoft.EntityFrameworkCore.DbContext.SaveChangesAsync(Boolean acceptAllChangesOnSuccess, CancellationToken cancellationToken)
[xUnit.net 00:00:06.22]         C:\Users\la6ke\Projects\ATTENDING\backend\src\ATTENDING.Infrastructure\Data\AttendingDbContext.cs(204,0): at ATTENDING.Infrastructure.Data.AttendingDbContext.SaveChangesAsync(CancellationToken cancellationToken)
[xUnit.net 00:00:06.22]         C:\Users\la6ke\Projects\ATTENDING\backend\tests\ATTENDING.Integration.Tests\Fixtures\DatabaseFixture.cs(65,0): at ATTENDING.Integration.Tests.Fixtures.DatabaseFixture.SeedPatientAsync(String mrn, String firstName, String lastName, Nullable`1 tenantId)
[xUnit.net 00:00:06.22]         C:\Users\la6ke\Projects\ATTENDING\backend\tests\ATTENDING.Integration.Tests\Handlers\LabOrderHandlerFullTests.cs(79,0): at ATTENDING.Integration.Tests.Handlers.LabOrderHandlerFullTests.UpdatePriority_PendingOrder_ShouldSucceed()
[xUnit.net 00:00:06.22]         --- End of stack trace from previous location ---
info: Microsoft.EntityFrameworkCore.Update[30100]
      Saved 4 entities to in-memory store.
[xUnit.net 00:00:06.22]       System.ArgumentException : An item with the same key has already been added. Key: 30ee0d8f-dd45-451f-9866-aaa740f1a76c
[xUnit.net 00:00:06.22]       Stack Trace:
[xUnit.net 00:00:06.22]            at System.Collections.Generic.Dictionary`2.TryInsert(TKey key, TValue value, InsertionBehavior behavior)
[xUnit.net 00:00:06.22]            at System.Collections.Generic.Dictionary`2.Add(TKey key, TValue value)
[xUnit.net 00:00:06.22]            at Microsoft.EntityFrameworkCore.InMemory.Storage.Internal.InMemoryTable`1.Create(IUpdateEntry entry, IDiagnosticsLogger`1 updateLogger)
[xUnit.net 00:00:06.22]            at Microsoft.EntityFrameworkCore.InMemory.Storage.Internal.InMemoryStore.ExecuteTransaction(IList`1 entries, IDiagnosticsLogger`1 updateLogger)
[xUnit.net 00:00:06.22]            at Microsoft.EntityFrameworkCore.InMemory.Storage.Internal.InMemoryDatabase.SaveChangesAsync(IList`1 entries, CancellationToken cancellationToken)
[xUnit.net 00:00:06.22]            at Microsoft.EntityFrameworkCore.ChangeTracking.Internal.StateManager.SaveChangesAsync(IList`1 entriesToSave, CancellationToken cancellationToken)
[xUnit.net 00:00:06.22]            at Microsoft.EntityFrameworkCore.ChangeTracking.Internal.StateManager.SaveChangesAsync(StateManager stateManager, Boolean acceptAllChangesOnSuccess, CancellationToken cancellationToken)
[xUnit.net 00:00:06.22]            at Microsoft.EntityFrameworkCore.DbContext.SaveChangesAsync(Boolean acceptAllChangesOnSuccess, CancellationToken cancellationToken)
[xUnit.net 00:00:06.22]            at Microsoft.EntityFrameworkCore.DbContext.SaveChangesAsync(Boolean acceptAllChangesOnSuccess, CancellationToken cancellationToken)
[xUnit.net 00:00:06.22]         C:\Users\la6ke\Projects\ATTENDING\backend\src\ATTENDING.Infrastructure\Data\AttendingDbContext.cs(204,0): at ATTENDING.Infrastructure.Data.AttendingDbContext.SaveChangesAsync(CancellationToken cancellationToken)
[xUnit.net 00:00:06.22]     
ATTENDING.Integration.Tests.Handlers.AssessmentHandlerFullTests.AdvancePhase_OnCompletedAssessment_ShouldFail [FAIL]
[xUnit.net 00:00:06.22]     
ATTENDING.Integration.Tests.Handlers.LabOrderHandlerFullTests.UpdatePriority_PendingOrder_ShouldSucceed [FAIL]
[xUnit.net 00:00:06.22]     
ATTENDING.Integration.Tests.Handlers.AssessmentHandlerFullTests.AdvancePhase_ValidTransition_ShouldSucceed [FAIL]
[xUnit.net 00:00:06.22]         C:\Users\la6ke\Projects\ATTENDING\backend\tests\ATTENDING.Integration.Tests\Fixtures\DatabaseFixture.cs(65,0): at ATTENDING.Integration.Tests.Fixtures.DatabaseFixture.SeedPatientAsync(String mrn, String firstName, String lastName, Nullable`1 tenantId)
[xUnit.net 00:00:06.22]         C:\Users\la6ke\Projects\ATTENDING\backend\tests\ATTENDING.Integration.Tests\Handlers\AssessmentHandlerFullTests.cs(141,0): at ATTENDING.Integration.Tests.Handlers.AssessmentHandlerFullTests.AdvancePhase_ValidTransition_ShouldSucceed()
[xUnit.net 00:00:06.22]         --- End of stack trace from previous location ---
info: Microsoft.EntityFrameworkCore.Update[30100]
      Saved 8 entities to in-memory store.
  Failed ATTENDING.Integration.Tests.Handlers.LabOrderHandlerFullTests.Cancel_AlreadyCollected_ShouldFail [2 ms]
  Error Message:
   System.ArgumentException : An item with the same key has already been added. Key: 1a023286-adef-4096-865a-4707f172e2d1
  Stack Trace:
     at System.Collections.Generic.Dictionary`2.TryInsert(TKey key, TValue value, InsertionBehavior behavior)
   at System.Collections.Generic.Dictionary`2.Add(TKey key, TValue value)
   at Microsoft.EntityFrameworkCore.InMemory.Storage.Internal.InMemoryTable`1.Create(IUpdateEntry entry, IDiagnosticsLogger`1 updateLogger)
   at Microsoft.EntityFrameworkCore.InMemory.Storage.Internal.InMemoryStore.ExecuteTransaction(IList`1 entries, IDiagnosticsLogger`1 updateLogger)
   at Microsoft.EntityFrameworkCore.InMemory.Storage.Internal.InMemoryDatabase.SaveChangesAsync(IList`1 entries, CancellationToken cancellationToken)
   at Microsoft.EntityFrameworkCore.ChangeTracking.Internal.StateManager.SaveChangesAsync(IList`1 entriesToSave, CancellationToken cancellationToken)
   at Microsoft.EntityFrameworkCore.ChangeTracking.Internal.StateManager.SaveChangesAsync(StateManager stateManager, Boolean acceptAllChangesOnSuccess, CancellationToken cancellationToken)
   at Microsoft.EntityFrameworkCore.DbContext.SaveChangesAsync(Boolean acceptAllChangesOnSuccess, CancellationToken cancellationToken)
   at Microsoft.EntityFrameworkCore.DbContext.SaveChangesAsync(Boolean acceptAllChangesOnSuccess, CancellationToken cancellationToken)
   at ATTENDING.Infrastructure.Data.AttendingDbContext.SaveChangesAsync(CancellationToken cancellationToken) in C:\Users\la6ke\Projects\ATTENDING\backend\src\ATTENDING.Infrastructure\Data\AttendingDbContext.cs:line 204
   at ATTENDING.Integration.Tests.Fixtures.DatabaseFixture.SeedPatientAsync(String mrn, String firstName, String lastName, Nullable`1 tenantId) in C:\Users\la6ke\Projects\ATTENDING\backend\tests\ATTENDING.Integration.Tests\Fixtures\DatabaseFixture.cs:line 65
   at ATTENDING.Integration.Tests.Handlers.LabOrderHandlerFullTests.Cancel_AlreadyCollected_ShouldFail() in C:\Users\la6ke\Projects\ATTENDING\backend\tests\ATTENDING.Integration.Tests\Handlers\LabOrderHandlerFullTests.cs:line 160
--- End of stack trace from previous location ---
  Passed ATTENDING.Integration.Tests.Handlers.QueryHandlerTests.GetPatientById_NonExistent_ReturnsNull [1 ms]
  Failed ATTENDING.Integration.Tests.Handlers.AssessmentHandlerFullTests.AdvancePhase_OnCompletedAssessment_ShouldFail [1 ms]
  Error Message:
   System.ArgumentException : An item with the same key has already been added. Key: 30ee0d8f-dd45-451f-9866-aaa740f1a76c
  Stack Trace:
     at System.Collections.Generic.Dictionary`2.TryInsert(TKey key, TValue value, InsertionBehavior behavior)
   at System.Collections.Generic.Dictionary`2.Add(TKey key, TValue value)
   at Microsoft.EntityFrameworkCore.InMemory.Storage.Internal.InMemoryTable`1.Create(IUpdateEntry entry, IDiagnosticsLogger`1 updateLogger)
   at Microsoft.EntityFrameworkCore.InMemory.Storage.Internal.InMemoryStore.ExecuteTransaction(IList`1 entries, IDiagnosticsLogger`1 updateLogger)
   at Microsoft.EntityFrameworkCore.InMemory.Storage.Internal.InMemoryDatabase.SaveChangesAsync(IList`1 entries, CancellationToken cancellationToken)
   at Microsoft.EntityFrameworkCore.ChangeTracking.Internal.StateManager.SaveChangesAsync(IList`1 entriesToSave, CancellationToken cancellationToken)
   at Microsoft.EntityFrameworkCore.ChangeTracking.Internal.StateManager.SaveChangesAsync(StateManager stateManager, Boolean acceptAllChangesOnSuccess, CancellationToken cancellationToken)
   at Microsoft.EntityFrameworkCore.DbContext.SaveChangesAsync(Boolean acceptAllChangesOnSuccess, CancellationToken cancellationToken)
   at Microsoft.EntityFrameworkCore.DbContext.SaveChangesAsync(Boolean acceptAllChangesOnSuccess, CancellationToken cancellationToken)
   at ATTENDING.Infrastructure.Data.AttendingDbContext.SaveChangesAsync(CancellationToken cancellationToken) in C:\Users\la6ke\Projects\ATTENDING\backend\src\ATTENDING.Infrastructure\Data\AttendingDbContext.cs:line 204
   at ATTENDING.Integration.Tests.Fixtures.DatabaseFixture.SeedPatientAsync(String mrn, String firstName, String lastName, Nullable`1 tenantId) in C:\Users\la6ke\Projects\ATTENDING\backend\tests\ATTENDING.Integration.Tests\Fixtures\DatabaseFixture.cs:line 65
   at ATTENDING.Integration.Tests.Handlers.AssessmentHandlerFullTests.AdvancePhase_OnCompletedAssessment_ShouldFail() in C:\Users\la6ke\Projects\ATTENDING\backend\tests\ATTENDING.Integration.Tests\Handlers\AssessmentHandlerFullTests.cs:line 164
--- End of stack trace from previous location ---
  Failed ATTENDING.Integration.Tests.Handlers.LabOrderHandlerFullTests.UpdatePriority_PendingOrder_ShouldSucceed [1 ms]
  Error Message:
   System.ArgumentException : An item with the same key has already been added. Key: 1a023286-adef-4096-865a-4707f172e2d1
  Stack Trace:
     at System.Collections.Generic.Dictionary`2.TryInsert(TKey key, TValue value, InsertionBehavior behavior)
   at System.Collections.Generic.Dictionary`2.Add(TKey key, TValue value)
   at Microsoft.EntityFrameworkCore.InMemory.Storage.Internal.InMemoryTable`1.Create(IUpdateEntry entry, IDiagnosticsLogger`1 updateLogger)
   at Microsoft.EntityFrameworkCore.InMemory.Storage.Internal.InMemoryStore.ExecuteTransaction(IList`1 entries, IDiagnosticsLogger`1 updateLogger)
   at Microsoft.EntityFrameworkCore.InMemory.Storage.Internal.InMemoryDatabase.SaveChangesAsync(IList`1 entries, CancellationToken cancellationToken)
   at Microsoft.EntityFrameworkCore.ChangeTracking.Internal.StateManager.SaveChangesAsync(IList`1 entriesToSave, CancellationToken cancellationToken)
   at Microsoft.EntityFrameworkCore.ChangeTracking.Internal.StateManager.SaveChangesAsync(StateManager stateManager, Boolean acceptAllChangesOnSuccess, CancellationToken cancellationToken)
   at Microsoft.EntityFrameworkCore.DbContext.SaveChangesAsync(Boolean acceptAllChangesOnSuccess, CancellationToken cancellationToken)
   at Microsoft.EntityFrameworkCore.DbContext.SaveChangesAsync(Boolean acceptAllChangesOnSuccess, CancellationToken cancellationToken)
   at ATTENDING.Infrastructure.Data.AttendingDbContext.SaveChangesAsync(CancellationToken cancellationToken) in C:\Users\la6ke\Projects\ATTENDING\backend\src\ATTENDING.Infrastructure\Data\AttendingDbContext.cs:line 204
   at ATTENDING.Integration.Tests.Fixtures.DatabaseFixture.SeedPatientAsync(String mrn, String firstName, String lastName, Nullable`1 tenantId) in C:\Users\la6ke\Projects\ATTENDING\backend\tests\ATTENDING.Integration.Tests\Fixtures\DatabaseFixture.cs:line 65
   at ATTENDING.Integration.Tests.Handlers.LabOrderHandlerFullTests.UpdatePriority_PendingOrder_ShouldSucceed() in C:\Users\la6ke\Projects\ATTENDING\backend\tests\ATTENDING.Integration.Tests\Handlers\LabOrderHandlerFullTests.cs:line 79
--- End of stack trace from previous location ---
  Failed ATTENDING.Integration.Tests.Handlers.AssessmentHandlerFullTests.AdvancePhase_ValidTransition_ShouldSucceed [< 1 ms]
  Error Message:
   System.ArgumentException : An item with the same key has already been added. Key: 30ee0d8f-dd45-451f-9866-aaa740f1a76c
  Stack Trace:
     at System.Collections.Generic.Dictionary`2.TryInsert(TKey key, TValue value, InsertionBehavior behavior)
   at System.Collections.Generic.Dictionary`2.Add(TKey key, TValue value)
   at Microsoft.EntityFrameworkCore.InMemory.Storage.Internal.InMemoryTable`1.Create(IUpdateEntry entry, IDiagnosticsLogger`1 updateLogger)
   at Microsoft.EntityFrameworkCore.InMemory.Storage.Internal.InMemoryStore.ExecuteTransaction(IList`1 entries, IDiagnosticsLogger`1 updateLogger)
   at Microsoft.EntityFrameworkCore.InMemory.Storage.Internal.InMemoryDatabase.SaveChangesAsync(IList`1 entries, CancellationToken cancellationToken)
   at Microsoft.EntityFrameworkCore.ChangeTracking.Internal.StateManager.SaveChangesAsync(IList`1 entriesToSave, CancellationToken cancellationToken)
   at Microsoft.EntityFrameworkCore.ChangeTracking.Internal.StateManager.SaveChangesAsync(StateManager stateManager, Boolean acceptAllChangesOnSuccess, CancellationToken cancellationToken)
   at Microsoft.EntityFrameworkCore.DbContext.SaveChangesAsync(Boolean acceptAllChangesOnSuccess, CancellationToken cancellationToken)
[xUnit.net 00:00:06.22]     
ATTENDING.Integration.Tests.Handlers.AssessmentHandlerFullTests.FullAssessmentWorkflow_ShouldSucceed [FAIL]
   at Microsoft.EntityFrameworkCore.DbContext.SaveChangesAsync(Boolean acceptAllChangesOnSuccess, CancellationToken cancellationToken)
   at ATTENDING.Infrastructure.Data.AttendingDbContext.SaveChangesAsync(CancellationToken cancellationToken) in C:\Users\la6ke\Projects\ATTENDING\backend\src\ATTENDING.Infrastructure\Data\AttendingDbContext.cs:line 204
   at ATTENDING.Integration.Tests.Fixtures.DatabaseFixture.SeedPatientAsync(String mrn, String firstName, String lastName, Nullable`1 tenantId) in C:\Users\la6ke\Projects\ATTENDING\backend\tests\ATTENDING.Integration.Tests\Fixtures\DatabaseFixture.cs:line 65
   at ATTENDING.Integration.Tests.Handlers.AssessmentHandlerFullTests.AdvancePhase_ValidTransition_ShouldSucceed() in C:\Users\la6ke\Projects\ATTENDING\backend\tests\ATTENDING.Integration.Tests\Handlers\AssessmentHandlerFullTests.cs:line 141
--- End of stack trace from previous location ---
  Passed ATTENDING.Integration.Tests.Handlers.QueryHandlerTests.GetPatientById_ExistingPatient_ReturnsPatient [3 ms]
  Passed ATTENDING.Integration.Tests.Infrastructure.DatabaseInitializerTests.Initialize_ShouldSeedAllergiesAndConditions [50 ms]
[xUnit.net 00:00:06.22]       System.ArgumentException : An item with the same key has already been added. Key: 30ee0d8f-dd45-451f-9866-aaa740f1a76c
[xUnit.net 00:00:06.22]       Stack Trace:
[xUnit.net 00:00:06.22]            at System.Collections.Generic.Dictionary`2.TryInsert(TKey key, TValue value, InsertionBehavior behavior)
[xUnit.net 00:00:06.22]            at System.Collections.Generic.Dictionary`2.Add(TKey key, TValue value)
[xUnit.net 00:00:06.22]            at Microsoft.EntityFrameworkCore.InMemory.Storage.Internal.InMemoryTable`1.Create(IUpdateEntry entry, IDiagnosticsLogger`1 updateLogger)
[xUnit.net 00:00:06.22]            at Microsoft.EntityFrameworkCore.InMemory.Storage.Internal.InMemoryStore.ExecuteTransaction(IList`1 entries, IDiagnosticsLogger`1 updateLogger)
[xUnit.net 00:00:06.22]            at Microsoft.EntityFrameworkCore.InMemory.Storage.Internal.InMemoryDatabase.SaveChangesAsync(IList`1 entries, CancellationToken cancellationToken)
[xUnit.net 00:00:06.22]            at Microsoft.EntityFrameworkCore.ChangeTracking.Internal.StateManager.SaveChangesAsync(IList`1 entriesToSave, CancellationToken cancellationToken)
info: Microsoft.EntityFrameworkCore.Update[30100]
      Saved 5 entities to in-memory store.
[xUnit.net 00:00:06.22]            at Microsoft.EntityFrameworkCore.ChangeTracking.Internal.StateManager.SaveChangesAsync(StateManager stateManager, Boolean acceptAllChangesOnSuccess, CancellationToken cancellationToken)
[xUnit.net 00:00:06.22]            at Microsoft.EntityFrameworkCore.DbContext.SaveChangesAsync(Boolean acceptAllChangesOnSuccess, CancellationToken cancellationToken)
[xUnit.net 00:00:06.22]            at Microsoft.EntityFrameworkCore.DbContext.SaveChangesAsync(Boolean acceptAllChangesOnSuccess, CancellationToken cancellationToken)
[xUnit.net 00:00:06.22]         C:\Users\la6ke\Projects\ATTENDING\backend\src\ATTENDING.Infrastructure\Data\AttendingDbContext.cs(204,0): at ATTENDING.Infrastructure.Data.AttendingDbContext.SaveChangesAsync(CancellationToken cancellationToken)
info: ATTENDING.Infrastructure.Data.AttendingDbContext[0]
      Development data seeded: 3 users, 5 patients, 5 encounters
[xUnit.net 00:00:06.22]         C:\Users\la6ke\Projects\ATTENDING\backend\tests\ATTENDING.Integration.Tests\Fixtures\DatabaseFixture.cs(65,0): at ATTENDING.Integration.Tests.Fixtures.DatabaseFixture.SeedPatientAsync(String mrn, String firstName, String lastName, Nullable`1 tenantId)
[xUnit.net 00:00:06.22]         C:\Users\la6ke\Projects\ATTENDING\backend\tests\ATTENDING.Integration.Tests\Handlers\AssessmentHandlerFullTests.cs(239,0): at ATTENDING.Integration.Tests.Handlers.AssessmentHandlerFullTests.FullAssessmentWorkflow_ShouldSucceed()
[xUnit.net 00:00:06.22]         --- End of stack trace from previous location ---
info: Microsoft.EntityFrameworkCore.Update[30100]
      Saved 0 entities to in-memory store.
info: ATTENDING.Infrastructure.Data.AttendingDbContext[0]
      In-memory database created
  Failed ATTENDING.Integration.Tests.Handlers.AssessmentHandlerFullTests.FullAssessmentWorkflow_ShouldSucceed [1 ms]
  Error Message:
   System.ArgumentException : An item with the same key has already been added. Key: 30ee0d8f-dd45-451f-9866-aaa740f1a76c
  Stack Trace:
     at System.Collections.Generic.Dictionary`2.TryInsert(TKey key, TValue value, InsertionBehavior behavior)
   at System.Collections.Generic.Dictionary`2.Add(TKey key, TValue value)
   at Microsoft.EntityFrameworkCore.InMemory.Storage.Internal.InMemoryTable`1.Create(IUpdateEntry entry, IDiagnosticsLogger`1 updateLogger)
   at Microsoft.EntityFrameworkCore.InMemory.Storage.Internal.InMemoryStore.ExecuteTransaction(IList`1 entries, IDiagnosticsLogger`1 updateLogger)
   at Microsoft.EntityFrameworkCore.InMemory.Storage.Internal.InMemoryDatabase.SaveChangesAsync(IList`1 entries, CancellationToken cancellationToken)
   at Microsoft.EntityFrameworkCore.ChangeTracking.Internal.StateManager.SaveChangesAsync(IList`1 entriesToSave, CancellationToken cancellationToken)
   at Microsoft.EntityFrameworkCore.ChangeTracking.Internal.StateManager.SaveChangesAsync(StateManager stateManager, Boolean acceptAllChangesOnSuccess, CancellationToken cancellationToken)
   at Microsoft.EntityFrameworkCore.DbContext.SaveChangesAsync(Boolean acceptAllChangesOnSuccess, CancellationToken cancellationToken)
   at Microsoft.EntityFrameworkCore.DbContext.SaveChangesAsync(Boolean acceptAllChangesOnSuccess, CancellationToken cancellationToken)
   at ATTENDING.Infrastructure.Data.AttendingDbContext.SaveChangesAsync(CancellationToken cancellationToken) in C:\Users\la6ke\Projects\ATTENDING\backend\src\ATTENDING.Infrastructure\Data\AttendingDbContext.cs:line 204
   at ATTENDING.Integration.Tests.Fixtures.DatabaseFixture.SeedPatientAsync(String mrn, String firstName, String lastName, Nullable`1 tenantId) in C:\Users\la6ke\Projects\ATTENDING\backend\tests\ATTENDING.Integration.Tests\Fixtures\DatabaseFixture.cs:line 65
   at ATTENDING.Integration.Tests.Handlers.AssessmentHandlerFullTests.FullAssessmentWorkflow_ShouldSucceed() in C:\Users\la6ke\Projects\ATTENDING\backend\tests\ATTENDING.Integration.Tests\Handlers\AssessmentHandlerFullTests.cs:line 239
--- End of stack trace from previous location ---
  Passed ATTENDING.Integration.Tests.Handlers.AssessmentHandlerFullTests.AdvancePhase_NotFound_ShouldFail [1 ms]
  Passed ATTENDING.Integration.Tests.Handlers.QueryHandlerTests.SearchPatients_Pagination_RespectsPageSize [3 ms]
  Passed ATTENDING.Integration.Tests.Infrastructure.DatabaseInitializerTests.Initialize_ShouldSeedPatients [13 ms]
  Passed ATTENDING.Integration.Tests.Infrastructure.DatabaseInitializerTests.Initialize_ProductionEnv_ShouldNotSeed [3 ms]
  Passed ATTENDING.Integration.Tests.Handlers.QueryHandlerTests.GetRedFlagAssessments_ReturnsResults [26 ms]
  Passed ATTENDING.Integration.Tests.Handlers.QueryHandlerTests.GetPendingReviewAssessments_ReturnsResults [25 ms]
  Passed ATTENDING.Integration.Tests.Handlers.QueryHandlerTests.GetEncountersByPatient_WhenNone_ReturnsEmptyList [10 ms]
  Passed ATTENDING.Integration.Tests.Handlers.QueryHandlerTests.GetPatientByMrn_ExistingMrn_ReturnsPatient [1 ms]
  Passed ATTENDING.Integration.Tests.Handlers.QueryHandlerTests.GetAssessmentsByPatient_WhenNone_ReturnsEmptyList [11 ms]
  Passed ATTENDING.Integration.Tests.Handlers.QueryHandlerTests.GetTodaysSchedule_ReturnsOnlyTodaysEncounters [18 ms]
  Passed ATTENDING.Integration.Tests.Handlers.QueryHandlerTests.GetEncounterById_NonExistent_ReturnsNull [36 ms]
  Passed ATTENDING.Integration.Tests.Handlers.QueryHandlerTests.GetEncounterById_ExistingEncounter_ReturnsEncounter [6 ms]
  Passed ATTENDING.Integration.Tests.Handlers.QueryHandlerTests.GetEncountersByPatient_ReturnsOnlyPatientEncounters [5 ms]
[10:49:07 WRN] Failed to determine the https port for redirect.
[10:49:07 WRN] Failed to determine the https port for redirect.
[10:49:07 WRN] Failed to determine the https port for redirect.
[10:49:07 WRN] Failed to determine the https port for redirect.
[10:49:07 WRN] Failed to determine the https port for redirect.
[10:49:07 WRN] Failed to determine the https port for redirect.
[10:49:07 WRN] Failed to determine the https port for redirect.
[10:49:07 WRN] Failed to determine the https port for redirect.
[10:49:07 WRN] Failed to determine the https port for redirect.
[10:49:07 WRN] Failed to determine the https port for redirect.
[10:49:07 WRN] Failed to determine the https port for redirect.
[10:49:07 WRN] Failed to determine the https port for redirect.
[10:49:07 WRN] Failed to determine the https port for redirect.
[10:49:07 WRN] Failed to determine the https port for redirect.
[10:49:07 WRN] Failed to determine the https port for redirect.
[10:49:07 WRN] Failed to determine the https port for redirect.
[10:49:07 WRN] Failed to determine the https port for redirect.
[10:49:07 WRN] Failed to determine the https port for redirect.
[10:49:07 WRN] Failed to determine the https port for redirect.
[10:49:07 WRN] Failed to determine the https port for redirect.
[10:49:07 WRN] Failed to determine the https port for redirect.
[10:49:07 WRN] Failed to determine the https port for redirect.
[10:49:08 WRN] HTTP GET /api/v1/admin/features responded 403 in 28.7167 ms
[10:49:08 WRN] HTTP GET /api/v1/admin/features responded 403 in 28.7167 ms
[10:49:08 WRN] HTTP POST /api/v1/laborders responded 400 in 173.4320 ms
[10:49:08 WRN] HTTP POST /api/v1/laborders responded 400 in 173.4320 ms
[10:49:08 WRN] HTTP GET /api/v1/admin/alerts responded 403 in 1.0762 ms
[10:49:08 WRN] HTTP GET /api/v1/admin/alerts responded 403 in 1.0762 ms
  Passed ATTENDING.Integration.Tests.Api.ApiSmokeTests.ListEndpoints_ShouldNotReturn500(endpoint: "/api/v1/admin/features") [4 s]
  Passed ATTENDING.Integration.Tests.Api.ExceptionHandlingTests.InvalidIdempotencyKey_ReturnsBadRequest [4 s]
  Passed ATTENDING.Integration.Tests.Api.ControllerIntegrationTests.AllResponses_ShouldHaveApiVersionHeader [4 s]
  Passed ATTENDING.Integration.Tests.Api.MiddlewareTests.Requests_WithCorrelationId_ShouldEchoItBack [4 s]
  Passed ATTENDING.Integration.Tests.Api.HealthCheckTests.CombinedHealth_Returns200 [4 s]
[10:49:08 WRN] HTTP GET /api/v1/nonexistent-endpoint responded 404 in 0.1730 ms
[10:49:08 WRN] HTTP GET /api/v1/nonexistent-endpoint responded 404 in 0.1730 ms
  Passed ATTENDING.Integration.Tests.Api.ExceptionHandlingTests.HealthEndpoint_Returns200 [19 ms]
  Passed ATTENDING.Integration.Tests.Api.ApiSmokeTests.ListEndpoints_ShouldNotReturn500(endpoint: "/api/v1/admin/alerts") [33 ms]
  Passed ATTENDING.Integration.Tests.Api.HealthCheckTests.HealthEndpoints_DoNotRequireAuthentication [9 ms]
  Passed ATTENDING.Integration.Tests.Api.MiddlewareTests.NotFoundRoute_ShouldNotReturn500 [10 ms]
  Passed ATTENDING.Integration.Tests.Api.HealthCheckTests.LivenessProbe_Returns200 [2 ms]
  Passed ATTENDING.Integration.Tests.Api.HealthCheckTests.ReadinessProbe_Returns200 [3 ms]
[10:49:08 WRN] HTTP GET /api/v1/doesnotexist responded 404 in 0.1426 ms
[10:49:08 WRN] HTTP GET /api/v1/doesnotexist responded 404 in 0.1426 ms
[10:49:08 WRN] HTTP POST /api/v1/patients responded 415 in 227.5152 ms
[10:49:08 WRN] HTTP POST /api/v1/patients responded 415 in 227.5152 ms
[10:49:08 WRN] HTTP POST /api/v1/laborders responded 404 in 227.6955 ms
[10:49:08 WRN] HTTP POST /api/v1/laborders responded 404 in 227.6955 ms
  Passed ATTENDING.Integration.Tests.Api.MiddlewareTests.Requests_ShouldHaveCorrelationIdHeader [8 ms]
  Passed ATTENDING.Integration.Tests.Api.ControllerIntegrationTests.InvalidRoute_ShouldReturn404 [25 ms]
  Passed ATTENDING.Integration.Tests.Api.HealthCheckTests.SystemPing_ReturnsPong [5 ms]
  Passed ATTENDING.Integration.Tests.Api.HealthCheckTests.CombinedHealth_ReturnsJsonReport [2 ms]
  Passed ATTENDING.Integration.Tests.Api.HealthCheckTests.SystemVersion_ReturnsVersionInfo [5 ms]
  Passed ATTENDING.Integration.Tests.Api.IdempotencyTests.DuplicateRequest_WithSameKey_ReturnsReplayedHeader [4 s]
  Passed ATTENDING.Integration.Tests.Api.SecurityRegressionTests.PostEndpoints_WrongContentType_ShouldReturn415 [3 s]
[10:49:08 WRN] HTTP POST /api/v1/laborders responded 400 in 0.4543 ms
[10:49:08 WRN] HTTP POST /api/v1/laborders responded 400 in 0.4543 ms
[xUnit.net 00:00:08.09]     
ATTENDING.Integration.Tests.Api.ExceptionHandlingTests.ValidationError_Returns400_WithProblemDetails [FAIL]
[xUnit.net 00:00:08.09]       Assert.Contains() Failure: Sub-string not found
[xUnit.net 00:00:08.09]       String:    "application/json"
[xUnit.net 00:00:08.09]       Not found: "application/problem+json"
[xUnit.net 00:00:08.09]       Stack Trace:
[xUnit.net 00:00:08.09]         C:\Users\la6ke\Projects\ATTENDING\backend\tests\ATTENDING.Integration.Tests\Api\ExceptionHandlingTests.cs(35,0): at ATTENDING.Integration.Tests.Api.ExceptionHandlingTests.ValidationError_Returns400_WithProblemDetails()
[xUnit.net 00:00:08.09]         --- End of stack trace from previous location ---
  Passed ATTENDING.Integration.Tests.Api.ApiSmokeTests.ListEndpoints_ShouldNotReturn500(endpoint: "/api/v1/assessments/pending-review") [26 ms]
  Passed ATTENDING.Integration.Tests.Api.IdempotencyTests.OversizedIdempotencyKey_Returns400 [2 ms]
  Passed ATTENDING.Integration.Tests.Api.ControllerIntegrationTests.Patients_GetById_NotFound_ShouldReturn404 [21 ms]
  Passed ATTENDING.Integration.Tests.Api.ApiSmokeTests.ListEndpoints_ShouldNotReturn500(endpoint: "/api/v1/encounters/schedule/today") [8 ms]
  Passed ATTENDING.Integration.Tests.Api.IdempotencyTests.GetRequest_BypassesIdempotency [9 ms]
  Failed ATTENDING.Integration.Tests.Api.ExceptionHandlingTests.ValidationError_Returns400_WithProblemDetails [43 ms]
  Error Message:
   Assert.Contains() Failure: Sub-string not found
String:    "application/json"
Not found: "application/problem+json"
  Stack Trace:
     at ATTENDING.Integration.Tests.Api.ExceptionHandlingTests.ValidationError_Returns400_WithProblemDetails() in C:\Users\la6ke\Projects\ATTENDING\backend\tests\ATTENDING.Integration.Tests\Api\ExceptionHandlingTests.cs:line 35
--- End of stack trace from previous location ---
  Passed ATTENDING.Integration.Tests.Api.IdempotencyTests.EmptyIdempotencyKey_TreatedAsMissing [6 ms]
  Passed ATTENDING.Integration.Tests.Api.ExceptionHandlingTests.IdempotencyWarning_ShownWhenNoKeyProvided [6 ms]
  Passed ATTENDING.Integration.Tests.Api.MiddlewareTests.AuthenticatedEndpoint_WithTestAuth_ShouldReturn200 [37 ms]
  Passed ATTENDING.Integration.Tests.Api.ExceptionHandlingTests.CorrelationIdHeader_IsPresentOnResponse [< 1 ms]
  Passed ATTENDING.Integration.Tests.Api.MiddlewareTests.SecurityHeaders_XFrameOptions_ShouldBeDeny [1 ms]
  Passed ATTENDING.Integration.Tests.Api.ExceptionHandlingTests.ApiVersionHeader_IsPresent [< 1 ms]
  Passed ATTENDING.Integration.Tests.Api.IdempotencyTests.PostWithValidIdempotencyKey_DoesNotReturnWarning [7 ms]
  Passed ATTENDING.Integration.Tests.Api.ExceptionHandlingTests.NotFoundResource_Returns404 [4 ms]
  Passed ATTENDING.Integration.Tests.Api.ExceptionHandlingTests.SecurityHeaders_ArePresent [2 ms]
  Passed ATTENDING.Integration.Tests.Api.SecurityRegressionTests.PatientSearch_ClinicalTermsThatLookLikeSql_ShouldNotBeBlocked(clinicalTerm: "STAT order") [28 ms]
  Passed ATTENDING.Integration.Tests.Api.IdempotencyTests.PostWithoutIdempotencyKey_ReturnsWarningHeader [4 ms]
  Passed ATTENDING.Integration.Tests.Api.SecurityRegressionTests.PatientSearch_ClinicalTermsThatLookLikeSql_ShouldNotBeBlocked(clinicalTerm: "patient has union status change") [6 ms]
  Passed ATTENDING.Integration.Tests.Api.SecurityRegressionTests.PatientSearch_ClinicalTermsThatLookLikeSql_ShouldNotBeBlocked(clinicalTerm: "Drop foot condition") [3 ms]
  Passed ATTENDING.Integration.Tests.Api.IdempotencyTests.DifferentKeys_ProduceIndependentResults [7 ms]
  Passed ATTENDING.Integration.Tests.Api.IdempotencyTests.NonClinicalPath_BypassesIdempotency [1 ms]
  Passed ATTENDING.Integration.Tests.Api.SecurityRegressionTests.PatientSearch_ClinicalTermsThatLookLikeSql_ShouldNotBeBlocked(clinicalTerm: "Select serotonin") [1 ms]
[10:49:08 WRN] SLA_BREACH: GET /api/v1/laborders/critical took 274ms (SLA=150ms). Status=200 CorrelationId=a00f72bc39a84ea4af161e767726f394
[10:49:08 WRN] SLA_BREACH: GET /api/v1/laborders/critical took 274ms (SLA=150ms). Status=200 CorrelationId=a00f72bc39a84ea4af161e767726f394
[10:49:08 WRN] Failed to determine the https port for redirect.
[10:49:08 WRN] Failed to determine the https port for redirect.
  Passed ATTENDING.Integration.Tests.Api.SecurityRegressionTests.PatientSearch_ClinicalTermsThatLookLikeSql_ShouldNotBeBlocked(clinicalTerm: "INSERT catheter procedure") [1 ms]
  Passed ATTENDING.Integration.Tests.Api.SecurityRegressionTests.PatientSearch_ClinicalTermsThatLookLikeSql_ShouldNotBeBlocked(clinicalTerm: "UPDATE vaccination record") [1 ms]
  Passed ATTENDING.Integration.Tests.Api.ApiSmokeTests.ListEndpoints_ShouldNotReturn500(endpoint: "/api/v1/laborders/critical") [41 ms]
  Passed ATTENDING.Integration.Tests.Api.ControllerIntegrationTests.LabOrders_CriticalResults_ShouldReturn200 [43 ms]
  Passed ATTENDING.Integration.Tests.Api.ControllerIntegrationTests.Health_Ready_ShouldRespond [1 ms]
  Passed ATTENDING.Integration.Tests.Api.ApiSmokeTests.ListEndpoints_ShouldNotReturn500(endpoint: "/api/v1/analytics/quality/measures") [9 ms]
  Passed ATTENDING.Integration.Tests.Api.ControllerIntegrationTests.Analytics_QualityDashboard_ShouldReturn200 [7 ms]
[10:49:08 WRN] Validation failed for request /api/v1/patients
FluentValidation.ValidationException: Validation failed: 
 -- FirstName: 'First Name' must not be empty. Severity: Error
   at ATTENDING.Application.Behaviors.ValidationBehavior`2.Handle(TRequest request, RequestHandlerDelegate`1 next, CancellationToken cancellationToken) in C:\Users\la6ke\Projects\ATTENDING\backend\src\ATTENDING.Application\Behaviors\PipelineBehaviors.cs:line 51
   at ATTENDING.Application.Behaviors.InputSanitizationBehavior`2.Handle(TRequest request, RequestHandlerDelegate`1 next, CancellationToken cancellationToken) in C:\Users\la6ke\Projects\ATTENDING\backend\src\ATTENDING.Application\Behaviors\InputSanitizationBehavior.cs:line 65
   at ATTENDING.Application.Behaviors.PerformanceBehavior`2.Handle(TRequest request, RequestHandlerDelegate`1 next, CancellationToken cancellationToken) in C:\Users\la6ke\Projects\ATTENDING\backend\src\ATTENDING.Application\Behaviors\PipelineBehaviors.cs:line 108
   at ATTENDING.Application.Behaviors.UnhandledExceptionBehavior`2.Handle(TRequest request, RequestHandlerDelegate`1 next, CancellationToken cancellationToken) in C:\Users\la6ke\Projects\ATTENDING\backend\src\ATTENDING.Application\Behaviors\PipelineBehaviors.cs:line 147
   at ATTENDING.Application.Behaviors.ConcurrencyExceptionBehavior`2.Handle(TRequest request, RequestHandlerDelegate`1 next, CancellationToken cancellationToken) in C:\Users\la6ke\Projects\ATTENDING\backend\src\ATTENDING.Application\Behaviors\PipelineBehaviors.cs:line 179
   at ATTENDING.Application.Behaviors.TracingMediatorBehavior`2.Handle(TRequest request, RequestHandlerDelegate`1 next, CancellationToken cancellationToken) in C:\Users\la6ke\Projects\ATTENDING\backend\src\ATTENDING.Application\Behaviors\TracingMediatorBehavior.cs:line 49
   at ATTENDING.Orders.Api.Controllers.PatientsController.Create(CreatePatientRequest request) in C:\Users\la6ke\Projects\ATTENDING\backend\src\ATTENDING.Orders.Api\Controllers\PatientsController.cs:line 71
   at Microsoft.AspNetCore.Mvc.Infrastructure.ActionMethodExecutor.TaskOfIActionResultExecutor.Execute(ActionContext actionContext, IActionResultTypeMapper mapper, ObjectMethodExecutor executor, Object controller, Object[] arguments)
   at Microsoft.AspNetCore.Mvc.Infrastructure.ControllerActionInvoker.<InvokeActionMethodAsync>g__Awaited|12_0(ControllerActionInvoker invoker, ValueTask`1 actionResultValueTask)
   at Microsoft.AspNetCore.Mvc.Infrastructure.ControllerActionInvoker.<InvokeNextActionFilterAsync>g__Awaited|10_0(ControllerActionInvoker invoker, Task lastTask, State next, Scope scope, Object state, Boolean isCompleted)
   at Microsoft.AspNetCore.Mvc.Infrastructure.ControllerActionInvoker.Rethrow(ActionExecutedContextSealed context)
   at Microsoft.AspNetCore.Mvc.Infrastructure.ControllerActionInvoker.Next(State& next, Scope& scope, Object& state, Boolean& isCompleted)
   at Microsoft.AspNetCore.Mvc.Infrastructure.ControllerActionInvoker.InvokeInnerFilterAsync()
--- End of stack trace from previous location ---
   at Microsoft.AspNetCore.Mvc.Infrastructure.ResourceInvoker.<InvokeFilterPipelineAsync>g__Awaited|20_0(ResourceInvoker invoker, Task lastTask, State next, Scope scope, Object state, Boolean isCompleted)
   at Microsoft.AspNetCore.Mvc.Infrastructure.ResourceInvoker.<InvokeAsync>g__Awaited|17_0(ResourceInvoker invoker, Task task, IDisposable scope)
   at Microsoft.AspNetCore.Mvc.Infrastructure.ResourceInvoker.<InvokeAsync>g__Awaited|17_0(ResourceInvoker invoker, Task task, IDisposable scope)
   at Microsoft.AspNetCore.ResponseCaching.ResponseCachingMiddleware.Invoke(HttpContext httpContext)
   at ATTENDING.Orders.Api.Middleware.AuditMiddleware.InvokeAsync(HttpContext context, IAuditService auditService) in C:\Users\la6ke\Projects\ATTENDING\backend\src\ATTENDING.Orders.Api\Middleware\Middleware.cs:line 284
   at ATTENDING.Orders.Api.Middleware.IdempotencyMiddleware.InvokeAsync(HttpContext context, IDistributedCache cache) in C:\Users\la6ke\Projects\ATTENDING\backend\src\ATTENDING.Orders.Api\Middleware\IdempotencyMiddleware.cs:line 76
   at Microsoft.AspNetCore.RateLimiting.RateLimitingMiddleware.InvokeInternal(HttpContext context, EnableRateLimitingAttribute enableRateLimitingAttribute)
   at Microsoft.AspNetCore.Authorization.AuthorizationMiddleware.Invoke(HttpContext context)
   at Microsoft.AspNetCore.Authentication.AuthenticationMiddleware.Invoke(HttpContext context)
   at Serilog.AspNetCore.RequestLoggingMiddleware.Invoke(HttpContext httpContext)
   at ATTENDING.Orders.Api.Middleware.ExceptionMiddleware.InvokeAsync(HttpContext context) in C:\Users\la6ke\Projects\ATTENDING\backend\src\ATTENDING.Orders.Api\Middleware\Middleware.cs:line 33
[10:49:08 WRN] Validation failed for request /api/v1/patients
FluentValidation.ValidationException: Validation failed: 
 -- FirstName: 'First Name' must not be empty. Severity: Error
   at ATTENDING.Application.Behaviors.ValidationBehavior`2.Handle(TRequest request, RequestHandlerDelegate`1 next, CancellationToken cancellationToken) in C:\Users\la6ke\Projects\ATTENDING\backend\src\ATTENDING.Application\Behaviors\PipelineBehaviors.cs:line 51
   at ATTENDING.Application.Behaviors.InputSanitizationBehavior`2.Handle(TRequest request, RequestHandlerDelegate`1 next, CancellationToken cancellationToken) in C:\Users\la6ke\Projects\ATTENDING\backend\src\ATTENDING.Application\Behaviors\InputSanitizationBehavior.cs:line 65
   at ATTENDING.Application.Behaviors.PerformanceBehavior`2.Handle(TRequest request, RequestHandlerDelegate`1 next, CancellationToken cancellationToken) in C:\Users\la6ke\Projects\ATTENDING\backend\src\ATTENDING.Application\Behaviors\PipelineBehaviors.cs:line 108
   at ATTENDING.Application.Behaviors.UnhandledExceptionBehavior`2.Handle(TRequest request, RequestHandlerDelegate`1 next, CancellationToken cancellationToken) in C:\Users\la6ke\Projects\ATTENDING\backend\src\ATTENDING.Application\Behaviors\PipelineBehaviors.cs:line 147
   at ATTENDING.Application.Behaviors.ConcurrencyExceptionBehavior`2.Handle(TRequest request, RequestHandlerDelegate`1 next, CancellationToken cancellationToken) in C:\Users\la6ke\Projects\ATTENDING\backend\src\ATTENDING.Application\Behaviors\PipelineBehaviors.cs:line 179
   at ATTENDING.Application.Behaviors.TracingMediatorBehavior`2.Handle(TRequest request, RequestHandlerDelegate`1 next, CancellationToken cancellationToken) in C:\Users\la6ke\Projects\ATTENDING\backend\src\ATTENDING.Application\Behaviors\TracingMediatorBehavior.cs:line 49
   at ATTENDING.Orders.Api.Controllers.PatientsController.Create(CreatePatientRequest request) in C:\Users\la6ke\Projects\ATTENDING\backend\src\ATTENDING.Orders.Api\Controllers\PatientsController.cs:line 71
   at Microsoft.AspNetCore.Mvc.Infrastructure.ActionMethodExecutor.TaskOfIActionResultExecutor.Execute(ActionContext actionContext, IActionResultTypeMapper mapper, ObjectMethodExecutor executor, Object controller, Object[] arguments)
   at Microsoft.AspNetCore.Mvc.Infrastructure.ControllerActionInvoker.<InvokeActionMethodAsync>g__Awaited|12_0(ControllerActionInvoker invoker, ValueTask`1 actionResultValueTask)
   at Microsoft.AspNetCore.Mvc.Infrastructure.ControllerActionInvoker.<InvokeNextActionFilterAsync>g__Awaited|10_0(ControllerActionInvoker invoker, Task lastTask, State next, Scope scope, Object state, Boolean isCompleted)
   at Microsoft.AspNetCore.Mvc.Infrastructure.ControllerActionInvoker.Rethrow(ActionExecutedContextSealed context)
   at Microsoft.AspNetCore.Mvc.Infrastructure.ControllerActionInvoker.Next(State& next, Scope& scope, Object& state, Boolean& isCompleted)
   at Microsoft.AspNetCore.Mvc.Infrastructure.ControllerActionInvoker.InvokeInnerFilterAsync()
--- End of stack trace from previous location ---
   at Microsoft.AspNetCore.Mvc.Infrastructure.ResourceInvoker.<InvokeFilterPipelineAsync>g__Awaited|20_0(ResourceInvoker invoker, Task lastTask, State next, Scope scope, Object state, Boolean isCompleted)
   at Microsoft.AspNetCore.Mvc.Infrastructure.ResourceInvoker.<InvokeAsync>g__Awaited|17_0(ResourceInvoker invoker, Task task, IDisposable scope)
   at Microsoft.AspNetCore.Mvc.Infrastructure.ResourceInvoker.<InvokeAsync>g__Awaited|17_0(ResourceInvoker invoker, Task task, IDisposable scope)
   at Microsoft.AspNetCore.ResponseCaching.ResponseCachingMiddleware.Invoke(HttpContext httpContext)
   at ATTENDING.Orders.Api.Middleware.AuditMiddleware.InvokeAsync(HttpContext context, IAuditService auditService) in C:\Users\la6ke\Projects\ATTENDING\backend\src\ATTENDING.Orders.Api\Middleware\Middleware.cs:line 284
   at ATTENDING.Orders.Api.Middleware.IdempotencyMiddleware.InvokeAsync(HttpContext context, IDistributedCache cache) in C:\Users\la6ke\Projects\ATTENDING\backend\src\ATTENDING.Orders.Api\Middleware\IdempotencyMiddleware.cs:line 76
   at Microsoft.AspNetCore.RateLimiting.RateLimitingMiddleware.InvokeInternal(HttpContext context, EnableRateLimitingAttribute enableRateLimitingAttribute)
   at Microsoft.AspNetCore.Authorization.AuthorizationMiddleware.Invoke(HttpContext context)
   at Microsoft.AspNetCore.Authentication.AuthenticationMiddleware.Invoke(HttpContext context)
   at Serilog.AspNetCore.RequestLoggingMiddleware.Invoke(HttpContext httpContext)
   at ATTENDING.Orders.Api.Middleware.ExceptionMiddleware.InvokeAsync(HttpContext context) in C:\Users\la6ke\Projects\ATTENDING\backend\src\ATTENDING.Orders.Api\Middleware\Middleware.cs:line 33
[10:49:08 WRN] HTTP POST /api/v1/patients responded 409 in 131.8148 ms
[10:49:08 WRN] HTTP POST /api/v1/patients responded 409 in 131.8148 ms
[10:49:08 WRN] HTTP GET /api/v1/admin/dashboard responded 403 in 0.2056 ms
[10:49:08 WRN] HTTP GET /api/v1/admin/dashboard responded 403 in 0.2056 ms
  Passed ATTENDING.Integration.Tests.Api.MultiTenantIsolationTests.TenantIsolation_LabOrdersCritical_ShouldNotCrossTeants [4 s]
  Passed ATTENDING.Integration.Tests.Api.AuditTrailTests.PatientGet_ShouldGenerateAuditEntry [5 s]
  Passed ATTENDING.Integration.Tests.Api.ControllerIntegrationTests.Patients_Create_DuplicateMRN_ShouldReturn409 [147 ms]
  Passed ATTENDING.Integration.Tests.Api.SecurityRegressionTests.PatientCreate_XssPayloads_ShouldNotReturn500(xssPayload: "<script>alert('xss')</script>") [163 ms]
  Passed ATTENDING.Integration.Tests.Api.ControllerIntegrationTests.AllResponses_ShouldHaveCorrelationId [14 ms]
  Passed ATTENDING.Integration.Tests.Api.ControllerIntegrationTests.Admin_Dashboard_ShouldReturn403ForProviderRole [8 ms]
[10:49:08 WRN] SLA_BREACH: GET /api/v1/laborders/pending took 206ms (SLA=200ms). Status=200 CorrelationId=82c0304317bd4b50b8bcf8aaef671adb
[10:49:08 WRN] SLA_BREACH: GET /api/v1/laborders/pending took 206ms (SLA=200ms). Status=200 CorrelationId=82c0304317bd4b50b8bcf8aaef671adb
  Passed ATTENDING.Integration.Tests.Api.SecurityRegressionTests.PatientCreate_XssPayloads_ShouldNotReturn500(xssPayload: "<img src=x onerror=alert(1)>") [28 ms]
  Passed ATTENDING.Integration.Tests.Api.ControllerIntegrationTests.AllResponses_ShouldHaveSecurityHeaders [12 ms]
  Passed ATTENDING.Integration.Tests.Api.SecurityRegressionTests.PatientCreate_XssPayloads_ShouldNotReturn500(xssPayload: "javascript:alert(1)") [17 ms]
  Passed ATTENDING.Integration.Tests.Api.SecurityRegressionTests.LabOrders_SqlInjectionInQueryParams_ShouldNotReturn500(payload: "xp_cmdshell('net user')") [15 ms]
  Passed ATTENDING.Integration.Tests.Api.ApiSmokeTests.ListEndpoints_ShouldNotReturn500(endpoint: "/api/v1/laborders/pending") [210 ms]
  Passed ATTENDING.Integration.Tests.Api.SecurityRegressionTests.LabOrders_SqlInjectionInQueryParams_ShouldNotReturn500(payload: "1 UNION SELECT * FROM AuditLogs") [2 ms]
  Passed ATTENDING.Integration.Tests.Api.AuditTrailTests.AuditEntries_MustContainMandatoryFields [84 ms]
[10:49:08 WRN] HTTP GET /api/v1/encounters/9d99b524-6e37-4991-82de-b7a29f01cfea responded 404 in 17.5655 ms
[10:49:08 WRN] HTTP GET /api/v1/encounters/9d99b524-6e37-4991-82de-b7a29f01cfea responded 404 in 17.5655 ms
[10:49:08 WRN] HTTP GET /api/v1/patients/not-a-guid responded 404 in 0.2005 ms
[10:49:08 WRN] HTTP GET /api/v1/patients/not-a-guid responded 404 in 0.2005 ms
  Passed ATTENDING.Integration.Tests.Api.SecurityRegressionTests.LabOrders_SqlInjectionInQueryParams_ShouldNotReturn500(payload: "'; DROP TABLE LabOrders; --") [5 ms]
  Passed ATTENDING.Integration.Tests.Api.SecurityRegressionTests.PatientSearch_SqlInjectionAttempts_ShouldNotReturn500(payload: "'; DROP TABLE Patients; --") [3 ms]
  Passed ATTENDING.Integration.Tests.Api.SecurityRegressionTests.PatientSearch_SqlInjectionAttempts_ShouldNotReturn500(payload: "admin'--") [5 ms]
  Passed ATTENDING.Integration.Tests.Api.SecurityRegressionTests.PatientSearch_SqlInjectionAttempts_ShouldNotReturn500(payload: "1 OR 1=1") [1 ms]
  Passed ATTENDING.Integration.Tests.Api.SecurityRegressionTests.PatientSearch_SqlInjectionAttempts_ShouldNotReturn500(payload: "\" OR \"\"=\"") [2 ms]
  Passed ATTENDING.Integration.Tests.Api.SecurityRegressionTests.PatientSearch_SqlInjectionAttempts_ShouldNotReturn500(payload: "1; SELECT * FROM Users") [4 ms]
  Passed ATTENDING.Integration.Tests.Api.SecurityRegressionTests.Endpoints_InvalidGuids_ShouldReturn404Or400(invalidId: "not-a-guid") [3 ms]
  Passed ATTENDING.Integration.Tests.Api.ControllerIntegrationTests.Analytics_Outcomes_ShouldReturn200 [61 ms]
[10:49:08 WRN] HTTP GET /api/v1/patients/00000000000000000000000000000000 responded 404 in 7.0211 ms
[10:49:08 WRN] HTTP GET /api/v1/patients/00000000000000000000000000000000 responded 404 in 7.0211 ms
[10:49:08 WRN] HTTP GET /api/v1/patients/'; DROP TABLE-- responded 404 in 0.1823 ms
[10:49:08 WRN] HTTP GET /api/v1/patients/'; DROP TABLE-- responded 404 in 0.1823 ms
[xUnit.net 00:00:08.39]     ATTENDING.Integration.Tests.Api.E2EClinicalWorkflowTests.FullOutpatientVisit_ShouldSucceed 
[FAIL]
[xUnit.net 00:00:08.39]       Expected finalEnc.StatusCode to be HttpStatusCode.OK {value: 200}, but found HttpStatusCode.NotFound {value: 404}.
[xUnit.net 00:00:08.39]       Stack Trace:
[xUnit.net 00:00:08.39]            at FluentAssertions.Execution.XUnit2TestFramework.Throw(String message)
[xUnit.net 00:00:08.39]            at FluentAssertions.Execution.TestFrameworkProvider.Throw(String message)
[xUnit.net 00:00:08.39]            at FluentAssertions.Execution.DefaultAssertionStrategy.HandleFailure(String message)
[xUnit.net 00:00:08.39]            at FluentAssertions.Execution.AssertionScope.FailWith(Func`1 failReasonFunc)
[xUnit.net 00:00:08.39]            at FluentAssertions.Execution.AssertionScope.FailWith(Func`1 failReasonFunc)
[xUnit.net 00:00:08.39]            at FluentAssertions.Execution.AssertionScope.FailWith(String message, Object[] args)
[xUnit.net 00:00:08.39]            at FluentAssertions.Primitives.EnumAssertions`2.Be(TEnum expected, String because, Object[] becauseArgs)
[xUnit.net 00:00:08.39]         C:\Users\la6ke\Projects\ATTENDING\backend\tests\ATTENDING.Integration.Tests\Api\E2EClinicalWorkflowTests.cs(103,0): at ATTENDING.Integration.Tests.Api.E2EClinicalWorkflowTests.FullOutpatientVisit_ShouldSucceed()
[xUnit.net 00:00:08.39]         --- End of stack trace from previous location ---
[10:49:08 WRN] HTTP GET /api/v1/patients/12345 responded 404 in 0.1872 ms
[10:49:08 WRN] HTTP GET /api/v1/patients/12345 responded 404 in 0.1872 ms
[10:49:08 WRN] HTTP PUT /api/v1/system/version responded 405 in 0.0849 ms
[10:49:08 WRN] HTTP PUT /api/v1/system/version responded 405 in 0.0849 ms
  Passed ATTENDING.Integration.Tests.Api.SecurityRegressionTests.Endpoints_InvalidGuids_ShouldReturn404Or400(invalidId: "00000000000000000000000000000000") [8 ms]
  Failed ATTENDING.Integration.Tests.Api.E2EClinicalWorkflowTests.FullOutpatientVisit_ShouldSucceed [5 s]
  Error Message:
   Expected finalEnc.StatusCode to be HttpStatusCode.OK {value: 200}, but found HttpStatusCode.NotFound {value: 404}.
  Stack Trace:
     at FluentAssertions.Execution.XUnit2TestFramework.Throw(String message)
   at FluentAssertions.Execution.TestFrameworkProvider.Throw(String message)
   at FluentAssertions.Execution.DefaultAssertionStrategy.HandleFailure(String message)
   at FluentAssertions.Execution.AssertionScope.FailWith(Func`1 failReasonFunc)
   at FluentAssertions.Execution.AssertionScope.FailWith(Func`1 failReasonFunc)
   at FluentAssertions.Execution.AssertionScope.FailWith(String message, Object[] args)
   at FluentAssertions.Primitives.EnumAssertions`2.Be(TEnum expected, String because, Object[] becauseArgs)
   at ATTENDING.Integration.Tests.Api.E2EClinicalWorkflowTests.FullOutpatientVisit_ShouldSucceed() in C:\Users\la6ke\Projects\ATTENDING\backend\tests\ATTENDING.Integration.Tests\Api\E2EClinicalWorkflowTests.cs:line 103
--- End of stack trace from previous location ---
  Passed ATTENDING.Integration.Tests.Api.SecurityRegressionTests.Endpoints_InvalidGuids_ShouldReturn404Or400(invalidId: "'; DROP TABLE--") [3 ms]
  Passed ATTENDING.Integration.Tests.Api.SecurityRegressionTests.Endpoints_InvalidGuids_ShouldReturn404Or400(invalidId: "12345") [2 ms]
  Passed ATTENDING.Integration.Tests.Api.ControllerIntegrationTests.Patients_Create_ValidRequest_ShouldReturn201 [11 ms]
  Passed ATTENDING.Integration.Tests.Api.SecurityRegressionTests.GetEndpoints_PutMethod_ShouldReturn405 [2 ms]
  Passed ATTENDING.Integration.Tests.Api.ApiSmokeTests.ListEndpoints_ShouldNotReturn500(endpoint: "/api/v1/ai/feedback/history") [47 ms]
[10:49:08 WRN] HTTP POST /api/v1/patients responded 400 in 1.1492 ms
[10:49:08 WRN] HTTP POST /api/v1/patients responded 400 in 1.1492 ms
[10:49:08 WRN] Failed to determine the https port for redirect.
[10:49:08 WRN] Failed to determine the https port for redirect.
[10:49:08 WRN] HTTP GET /api/v1/admin/dashboard responded 403 in 0.1251 ms
[10:49:08 WRN] HTTP GET /api/v1/admin/dashboard responded 403 in 0.1251 ms
[10:49:08 WRN] HTTP GET /api/v1/patients/mrn/..%2F..%2F..%2Fetc%2Fpasswd responded 404 in 9.0216 ms
[10:49:08 WRN] HTTP GET /api/v1/patients/mrn/..%2F..%2F..%2Fetc%2Fpasswd responded 404 in 9.0216 ms
  Passed ATTENDING.Integration.Tests.Api.ControllerIntegrationTests.CorrelationId_WhenProvided_ShouldBeEchoed [1 ms]
  Passed ATTENDING.Integration.Tests.Api.SecurityRegressionTests.PatientCreate_MissingRequiredFields_ShouldReturn400WithValidationDetails [1 ms]
  Passed ATTENDING.Integration.Tests.Api.E2EClinicalWorkflowTests.PatientSearch_AfterCreation_FindsNewPatient [12 ms]
  Passed ATTENDING.Integration.Tests.Api.ApiSmokeTests.ListEndpoints_ShouldNotReturn500(endpoint: "/api/v1/analytics/outcomes") [7 ms]
  Passed ATTENDING.Integration.Tests.Api.ApiSmokeTests.ListEndpoints_ShouldNotReturn500(endpoint: "/api/v1/admin/dashboard") [1 ms]
  Passed ATTENDING.Integration.Tests.Api.SecurityRegressionTests.Endpoints_PathTraversalAttempts_ShouldReturn404(payload: "..%2F..%2F..%2Fetc%2Fpasswd") [10 ms]
[10:49:08 WRN] HTTP GET /api/v1/patients/mrn/..%2F..%2F..%2Fetc%2Fpasswd responded 404 in 1.4137 ms
[10:49:08 WRN] HTTP GET /api/v1/patients/mrn/..%2F..%2F..%2Fetc%2Fpasswd responded 404 in 1.4137 ms
[10:49:08 WRN] HTTP GET /api/v1/patients/mrn/%2e%2e%2f%2e%2e%2f responded 404 in 1.0732 ms
[10:49:08 WRN] HTTP GET /api/v1/patients/mrn/%2e%2e%2f%2e%2e%2f responded 404 in 1.0732 ms
[10:49:08 WRN] HTTP DELETE /api/v1/system/ping responded 405 in 0.1289 ms
[10:49:08 WRN] HTTP DELETE /api/v1/system/ping responded 405 in 0.1289 ms
[10:49:08 WRN] HTTP GET /api/v1/admin/rate-limits responded 403 in 0.0897 ms
[10:49:08 WRN] HTTP GET /api/v1/admin/rate-limits responded 403 in 0.0897 ms
  Passed ATTENDING.Integration.Tests.Api.SecurityRegressionTests.Endpoints_PathTraversalAttempts_ShouldReturn404(payload: "../../../etc/passwd") [3 ms]
  Passed ATTENDING.Integration.Tests.Api.SecurityRegressionTests.Endpoints_PathTraversalAttempts_ShouldReturn404(payload: "%2e%2e%2f%2e%2e%2f") [3 ms]
  Passed ATTENDING.Integration.Tests.Api.SecurityRegressionTests.ReadOnlyEndpoints_DeleteMethod_ShouldReturn405 [2 ms]
  Passed ATTENDING.Integration.Tests.Api.ApiSmokeTests.ListEndpoints_ShouldNotReturn500(endpoint: "/api/v1/analytics/quality/care-gaps") [13 ms]
  Passed ATTENDING.Integration.Tests.Api.ImagingMedicationsReferralsControllerTests.Medications_Create_ThenGetById_ShouldSucceed [5 s]
  Passed ATTENDING.Integration.Tests.Api.ApiSmokeTests.ListEndpoints_ShouldNotReturn500(endpoint: "/api/v1/admin/rate-limits") [1 ms]
  Passed ATTENDING.Integration.Tests.Api.SecurityRegressionTests.PatientSearch_OversizedQuery_ShouldNotReturn500 [3 ms]
[10:49:08 WRN] HTTP GET /api/v1/patients/00000000-0000-0000-0000-000000000000 responded 404 in 0.9649 ms
[10:49:08 WRN] HTTP GET /api/v1/patients/00000000-0000-0000-0000-000000000000 responded 404 in 0.9649 ms
[10:49:08 WRN] HTTP POST /api/v1/patients responded 400 in 0.3410 ms
[10:49:08 WRN] HTTP POST /api/v1/patients responded 400 in 0.3410 ms
[10:49:08 WRN] HTTP GET /api/v1/laborders/57eacd00-9319-48d0-a02f-a0b89c1052cd responded 404 in 30.5568 ms
[10:49:08 WRN] HTTP GET /api/v1/laborders/57eacd00-9319-48d0-a02f-a0b89c1052cd responded 404 in 30.5568 ms
[10:49:08 WRN] Failed to determine the https port for redirect.
[10:49:08 WRN] Failed to determine the https port for redirect.
  Passed ATTENDING.Integration.Tests.Api.E2EClinicalWorkflowTests.TodaysSchedule_IsConsistentlyAccessible [18 ms]
  Passed ATTENDING.Integration.Tests.Api.SecurityRegressionTests.UnhandledErrors_ShouldNotLeakStackTrace [2 ms]
  Passed ATTENDING.Integration.Tests.Api.ApiSmokeTests.ListEndpoints_ShouldNotReturn500(endpoint: "/api/v1/patients/search") [4 ms]
  Passed ATTENDING.Integration.Tests.Api.SecurityRegressionTests.PostEndpoints_EmptyBody_ShouldReturn400 [1 ms]
  Passed ATTENDING.Integration.Tests.Api.AuditTrailTests.StateChangingOperations_ShouldAlwaysBeAudited [77 ms]
  Passed ATTENDING.Integration.Tests.Api.ControllerIntegrationTests.LabOrders_GetById_NotFound_ShouldReturn404 [31 ms]
[10:49:08 WRN] HTTP POST /api/v1/encounters/24638553-fb6d-4df8-a194-831463ac4971/check-in responded 422 in 2.0146 ms
[10:49:08 WRN] HTTP POST /api/v1/encounters/24638553-fb6d-4df8-a194-831463ac4971/check-in responded 422 in 2.0146 ms
[xUnit.net 00:00:08.44]       Expected ((int)second.StatusCode) to be one of {400, 409} because double check-in should return a client error, never 500, but found 422.
[xUnit.net 00:00:08.44]       Stack Trace:
[xUnit.net 00:00:08.44]            at FluentAssertions.Execution.XUnit2TestFramework.Throw(String message)
[xUnit.net 00:00:08.44]            at FluentAssertions.Execution.TestFrameworkProvider.Throw(String message)
[xUnit.net 00:00:08.44]            at FluentAssertions.Execution.DefaultAssertionStrategy.HandleFailure(String message)
[xUnit.net 00:00:08.44]            at FluentAssertions.Execution.AssertionScope.FailWith(Func`1 failReasonFunc)
[xUnit.net 00:00:08.44]            at FluentAssertions.Execution.AssertionScope.FailWith(Func`1 failReasonFunc)
[xUnit.net 00:00:08.44]            at FluentAssertions.Execution.AssertionScope.FailWith(String message, Object[] args)
[xUnit.net 00:00:08.44]            at FluentAssertions.Numeric.NumericAssertions`2.BeOneOf(IEnumerable`1 validValues, String because, Object[] becauseArgs)
[xUnit.net 00:00:08.44]         C:\Users\la6ke\Projects\ATTENDING\backend\tests\ATTENDING.Integration.Tests\Api\E2EClinicalWorkflowTests.cs(287,0): at ATTENDING.Integration.Tests.Api.E2EClinicalWorkflowTests.EncounterCheckIn_DoubleCheckIn_ReturnsBadRequest()
[xUnit.net 00:00:08.44]         --- End of stack trace from previous location ---
[10:49:08 WRN] HTTP POST /api/v1/patients responded 409 in 1.0204 ms
[10:49:08 WRN] HTTP POST /api/v1/patients responded 409 in 1.0204 ms
  Passed ATTENDING.Integration.Tests.Api.MultiTenantIsolationTests.TenantIsolation_PatientCounts_AreIndependent [294 ms]
  Failed ATTENDING.Integration.Tests.Api.E2EClinicalWorkflowTests.EncounterCheckIn_DoubleCheckIn_ReturnsBadRequest [20 ms]
  Error Message:
   Expected ((int)second.StatusCode) to be one of {400, 409} because double check-in should return a client error, never 500, but found 422.
  Stack Trace:
     at FluentAssertions.Execution.XUnit2TestFramework.Throw(String message)
   at FluentAssertions.Execution.TestFrameworkProvider.Throw(String message)
   at FluentAssertions.Execution.DefaultAssertionStrategy.HandleFailure(String message)
   at FluentAssertions.Execution.AssertionScope.FailWith(Func`1 failReasonFunc)
   at FluentAssertions.Execution.AssertionScope.FailWith(Func`1 failReasonFunc)
   at FluentAssertions.Execution.AssertionScope.FailWith(String message, Object[] args)
   at FluentAssertions.Numeric.NumericAssertions`2.BeOneOf(IEnumerable`1 validValues, String because, Object[] becauseArgs)
[xUnit.net 00:00:08.44]     
ATTENDING.Integration.Tests.Api.E2EClinicalWorkflowTests.EncounterCheckIn_DoubleCheckIn_ReturnsBadRequest [FAIL]
[xUnit.net 00:00:08.64]     
ATTENDING.Integration.Tests.Api.ControllerIntegrationTests.Encounters_Workflow_CheckIn_Start_Complete [FAIL]
   at ATTENDING.Integration.Tests.Api.E2EClinicalWorkflowTests.EncounterCheckIn_DoubleCheckIn_ReturnsBadRequest() in C:\Users\la6ke\Projects\ATTENDING\backend\tests\ATTENDING.Integration.Tests\Api\E2EClinicalWorkflowTests.cs:line 287
--- End of stack trace from previous location ---
  Passed ATTENDING.Integration.Tests.Api.ApiSmokeTests.ListEndpoints_ShouldNotReturn500(endpoint: "/api/v1/assessments/red-flags") [20 ms]
  Passed ATTENDING.Integration.Tests.Api.E2EClinicalWorkflowTests.PatientRegistration_Idempotent_DuplicateMrnRejected [4 ms]
  Passed ATTENDING.Integration.Tests.Api.ApiSmokeTests.ListEndpoints_ShouldNotReturn500(endpoint: "/api/v1/analytics/quality/dashboard") [22 ms]
  Passed ATTENDING.Integration.Tests.Api.AuditTrailTests.NonAuditableEndpoints_ShouldNotGenerateAuditEntries [133 ms]
[10:49:08 WRN] HTTP POST /api/v1/patients responded 400 in 148.5588 ms
[10:49:08 WRN] HTTP POST /api/v1/patients responded 400 in 148.5588 ms
[10:49:08 WRN] HTTP POST /api/v1/patients responded 400 in 2.2708 ms
[10:49:08 WRN] HTTP POST /api/v1/patients responded 400 in 2.2708 ms
[10:49:08 WRN] HTTP GET /api/v1/encounters/1659174a-52ad-4d89-a4b2-b63bd1df4f25 responded 404 in 7.1737 ms
[10:49:08 WRN] HTTP GET /api/v1/encounters/1659174a-52ad-4d89-a4b2-b63bd1df4f25 responded 404 in 7.1737 ms
[xUnit.net 00:00:08.64]       Expected fetched.StatusCode to be HttpStatusCode.OK {value: 200}, but found HttpStatusCode.NotFound {value: 404}.
[xUnit.net 00:00:08.64]       Stack Trace:
[xUnit.net 00:00:08.64]            at FluentAssertions.Execution.XUnit2TestFramework.Throw(String message)
[xUnit.net 00:00:08.64]            at FluentAssertions.Execution.TestFrameworkProvider.Throw(String message)
[xUnit.net 00:00:08.64]            at FluentAssertions.Execution.DefaultAssertionStrategy.HandleFailure(String message)
[xUnit.net 00:00:08.64]            at FluentAssertions.Execution.AssertionScope.FailWith(Func`1 failReasonFunc)
[xUnit.net 00:00:08.64]            at FluentAssertions.Execution.AssertionScope.FailWith(Func`1 failReasonFunc)
[xUnit.net 00:00:08.64]            at FluentAssertions.Execution.AssertionScope.FailWith(String message, Object[] args)
[xUnit.net 00:00:08.64]            at FluentAssertions.Primitives.EnumAssertions`2.Be(TEnum expected, String because, Object[] becauseArgs)
[xUnit.net 00:00:08.64]         C:\Users\la6ke\Projects\ATTENDING\backend\tests\ATTENDING.Integration.Tests\Api\ControllerIntegrationTests.cs(277,0): at ATTENDING.Integration.Tests.Api.ControllerIntegrationTests.Encounters_Workflow_CheckIn_Start_Complete()
[xUnit.net 00:00:08.64]         --- End of stack trace from previous location ---
  Passed ATTENDING.Integration.Tests.Api.SecurityRegressionTests.PostEndpoints_OversizedBody_ShouldReturn413Or400 [155 ms]
  Passed ATTENDING.Integration.Tests.Api.SecurityRegressionTests.PostEndpoints_NullBody_ShouldReturn400 [4 ms]
  Passed ATTENDING.Integration.Tests.Api.SecurityRegressionTests.Responses_ShouldNotExposeServerInformation [11 ms]
  Passed ATTENDING.Integration.Tests.Api.ApiSmokeTests.ListEndpoints_ShouldNotReturn500(endpoint: "/api/v1/ai/feedback/stats") [137 ms]
  Passed ATTENDING.Integration.Tests.Api.ApiSmokeTests.HealthCheck_ShouldReturnOk [17 ms]
  Failed ATTENDING.Integration.Tests.Api.ControllerIntegrationTests.Encounters_Workflow_CheckIn_Start_Complete [207 ms]
  Error Message:
   Expected fetched.StatusCode to be HttpStatusCode.OK {value: 200}, but found HttpStatusCode.NotFound {value: 404}.
  Stack Trace:
     at FluentAssertions.Execution.XUnit2TestFramework.Throw(String message)
   at FluentAssertions.Execution.TestFrameworkProvider.Throw(String message)
   at FluentAssertions.Execution.DefaultAssertionStrategy.HandleFailure(String message)
   at FluentAssertions.Execution.AssertionScope.FailWith(Func`1 failReasonFunc)
   at FluentAssertions.Execution.AssertionScope.FailWith(Func`1 failReasonFunc)
   at FluentAssertions.Execution.AssertionScope.FailWith(String message, Object[] args)
   at FluentAssertions.Primitives.EnumAssertions`2.Be(TEnum expected, String because, Object[] becauseArgs)
   at ATTENDING.Integration.Tests.Api.ControllerIntegrationTests.Encounters_Workflow_CheckIn_Start_Complete() in C:\Users\la6ke\Projects\ATTENDING\backend\tests\ATTENDING.Integration.Tests\Api\ControllerIntegrationTests.cs:line 277
--- End of stack trace from previous location ---
  Passed ATTENDING.Integration.Tests.Api.AuditTrailTests.PatientCreate_ShouldGenerateAuditEntry [76 ms]
  Passed ATTENDING.Integration.Tests.Api.E2EClinicalWorkflowTests.AssessmentWorkflow_CompleteLifecycle_ShouldSucceed [210 ms]
[10:49:08 WRN] HTTP POST /api/v1/encounters/8e97682c-3067-4bd3-9058-d253167452e2/complete responded 422 in 1.1619 ms
[10:49:08 WRN] HTTP POST /api/v1/encounters/8e97682c-3067-4bd3-9058-d253167452e2/complete responded 422 in 1.1619 ms
  Passed ATTENDING.Integration.Tests.Api.ControllerIntegrationTests.Assessments_RedFlags_ShouldReturn200 [23 ms]
  Passed ATTENDING.Integration.Tests.Api.ControllerIntegrationTests.SystemPing_ShouldReturnPong [6 ms]
  Passed ATTENDING.Integration.Tests.Api.ControllerIntegrationTests.Encounters_Create_NonExistentPatient_ShouldReturn404 [2 ms]
  Passed ATTENDING.Integration.Tests.Api.ControllerIntegrationTests.Encounters_TodaysSchedule_ShouldReturn200 [11 ms]
  Passed ATTENDING.Integration.Tests.Api.E2EClinicalWorkflowTests.EncounterStateTransitions_InvalidTransitions_Return400 [25 ms]
  Passed ATTENDING.Integration.Tests.Api.MiddlewareTests.Swagger_InTestingEnv_ShouldReturn200 [599 ms]
  Passed ATTENDING.Integration.Tests.Api.MiddlewareTests.Requests_ShouldHaveApiVersionHeader [1 ms]
[10:49:08 WRN] HTTP GET /api/v1/patients/88ffc88a-93ab-403f-983d-5211232f6129 responded 404 in 1.2130 ms
[10:49:08 WRN] HTTP GET /api/v1/patients/88ffc88a-93ab-403f-983d-5211232f6129 responded 404 in 1.2130 ms
[10:49:08 ERR] Unhandled exception for AddAllergyCommand
Microsoft.EntityFrameworkCore.DbUpdateConcurrencyException: Attempted to update or delete an entity that does not exist in the store.
   at Microsoft.EntityFrameworkCore.InMemory.Storage.Internal.InMemoryTable`1.Update(IUpdateEntry entry, IDiagnosticsLogger`1 updateLogger)
   at Microsoft.EntityFrameworkCore.InMemory.Storage.Internal.InMemoryStore.ExecuteTransaction(IList`1 entries, IDiagnosticsLogger`1 updateLogger)
   at Microsoft.EntityFrameworkCore.InMemory.Storage.Internal.InMemoryDatabase.SaveChangesAsync(IList`1 entries, CancellationToken cancellationToken)
   at Microsoft.EntityFrameworkCore.ChangeTracking.Internal.StateManager.SaveChangesAsync(IList`1 entriesToSave, CancellationToken cancellationToken)
   at Microsoft.EntityFrameworkCore.ChangeTracking.Internal.StateManager.SaveChangesAsync(StateManager stateManager, Boolean acceptAllChangesOnSuccess, CancellationToken cancellationToken)
   at Microsoft.EntityFrameworkCore.DbContext.SaveChangesAsync(Boolean acceptAllChangesOnSuccess, CancellationToken cancellationToken)
   at ATTENDING.Infrastructure.Data.AttendingDbContext.SaveChangesAsync(CancellationToken cancellationToken) in C:\Users\la6ke\Projects\ATTENDING\backend\src\ATTENDING.Infrastructure\Data\AttendingDbContext.cs:line 204
   at ATTENDING.Application.Commands.Patients.AddAllergyHandler.Handle(AddAllergyCommand cmd, CancellationToken ct) in C:\Users\la6ke\Projects\ATTENDING\backend\src\ATTENDING.Application\Commands\Patients\PatientHandlers.cs:line 56
   at ATTENDING.Application.Behaviors.LoggingBehavior`2.Handle(TRequest request, RequestHandlerDelegate`1 next, CancellationToken cancellationToken) in C:\Users\la6ke\Projects\ATTENDING\backend\src\ATTENDING.Application\Behaviors\PipelineBehaviors.cs:line 79
   at ATTENDING.Application.Behaviors.ValidationBehavior`2.Handle(TRequest request, RequestHandlerDelegate`1 next, CancellationToken cancellationToken) in C:\Users\la6ke\Projects\ATTENDING\backend\src\ATTENDING.Application\Behaviors\PipelineBehaviors.cs:line 54
   at ATTENDING.Application.Behaviors.InputSanitizationBehavior`2.Handle(TRequest request, RequestHandlerDelegate`1 next, CancellationToken cancellationToken) in C:\Users\la6ke\Projects\ATTENDING\backend\src\ATTENDING.Application\Behaviors\InputSanitizationBehavior.cs:line 65
   at ATTENDING.Application.Behaviors.PerformanceBehavior`2.Handle(TRequest request, RequestHandlerDelegate`1 next, CancellationToken cancellationToken) in C:\Users\la6ke\Projects\ATTENDING\backend\src\ATTENDING.Application\Behaviors\PipelineBehaviors.cs:line 108
   at ATTENDING.Application.Behaviors.UnhandledExceptionBehavior`2.Handle(TRequest request, RequestHandlerDelegate`1 next, CancellationToken cancellationToken) in C:\Users\la6ke\Projects\ATTENDING\backend\src\ATTENDING.Application\Behaviors\PipelineBehaviors.cs:line 147
[10:49:08 ERR] Unhandled exception for AddAllergyCommand
Microsoft.EntityFrameworkCore.DbUpdateConcurrencyException: Attempted to update or delete an entity that does not exist in the store.
   at Microsoft.EntityFrameworkCore.InMemory.Storage.Internal.InMemoryTable`1.Update(IUpdateEntry entry, IDiagnosticsLogger`1 updateLogger)
   at Microsoft.EntityFrameworkCore.InMemory.Storage.Internal.InMemoryStore.ExecuteTransaction(IList`1 entries, IDiagnosticsLogger`1 updateLogger)
   at Microsoft.EntityFrameworkCore.InMemory.Storage.Internal.InMemoryDatabase.SaveChangesAsync(IList`1 entries, CancellationToken cancellationToken)
   at Microsoft.EntityFrameworkCore.ChangeTracking.Internal.StateManager.SaveChangesAsync(IList`1 entriesToSave, CancellationToken cancellationToken)
   at Microsoft.EntityFrameworkCore.ChangeTracking.Internal.StateManager.SaveChangesAsync(StateManager stateManager, Boolean acceptAllChangesOnSuccess, CancellationToken cancellationToken)
   at Microsoft.EntityFrameworkCore.DbContext.SaveChangesAsync(Boolean acceptAllChangesOnSuccess, CancellationToken cancellationToken)
   at ATTENDING.Infrastructure.Data.AttendingDbContext.SaveChangesAsync(CancellationToken cancellationToken) in C:\Users\la6ke\Projects\ATTENDING\backend\src\ATTENDING.Infrastructure\Data\AttendingDbContext.cs:line 204
   at ATTENDING.Application.Commands.Patients.AddAllergyHandler.Handle(AddAllergyCommand cmd, CancellationToken ct) in C:\Users\la6ke\Projects\ATTENDING\backend\src\ATTENDING.Application\Commands\Patients\PatientHandlers.cs:line 56
   at ATTENDING.Application.Behaviors.LoggingBehavior`2.Handle(TRequest request, RequestHandlerDelegate`1 next, CancellationToken cancellationToken) in C:\Users\la6ke\Projects\ATTENDING\backend\src\ATTENDING.Application\Behaviors\PipelineBehaviors.cs:line 79
   at ATTENDING.Application.Behaviors.ValidationBehavior`2.Handle(TRequest request, RequestHandlerDelegate`1 next, CancellationToken cancellationToken) in C:\Users\la6ke\Projects\ATTENDING\backend\src\ATTENDING.Application\Behaviors\PipelineBehaviors.cs:line 54
   at ATTENDING.Application.Behaviors.InputSanitizationBehavior`2.Handle(TRequest request, RequestHandlerDelegate`1 next, CancellationToken cancellationToken) in C:\Users\la6ke\Projects\ATTENDING\backend\src\ATTENDING.Application\Behaviors\InputSanitizationBehavior.cs:line 65
   at ATTENDING.Application.Behaviors.PerformanceBehavior`2.Handle(TRequest request, RequestHandlerDelegate`1 next, CancellationToken cancellationToken) in C:\Users\la6ke\Projects\ATTENDING\backend\src\ATTENDING.Application\Behaviors\PipelineBehaviors.cs:line 108
   at ATTENDING.Application.Behaviors.UnhandledExceptionBehavior`2.Handle(TRequest request, RequestHandlerDelegate`1 next, CancellationToken cancellationToken) in C:\Users\la6ke\Projects\ATTENDING\backend\src\ATTENDING.Application\Behaviors\PipelineBehaviors.cs:line 147
[10:49:08 WRN] Concurrency conflict for AddAllergyCommand
Microsoft.EntityFrameworkCore.DbUpdateConcurrencyException: Attempted to update or delete an entity that does not exist in the store.
   at Microsoft.EntityFrameworkCore.InMemory.Storage.Internal.InMemoryTable`1.Update(IUpdateEntry entry, IDiagnosticsLogger`1 updateLogger)
   at Microsoft.EntityFrameworkCore.InMemory.Storage.Internal.InMemoryStore.ExecuteTransaction(IList`1 entries, IDiagnosticsLogger`1 updateLogger)
[xUnit.net 00:00:08.72]     
ATTENDING.Integration.Tests.Api.ControllerIntegrationTests.Patients_AddAllergy_ValidRequest_ShouldReturn201 [FAIL]
   at Microsoft.EntityFrameworkCore.InMemory.Storage.Internal.InMemoryDatabase.SaveChangesAsync(IList`1 entries, CancellationToken cancellationToken)
   at Microsoft.EntityFrameworkCore.ChangeTracking.Internal.StateManager.SaveChangesAsync(IList`1 entriesToSave, CancellationToken cancellationToken)
   at Microsoft.EntityFrameworkCore.ChangeTracking.Internal.StateManager.SaveChangesAsync(StateManager stateManager, Boolean acceptAllChangesOnSuccess, CancellationToken cancellationToken)
   at Microsoft.EntityFrameworkCore.DbContext.SaveChangesAsync(Boolean acceptAllChangesOnSuccess, CancellationToken cancellationToken)
   at ATTENDING.Infrastructure.Data.AttendingDbContext.SaveChangesAsync(CancellationToken cancellationToken) in C:\Users\la6ke\Projects\ATTENDING\backend\src\ATTENDING.Infrastructure\Data\AttendingDbContext.cs:line 204
   at ATTENDING.Application.Commands.Patients.AddAllergyHandler.Handle(AddAllergyCommand cmd, CancellationToken ct) in C:\Users\la6ke\Projects\ATTENDING\backend\src\ATTENDING.Application\Commands\Patients\PatientHandlers.cs:line 56
   at ATTENDING.Application.Behaviors.LoggingBehavior`2.Handle(TRequest request, RequestHandlerDelegate`1 next, CancellationToken cancellationToken) in C:\Users\la6ke\Projects\ATTENDING\backend\src\ATTENDING.Application\Behaviors\PipelineBehaviors.cs:line 79
   at ATTENDING.Application.Behaviors.ValidationBehavior`2.Handle(TRequest request, RequestHandlerDelegate`1 next, CancellationToken cancellationToken) in C:\Users\la6ke\Projects\ATTENDING\backend\src\ATTENDING.Application\Behaviors\PipelineBehaviors.cs:line 54
   at ATTENDING.Application.Behaviors.InputSanitizationBehavior`2.Handle(TRequest request, RequestHandlerDelegate`1 next, CancellationToken cancellationToken) in C:\Users\la6ke\Projects\ATTENDING\backend\src\ATTENDING.Application\Behaviors\InputSanitizationBehavior.cs:line 65
   at ATTENDING.Application.Behaviors.PerformanceBehavior`2.Handle(TRequest request, RequestHandlerDelegate`1 next, CancellationToken cancellationToken) in C:\Users\la6ke\Projects\ATTENDING\backend\src\ATTENDING.Application\Behaviors\PipelineBehaviors.cs:line 108
   at ATTENDING.Application.Behaviors.UnhandledExceptionBehavior`2.Handle(TRequest request, RequestHandlerDelegate`1 next, CancellationToken cancellationToken) in C:\Users\la6ke\Projects\ATTENDING\backend\src\ATTENDING.Application\Behaviors\PipelineBehaviors.cs:line 147
   at ATTENDING.Application.Behaviors.ConcurrencyExceptionBehavior`2.Handle(TRequest request, RequestHandlerDelegate`1 next, CancellationToken cancellationToken) in C:\Users\la6ke\Projects\ATTENDING\backend\src\ATTENDING.Application\Behaviors\PipelineBehaviors.cs:line 179
[10:49:08 WRN] Concurrency conflict for AddAllergyCommand
Microsoft.EntityFrameworkCore.DbUpdateConcurrencyException: Attempted to update or delete an entity that does not exist in the store.
   at Microsoft.EntityFrameworkCore.InMemory.Storage.Internal.InMemoryTable`1.Update(IUpdateEntry entry, IDiagnosticsLogger`1 updateLogger)
   at Microsoft.EntityFrameworkCore.InMemory.Storage.Internal.InMemoryStore.ExecuteTransaction(IList`1 entries, IDiagnosticsLogger`1 updateLogger)
   at Microsoft.EntityFrameworkCore.InMemory.Storage.Internal.InMemoryDatabase.SaveChangesAsync(IList`1 entries, CancellationToken cancellationToken)
   at Microsoft.EntityFrameworkCore.ChangeTracking.Internal.StateManager.SaveChangesAsync(IList`1 entriesToSave, CancellationToken cancellationToken)
   at Microsoft.EntityFrameworkCore.ChangeTracking.Internal.StateManager.SaveChangesAsync(StateManager stateManager, Boolean acceptAllChangesOnSuccess, CancellationToken cancellationToken)
   at Microsoft.EntityFrameworkCore.DbContext.SaveChangesAsync(Boolean acceptAllChangesOnSuccess, CancellationToken cancellationToken)
   at ATTENDING.Infrastructure.Data.AttendingDbContext.SaveChangesAsync(CancellationToken cancellationToken) in C:\Users\la6ke\Projects\ATTENDING\backend\src\ATTENDING.Infrastructure\Data\AttendingDbContext.cs:line 204
   at ATTENDING.Application.Commands.Patients.AddAllergyHandler.Handle(AddAllergyCommand cmd, CancellationToken ct) in C:\Users\la6ke\Projects\ATTENDING\backend\src\ATTENDING.Application\Commands\Patients\PatientHandlers.cs:line 56
   at ATTENDING.Application.Behaviors.LoggingBehavior`2.Handle(TRequest request, RequestHandlerDelegate`1 next, CancellationToken cancellationToken) in C:\Users\la6ke\Projects\ATTENDING\backend\src\ATTENDING.Application\Behaviors\PipelineBehaviors.cs:line 79
   at ATTENDING.Application.Behaviors.ValidationBehavior`2.Handle(TRequest request, RequestHandlerDelegate`1 next, CancellationToken cancellationToken) in C:\Users\la6ke\Projects\ATTENDING\backend\src\ATTENDING.Application\Behaviors\PipelineBehaviors.cs:line 54
   at ATTENDING.Application.Behaviors.InputSanitizationBehavior`2.Handle(TRequest request, RequestHandlerDelegate`1 next, CancellationToken cancellationToken) in C:\Users\la6ke\Projects\ATTENDING\backend\src\ATTENDING.Application\Behaviors\InputSanitizationBehavior.cs:line 65
   at ATTENDING.Application.Behaviors.PerformanceBehavior`2.Handle(TRequest request, RequestHandlerDelegate`1 next, CancellationToken cancellationToken) in C:\Users\la6ke\Projects\ATTENDING\backend\src\ATTENDING.Application\Behaviors\PipelineBehaviors.cs:line 108
   at ATTENDING.Application.Behaviors.UnhandledExceptionBehavior`2.Handle(TRequest request, RequestHandlerDelegate`1 next, CancellationToken cancellationToken) in C:\Users\la6ke\Projects\ATTENDING\backend\src\ATTENDING.Application\Behaviors\PipelineBehaviors.cs:line 147
   at ATTENDING.Application.Behaviors.ConcurrencyExceptionBehavior`2.Handle(TRequest request, RequestHandlerDelegate`1 next, CancellationToken cancellationToken) in C:\Users\la6ke\Projects\ATTENDING\backend\src\ATTENDING.Application\Behaviors\PipelineBehaviors.cs:line 179
[xUnit.net 00:00:08.72]       Expected response.StatusCode to be HttpStatusCode.Created {value: 201}, but found HttpStatusCode.Conflict {value: 409}.
[xUnit.net 00:00:08.72]       Stack Trace:
[xUnit.net 00:00:08.72]            at FluentAssertions.Execution.XUnit2TestFramework.Throw(String message)
[xUnit.net 00:00:08.72]            at FluentAssertions.Execution.TestFrameworkProvider.Throw(String message)
[xUnit.net 00:00:08.72]            at FluentAssertions.Execution.DefaultAssertionStrategy.HandleFailure(String message)
[xUnit.net 00:00:08.72]            at FluentAssertions.Execution.AssertionScope.FailWith(Func`1 failReasonFunc)
[xUnit.net 00:00:08.72]            at FluentAssertions.Execution.AssertionScope.FailWith(Func`1 failReasonFunc)
[xUnit.net 00:00:08.72]            at FluentAssertions.Execution.AssertionScope.FailWith(String message, Object[] args)
[xUnit.net 00:00:08.72]            at FluentAssertions.Primitives.EnumAssertions`2.Be(TEnum expected, String because, Object[] becauseArgs)
[xUnit.net 00:00:08.72]         C:\Users\la6ke\Projects\ATTENDING\backend\tests\ATTENDING.Integration.Tests\Api\ControllerIntegrationTests.cs(180,0): at ATTENDING.Integration.Tests.Api.ControllerIntegrationTests.Patients_AddAllergy_ValidRequest_ShouldReturn201()
[xUnit.net 00:00:08.72]         --- End of stack trace from previous location ---
  Passed ATTENDING.Integration.Tests.Api.MiddlewareTests.SecurityHeaders_XContentTypeOptions_ShouldBeNoSniff [1 ms]
  Passed ATTENDING.Integration.Tests.Api.E2EClinicalWorkflowTests.EmergencyEscalation_ChestPain_LabUpgradedToStat [22 ms]
  Passed ATTENDING.Integration.Tests.Api.MiddlewareTests.CorrelationId_WhenNotProvided_ShouldBeGenerated [1 ms]
  Passed ATTENDING.Integration.Tests.Api.MiddlewareTests.Requests_ShouldHaveSecurityHeaders [1 ms]
  Failed ATTENDING.Integration.Tests.Api.ControllerIntegrationTests.Patients_AddAllergy_ValidRequest_ShouldReturn201 [35 ms]
  Error Message:
   Expected response.StatusCode to be HttpStatusCode.Created {value: 201}, but found HttpStatusCode.Conflict {value: 409}.
  Stack Trace:
     at FluentAssertions.Execution.XUnit2TestFramework.Throw(String message)
   at FluentAssertions.Execution.TestFrameworkProvider.Throw(String message)
   at FluentAssertions.Execution.DefaultAssertionStrategy.HandleFailure(String message)
   at FluentAssertions.Execution.AssertionScope.FailWith(Func`1 failReasonFunc)
   at FluentAssertions.Execution.AssertionScope.FailWith(Func`1 failReasonFunc)
   at FluentAssertions.Execution.AssertionScope.FailWith(String message, Object[] args)
   at FluentAssertions.Primitives.EnumAssertions`2.Be(TEnum expected, String because, Object[] becauseArgs)
[xUnit.net 00:00:08.76]     
ATTENDING.Integration.Tests.Api.E2EClinicalWorkflowTests.PatientIntake_WithAllergies_ShouldPersistAndBeRetrievable 
[FAIL]
   at ATTENDING.Integration.Tests.Api.ControllerIntegrationTests.Patients_AddAllergy_ValidRequest_ShouldReturn201() in C:\Users\la6ke\Projects\ATTENDING\backend\tests\ATTENDING.Integration.Tests\Api\ControllerIntegrationTests.cs:line 180
--- End of stack trace from previous location ---
  Passed ATTENDING.Integration.Tests.Api.E2EClinicalWorkflowTests.Operations_OnNonExistentResources_Return404NotServer500 [20 ms]
  Passed ATTENDING.Integration.Tests.Api.ControllerIntegrationTests.Assessments_PendingReview_ShouldReturn200 [9 ms]
  Passed ATTENDING.Integration.Tests.Api.ControllerIntegrationTests.SystemVersion_ShouldReturnVersionInfo [6 ms]
[xUnit.net 00:00:08.76]       Expected allergy1.StatusCode to be HttpStatusCode.Created {value: 201}, but found HttpStatusCode.Conflict {value: 409}.
[xUnit.net 00:00:08.76]       Stack Trace:
[xUnit.net 00:00:08.76]            at FluentAssertions.Execution.XUnit2TestFramework.Throw(String message)
[xUnit.net 00:00:08.76]            at FluentAssertions.Execution.TestFrameworkProvider.Throw(String message)
[xUnit.net 00:00:08.76]            at FluentAssertions.Execution.DefaultAssertionStrategy.HandleFailure(String message)
[xUnit.net 00:00:08.76]            at FluentAssertions.Execution.AssertionScope.FailWith(Func`1 failReasonFunc)
[xUnit.net 00:00:08.77]            at FluentAssertions.Execution.AssertionScope.FailWith(Func`1 failReasonFunc)
[xUnit.net 00:00:08.77]            at FluentAssertions.Execution.AssertionScope.FailWith(String message, Object[] args)
[xUnit.net 00:00:08.77]            at FluentAssertions.Primitives.EnumAssertions`2.Be(TEnum expected, String because, Object[] becauseArgs)
[xUnit.net 00:00:08.77]         C:\Users\la6ke\Projects\ATTENDING\backend\tests\ATTENDING.Integration.Tests\Api\E2EClinicalWorkflowTests.cs(181,0): at ATTENDING.Integration.Tests.Api.E2EClinicalWorkflowTests.PatientIntake_WithAllergies_ShouldPersistAndBeRetrievable()
[xUnit.net 00:00:08.77]         --- End of stack trace from previous location ---
  Passed ATTENDING.Integration.Tests.Api.ControllerIntegrationTests.Patients_AddAllergy_InvalidSeverity_ShouldReturn400 [9 ms]
  Passed ATTENDING.Integration.Tests.Api.ControllerIntegrationTests.Endpoints_ShouldReturnJsonContentType [3 ms]
  Passed ATTENDING.Integration.Tests.Api.ImagingMedicationsReferralsControllerTests.ImagingOrders_Create_ThenGetByPatient_ShouldReturnOrder [333 ms]
  Passed ATTENDING.Integration.Tests.Api.ControllerIntegrationTests.Health_Live_ShouldReturn200 [4 ms]
  Passed ATTENDING.Integration.Tests.Api.ControllerIntegrationTests.Encounters_GetById_NotFound_ShouldReturn404 [6 ms]
  Failed ATTENDING.Integration.Tests.Api.E2EClinicalWorkflowTests.PatientIntake_WithAllergies_ShouldPersistAndBeRetrievable [37 ms]
  Error Message:
   Expected allergy1.StatusCode to be HttpStatusCode.Created {value: 201}, but found HttpStatusCode.Conflict {value: 409}.
  Stack Trace:
     at FluentAssertions.Execution.XUnit2TestFramework.Throw(String message)
   at FluentAssertions.Execution.TestFrameworkProvider.Throw(String message)
   at FluentAssertions.Execution.DefaultAssertionStrategy.HandleFailure(String message)
   at FluentAssertions.Execution.AssertionScope.FailWith(Func`1 failReasonFunc)
   at FluentAssertions.Execution.AssertionScope.FailWith(Func`1 failReasonFunc)
   at FluentAssertions.Execution.AssertionScope.FailWith(String message, Object[] args)
   at FluentAssertions.Primitives.EnumAssertions`2.Be(TEnum expected, String because, Object[] becauseArgs)
   at ATTENDING.Integration.Tests.Api.E2EClinicalWorkflowTests.PatientIntake_WithAllergies_ShouldPersistAndBeRetrievable() in C:\Users\la6ke\Projects\ATTENDING\backend\tests\ATTENDING.Integration.Tests\Api\E2EClinicalWorkflowTests.cs:line 181
--- End of stack trace from previous location ---
  Passed ATTENDING.Integration.Tests.Api.ControllerIntegrationTests.LabOrders_Pending_ShouldReturn200 [15 ms]
  Passed ATTENDING.Integration.Tests.Api.ControllerIntegrationTests.Encounters_Create_ValidRequest_ShouldReturn201 [18 ms]
  Passed ATTENDING.Integration.Tests.Api.ApiSmokeTests.SwaggerEndpoint_ShouldRespond [171 ms]
  Passed ATTENDING.Integration.Tests.Api.MultiTenantIsolationTests.TenantA_CannotAccess_TenantB_PatientById [367 ms]
  Passed ATTENDING.Integration.Tests.Api.ControllerIntegrationTests.Patients_Search_EmptyQuery_ShouldReturn200 [13 ms]
  Passed ATTENDING.Integration.Tests.Api.ImagingMedicationsReferralsControllerTests.Medications_GetByEncounter_ShouldReturn200 [54 ms]
  Passed ATTENDING.Integration.Tests.Api.ControllerIntegrationTests.CacheStats_ShouldReturn200 [11 ms]
  Passed ATTENDING.Integration.Tests.Api.ControllerIntegrationTests.Patients_Search_ShouldReturn200WithPagedResult [3 ms]
  Passed ATTENDING.Integration.Tests.Api.ControllerIntegrationTests.Patients_Create_ThenGetByMrn_ShouldSucceed [11 ms]
  Passed ATTENDING.Integration.Tests.Api.ImagingMedicationsReferralsControllerTests.Referrals_GetPending_ShouldReturn200 [72 ms]
[10:49:08 WRN] HTTP POST /api/v1/imagingorders/8d25a73e-d90d-40b3-ae51-94618887b839/cancel responded 404 in 21.7330 ms
[10:49:08 WRN] HTTP POST /api/v1/imagingorders/8d25a73e-d90d-40b3-ae51-94618887b839/cancel responded 404 in 21.7330 ms
[10:49:08 WRN] HTTP POST /api/v1/medications responded 404 in 2.2119 ms
[10:49:08 WRN] HTTP POST /api/v1/medications responded 404 in 2.2119 ms
[10:49:08 WRN] Failed to determine the https port for redirect.
[10:49:08 WRN] Failed to determine the https port for redirect.
  Passed ATTENDING.Integration.Tests.Api.ImagingMedicationsReferralsControllerTests.ImagingOrders_Cancel_NotFound_ShouldReturn404 [24 ms]
  Passed ATTENDING.Integration.Tests.Api.ImagingMedicationsReferralsControllerTests.Medications_Create_PatientNotFound_ShouldReturn404 [4 ms]
  Passed ATTENDING.Integration.Tests.Api.ImagingMedicationsReferralsControllerTests.ImagingOrders_GetByEncounter_ShouldReturn200 [20 ms]
  Passed ATTENDING.Integration.Tests.Api.ImagingMedicationsReferralsControllerTests.ImagingOrders_RadiationDose_ShouldReturn200 [23 ms]
  Passed ATTENDING.Integration.Tests.Api.MultiTenantIsolationTests.TenantA_Patient_NotVisibleInTenantB_Search [166 ms]
  Passed ATTENDING.Integration.Tests.Api.ImagingMedicationsReferralsControllerTests.Medications_GetByPatient_ShouldReturn200 [23 ms]
  Passed ATTENDING.Integration.Tests.Api.ImagingMedicationsReferralsControllerTests.Medications_Create_ThenDiscontinue_ShouldReturn204 [34 ms]
  Passed ATTENDING.Integration.Tests.Api.ImagingMedicationsReferralsControllerTests.Medications_CheckInteractions_ValidPatient_ShouldReturn200 [17 ms]
  Passed ATTENDING.Integration.Tests.Api.ImagingMedicationsReferralsControllerTests.Medications_Create_ValidRequest_ShouldReturn201 [14 ms]
[10:49:09 WRN] HTTP GET /api/v1/medications/3f17f9ba-3fda-4420-b83b-3b2a57beda59 responded 404 in 2.2164 ms
[10:49:09 WRN] HTTP GET /api/v1/medications/3f17f9ba-3fda-4420-b83b-3b2a57beda59 responded 404 in 2.2164 ms
[10:49:09 WRN] HTTP POST /api/v1/referrals responded 404 in 1.6596 ms
[10:49:09 WRN] HTTP POST /api/v1/referrals responded 404 in 1.6596 ms
[10:49:09 WRN] HTTP POST /api/v1/medications/patient/5d4ffd78-bc90-4b03-aafc-81359c56501b/check-interactions responded 404 in 1.3758 ms
[10:49:09 WRN] HTTP POST /api/v1/medications/patient/5d4ffd78-bc90-4b03-aafc-81359c56501b/check-interactions responded 404 in 1.3758 ms
  Passed ATTENDING.Integration.Tests.Api.ImagingMedicationsReferralsControllerTests.ImagingOrders_GetByPatient_EmptyResult_ShouldReturn200 [4 ms]
  Passed ATTENDING.Integration.Tests.Api.ImagingMedicationsReferralsControllerTests.Medications_GetActiveByPatient_ShouldReturn200 [12 ms]
  Passed ATTENDING.Integration.Tests.Api.ImagingMedicationsReferralsControllerTests.Referrals_Create_ThenGetById_ShouldSucceed [163 ms]
  Passed ATTENDING.Integration.Tests.Api.ImagingMedicationsReferralsControllerTests.Medications_GetById_NotFound_ShouldReturn404 [4 ms]
  Passed ATTENDING.Integration.Tests.Api.ImagingMedicationsReferralsControllerTests.Referrals_GetByPatient_ShouldReturn200 [40 ms]
  Passed ATTENDING.Integration.Tests.Api.ImagingMedicationsReferralsControllerTests.Referrals_Create_PatientNotFound_ShouldReturn404OrBadRequest [3 ms]
  Passed ATTENDING.Integration.Tests.Api.ImagingMedicationsReferralsControllerTests.ImagingOrders_Create_ValidRequest_ShouldReturn201 [15 ms]
  Passed ATTENDING.Integration.Tests.Api.ImagingMedicationsReferralsControllerTests.ImagingOrders_Create_ThenSchedule_ShouldReturn204 [29 ms]
  Passed ATTENDING.Integration.Tests.Api.ImagingMedicationsReferralsControllerTests.Medications_CheckInteractions_PatientNotFound_ShouldReturn404 [3 ms]
[10:49:09 WRN] HTTP GET /api/v1/referrals/e1ea3fe2-3177-4a15-944f-ad39d788c563 responded 404 in 1.7803 ms
[10:49:09 WRN] HTTP GET /api/v1/referrals/e1ea3fe2-3177-4a15-944f-ad39d788c563 responded 404 in 1.7803 ms
[10:49:09 WRN] HTTP GET /api/v1/imagingorders/485552dd-dbda-4e08-b83d-88a80e905045 responded 404 in 5.2811 ms
[10:49:09 WRN] HTTP GET /api/v1/imagingorders/485552dd-dbda-4e08-b83d-88a80e905045 responded 404 in 5.2811 ms
[10:49:09 WRN] HTTP POST /api/v1/medications/21754e54-5f94-452b-9475-6b6223e359ae/discontinue responded 404 in 1.7903 ms
[10:49:09 WRN] HTTP POST /api/v1/medications/21754e54-5f94-452b-9475-6b6223e359ae/discontinue responded 404 in 1.7903 ms
[xUnit.net 00:00:09.38]   Finished:    ATTENDING.Integration.Tests
  Passed ATTENDING.Integration.Tests.Api.ImagingMedicationsReferralsControllerTests.Referrals_GetById_NotFound_ShouldReturn404 [3 ms]
  Passed ATTENDING.Integration.Tests.Api.ImagingMedicationsReferralsControllerTests.ImagingOrders_GetById_NotFound_ShouldReturn404 [7 ms]
  Passed ATTENDING.Integration.Tests.Api.ImagingMedicationsReferralsControllerTests.Medications_Discontinue_NotFound_ShouldReturn404 [3 ms]
  Passed ATTENDING.Integration.Tests.Api.ImagingMedicationsReferralsControllerTests.ImagingOrders_Create_ThenCancel_ShouldReturn204 [13 ms]
  Passed ATTENDING.Integration.Tests.Api.ImagingMedicationsReferralsControllerTests.Referrals_Create_ValidRequest_ShouldReturn201 [11 ms]
  Passed ATTENDING.Integration.Tests.Api.ImagingMedicationsReferralsControllerTests.ImagingOrders_Create_ThenGetById_ShouldSucceed [13 ms]

Test Run Failed.
Total tests: 385
     Passed: 358
     Failed: 27
 Total time: 11.0044 Seconds
       _VSTestConsole:
         MSB4181: The "VSTestTask" task returned false but did not log an error.
     8>Done Building Project "C:\Users\la6ke\Projects\ATTENDING\backend\tests\ATTENDING.Integration.Tests\ATTENDING.Integration.Tests.csproj" (VSTest target(s)) -- FAILED.
     1>Done Building Project "C:\Users\la6ke\Projects\ATTENDING\backend\ATTENDING.Backend.sln" (VSTest target(s)) -- FAILED.

Build FAILED.
    0 Warning(s)
    0 Error(s)

Time Elapsed 00:00:17.28
